[google-auth] Google OAuth enabled (callback: https://app.builtalliances.com/auth/google/callback)
5:30:13 PM [express] serving on port 3004
5:31:19 PM [express] GET /api/me 401 in 3ms :: {"error":"Não autenticado"}
5:31:49 PM [express] GET /api/me 401 in 1ms :: {"error":"Não autenticado"}
[2m5:31:58 PM[22m [36m[1m[vite][22m[39m [90m[2m(client)[22m[39m [32mhmr update [39m[2m/src/components/browser-permission-help.tsx, /src/index.css[22m
5:32:19 PM [express] GET /api/me 401 in 0ms :: {"error":"Não autenticado"}
5:32:28 PM [express] GET /api/me 401 in 0ms :: {"error":"Não autenticado"}
5:32:59 PM [express] GET /api/me 401 in 1ms :: {"error":"Não autenticado"}
5:33:30 PM [express] GET /api/me 401 in 1ms :: {"error":"Não autenticado"}
5:34:01 PM [express] GET /api/me 401 in 0ms :: {"error":"Não autenticado"}
5:34:32 PM [express] GET /api/me 401 in 0ms :: {"error":"Não autenticado"}
5:35:03 PM [express] GET /api/me 401 in 0ms :: {"error":"Não autenticado"}
5:35:34 PM [express] GET /api/me 401 in 1ms :: {"error":"Não autenticado"}
5:36:05 PM [express] GET /api/me 401 in 0ms :: {"error":"Não autenticado"}
5:36:36 PM [express] GET /api/me 401 in 0ms :: {"error":"Não autenticado"}
5:37:07 PM [express] GET /api/me 401 in 0ms :: {"error":"Não autenticado"}
5:37:38 PM [express] GET /api/me 401 in 0ms :: {"error":"Não autenticado"}
5:38:09 PM [express] GET /api/me 401 in 0ms :: {"error":"Não autenticado"}
5:38:40 PM [express] GET /api/me 401 in 0ms :: {"error":"Não autenticado"}
5:39:11 PM [express] GET /api/me 401 in 0ms :: {"error":"Não autenticado"}
5:39:42 PM [express] GET /api/me 401 in 0ms :: {"error":"Não autenticado"}
5:40:13 PM [express] GET /api/me 401 in 0ms :: {"error":"Não autenticado"}
5:40:44 PM [express] GET /api/me 401 in 0ms :: {"error":"Não autenticado"}
5:41:15 PM [express] GET /api/me 401 in 1ms :: {"error":"Não autenticado"}
5:41:46 PM [express] GET /api/me 401 in 0ms :: {"error":"Não autenticado"}
[2m5:42:12 PM[22m [36m[1m[vite][22m[39m [90m[2m(client)[22m[39m [32mhmr update [39m[2m/src/components/browser-permission-help.tsx, /src/index.css[22m
5:42:17 PM [express] GET /api/me 401 in 1ms :: {"error":"Não autenticado"}
5:42:48 PM [express] GET /api/me 401 in 1ms :: {"error":"Não autenticado"}
5:43:19 PM [express] GET /api/me 401 in 0ms :: {"error":"Não autenticado"}
5:43:50 PM [express] GET /api/me 401 in 1ms :: {"error":"Não autenticado"}
5:44:21 PM [express] GET /api/me 401 in 1ms :: {"error":"Não autenticado"}
5:44:52 PM [express] GET /api/me 401 in 0ms :: {"error":"Não autenticado"}
5:45:23 PM [express] GET /api/me 401 in 0ms :: {"error":"Não autenticado"}
5:45:54 PM [express] GET /api/me 401 in 0ms :: {"error":"Não autenticado"}
5:46:25 PM [express] GET /api/me 401 in 0ms :: {"error":"Não autenticado"}
5:46:56 PM [express] GET /api/me 401 in 0ms :: {"error":"Não autenticado"}
5:47:27 PM [express] GET /api/me 401 in 0ms :: {"error":"Não autenticado"}
5:47:58 PM [express] GET /api/me 401 in 0ms :: {"error":"Não autenticado"}
5:48:29 PM [express] GET /api/me 401 in 0ms :: {"error":"Não autenticado"}
5:49:00 PM [express] GET /api/me 401 in 0ms :: {"error":"Não autenticado"}
5:49:31 PM [express] GET /api/me 401 in 0ms :: {"error":"Não autenticado"}
5:50:02 PM [express] GET /api/me 401 in 1ms :: {"error":"Não autenticado"}
5:50:33 PM [express] GET /api/me 401 in 1ms :: {"error":"Não autenticado"}
5:51:04 PM [express] GET /api/me 401 in 0ms :: {"error":"Não autenticado"}
5:51:35 PM [express] GET /api/me 401 in 0ms :: {"error":"Não autenticado"}
5:52:06 PM [express] GET /api/me 401 in 1ms :: {"error":"Não autenticado"}
5:52:37 PM [express] GET /api/me 401 in 0ms :: {"error":"Não autenticado"}
5:53:08 PM [express] GET /api/me 401 in 0ms :: {"error":"Não autenticado"}
5:53:39 PM [express] GET /api/me 401 in 0ms :: {"error":"Não autenticado"}
5:54:10 PM [express] GET /api/me 401 in 0ms :: {"error":"Não autenticado"}
5:54:41 PM [express] GET /api/me 401 in 1ms :: {"error":"Não autenticado"}
5:55:12 PM [express] GET /api/me 401 in 1ms :: {"error":"Não autenticado"}
5:55:43 PM [express] GET /api/me 401 in 1ms :: {"error":"Não autenticado"}
5:56:14 PM [express] GET /api/me 401 in 0ms :: {"error":"Não autenticado"}
5:56:45 PM [express] GET /api/me 401 in 1ms :: {"error":"Não autenticado"}
5:57:16 PM [express] GET /api/me 401 in 1ms :: {"error":"Não autenticado"}
5:57:47 PM [express] GET /api/me 401 in 1ms :: {"error":"Não autenticado"}
5:58:18 PM [express] GET /api/me 401 in 0ms :: {"error":"Não autenticado"}
5:58:49 PM [express] GET /api/me 401 in 0ms :: {"error":"Não autenticado"}
5:59:20 PM [express] GET /api/me 401 in 0ms :: {"error":"Não autenticado"}
5:59:51 PM [express] GET /api/me 401 in 0ms :: {"error":"Não autenticado"}
6:00:22 PM [express] GET /api/me 401 in 0ms :: {"error":"Não autenticado"}
6:00:53 PM [express] GET /api/me 401 in 0ms :: {"error":"Não autenticado"}
6:01:24 PM [express] GET /api/me 401 in 1ms :: {"error":"Não autenticado"}
6:01:55 PM [express] GET /api/me 401 in 0ms :: {"error":"Não autenticado"}
6:02:26 PM [express] GET /api/me 401 in 1ms :: {"error":"Não autenticado"}
6:02:57 PM [express] GET /api/me 401 in 1ms :: {"error":"Não autenticado"}
6:03:28 PM [express] GET /api/me 401 in 0ms :: {"error":"Não autenticado"}
6:03:59 PM [express] GET /api/me 401 in 0ms :: {"error":"Não autenticado"}
6:04:30 PM [express] GET /api/me 401 in 0ms :: {"error":"Não autenticado"}
6:05:01 PM [express] GET /api/me 401 in 0ms :: {"error":"Não autenticado"}
6:05:32 PM [express] GET /api/me 401 in 0ms :: {"error":"Não autenticado"}
6:06:03 PM [express] GET /api/me 401 in 1ms :: {"error":"Não autenticado"}
6:06:34 PM [express] GET /api/me 401 in 0ms :: {"error":"Não autenticado"}
6:07:05 PM [express] GET /api/me 401 in 0ms :: {"error":"Não autenticado"}
6:07:36 PM [express] GET /api/me 401 in 0ms :: {"error":"Não autenticado"}
6:08:07 PM [express] GET /api/me 401 in 0ms :: {"error":"Não autenticado"}
6:08:38 PM [express] GET /api/me 401 in 0ms :: {"error":"Não autenticado"}
6:09:09 PM [express] GET /api/me 401 in 0ms :: {"error":"Não autenticado"}
6:09:40 PM [express] GET /api/me 401 in 0ms :: {"error":"Não autenticado"}
6:10:11 PM [express] GET /api/me 401 in 0ms :: {"error":"Não autenticado"}
6:10:42 PM [express] GET /api/me 401 in 0ms :: {"error":"Não autenticado"}
6:11:13 PM [express] GET /api/me 401 in 0ms :: {"error":"Não autenticado"}
6:11:44 PM [express] GET /api/me 401 in 0ms :: {"error":"Não autenticado"}
6:12:15 PM [express] GET /api/me 401 in 1ms :: {"error":"Não autenticado"}
6:12:46 PM [express] GET /api/me 401 in 0ms :: {"error":"Não autenticado"}
6:13:17 PM [express] GET /api/me 401 in 0ms :: {"error":"Não autenticado"}
6:13:48 PM [express] GET /api/me 401 in 0ms :: {"error":"Não autenticado"}
6:14:19 PM [express] GET /api/me 401 in 1ms :: {"error":"Não autenticado"}
6:14:50 PM [express] GET /api/me 401 in 0ms :: {"error":"Não autenticado"}
6:15:21 PM [express] GET /api/me 401 in 1ms :: {"error":"Não autenticado"}
6:15:52 PM [express] GET /api/me 401 in 0ms :: {"error":"Não autenticado"}
6:16:23 PM [express] GET /api/me 401 in 0ms :: {"error":"Não autenticado"}
6:16:54 PM [express] GET /api/me 401 in 0ms :: {"error":"Não autenticado"}
6:17:25 PM [express] GET /api/me 401 in 0ms :: {"error":"Não autenticado"}
6:17:56 PM [express] GET /api/me 401 in 0ms :: {"error":"Não autenticado"}
6:18:27 PM [express] GET /api/me 401 in 0ms :: {"error":"Não autenticado"}
6:18:58 PM [express] GET /api/me 401 in 0ms :: {"error":"Não autenticado"}
6:19:29 PM [express] GET /api/me 401 in 0ms :: {"error":"Não autenticado"}
6:20:00 PM [express] GET /api/me 401 in 0ms :: {"error":"Não autenticado"}
6:20:31 PM [express] GET /api/me 401 in 1ms :: {"error":"Não autenticado"}
6:21:02 PM [express] GET /api/me 401 in 0ms :: {"error":"Não autenticado"}
6:21:33 PM [express] GET /api/me 401 in 0ms :: {"error":"Não autenticado"}
6:22:04 PM [express] GET /api/me 401 in 0ms :: {"error":"Não autenticado"}
6:22:35 PM [express] GET /api/me 401 in 1ms :: {"error":"Não autenticado"}
6:23:06 PM [express] GET /api/me 401 in 0ms :: {"error":"Não autenticado"}
6:23:37 PM [express] GET /api/me 401 in 0ms :: {"error":"Não autenticado"}
6:24:08 PM [express] GET /api/me 401 in 0ms :: {"error":"Não autenticado"}
6:24:39 PM [express] GET /api/me 401 in 1ms :: {"error":"Não autenticado"}
6:25:10 PM [express] GET /api/me 401 in 0ms :: {"error":"Não autenticado"}
6:25:41 PM [express] GET /api/me 401 in 0ms :: {"error":"Não autenticado"}
6:26:12 PM [express] GET /api/me 401 in 1ms :: {"error":"Não autenticado"}
6:26:43 PM [express] GET /api/me 401 in 1ms :: {"error":"Não autenticado"}
6:27:14 PM [express] GET /api/me 401 in 0ms :: {"error":"Não autenticado"}
6:27:45 PM [express] GET /api/me 401 in 0ms :: {"error":"Não autenticado"}
6:28:16 PM [express] GET /api/me 401 in 0ms :: {"error":"Não autenticado"}
6:28:47 PM [express] GET /api/me 401 in 0ms :: {"error":"Não autenticado"}
6:29:18 PM [express] GET /api/me 401 in 0ms :: {"error":"Não autenticado"}
6:29:49 PM [express] GET /api/me 401 in 0ms :: {"error":"Não autenticado"}
6:30:20 PM [express] GET /api/me 401 in 0ms :: {"error":"Não autenticado"}
6:30:51 PM [express] GET /api/me 401 in 0ms :: {"error":"Não autenticado"}
6:31:22 PM [express] GET /api/me 401 in 0ms :: {"error":"Não autenticado"}
6:31:53 PM [express] GET /api/me 401 in 0ms :: {"error":"Não autenticado"}
6:32:24 PM [express] GET /api/me 401 in 0ms :: {"error":"Não autenticado"}
6:32:55 PM [express] GET /api/me 401 in 1ms :: {"error":"Não autenticado"}
6:33:26 PM [express] GET /api/me 401 in 0ms :: {"error":"Não autenticado"}
6:33:57 PM [express] GET /api/me 401 in 0ms :: {"error":"Não autenticado"}
6:34:28 PM [express] GET /api/me 401 in 0ms :: {"error":"Não autenticado"}
6:34:59 PM [express] GET /api/me 401 in 0ms :: {"error":"Não autenticado"}
6:35:30 PM [express] GET /api/me 401 in 0ms :: {"error":"Não autenticado"}
6:36:01 PM [express] GET /api/me 401 in 1ms :: {"error":"Não autenticado"}
6:36:32 PM [express] GET /api/me 401 in 0ms :: {"error":"Não autenticado"}
6:37:03 PM [express] GET /api/me 401 in 0ms :: {"error":"Não autenticado"}
6:37:34 PM [express] GET /api/me 401 in 0ms :: {"error":"Não autenticado"}
6:38:05 PM [express] GET /api/me 401 in 0ms :: {"error":"Não autenticado"}
6:38:36 PM [express] GET /api/me 401 in 0ms :: {"error":"Não autenticado"}
6:39:07 PM [express] GET /api/me 401 in 1ms :: {"error":"Não autenticado"}
6:39:38 PM [express] GET /api/me 401 in 0ms :: {"error":"Não autenticado"}
6:40:09 PM [express] GET /api/me 401 in 0ms :: {"error":"Não autenticado"}
6:40:40 PM [express] GET /api/me 401 in 0ms :: {"error":"Não autenticado"}
6:41:11 PM [express] GET /api/me 401 in 0ms :: {"error":"Não autenticado"}
6:41:42 PM [express] GET /api/me 401 in 0ms :: {"error":"Não autenticado"}
6:42:13 PM [express] GET /api/me 401 in 0ms :: {"error":"Não autenticado"}
6:42:44 PM [express] GET /api/me 401 in 0ms :: {"error":"Não autenticado"}
6:43:15 PM [express] GET /api/me 401 in 1ms :: {"error":"Não autenticado"}
6:43:46 PM [express] GET /api/me 401 in 0ms :: {"error":"Não autenticado"}
6:44:17 PM [express] GET /api/me 401 in 0ms :: {"error":"Não autenticado"}
6:44:48 PM [express] GET /api/me 401 in 1ms :: {"error":"Não autenticado"}
6:45:19 PM [express] GET /api/me 401 in 1ms :: {"error":"Não autenticado"}
6:45:50 PM [express] GET /api/me 401 in 0ms :: {"error":"Não autenticado"}
6:46:21 PM [express] GET /api/me 401 in 0ms :: {"error":"Não autenticado"}
6:46:52 PM [express] GET /api/me 401 in 0ms :: {"error":"Não autenticado"}
6:47:23 PM [express] GET /api/me 401 in 1ms :: {"error":"Não autenticado"}
6:47:54 PM [express] GET /api/me 401 in 1ms :: {"error":"Não autenticado"}
6:48:25 PM [express] GET /api/me 401 in 0ms :: {"error":"Não autenticado"}
6:48:56 PM [express] GET /api/me 401 in 0ms :: {"error":"Não autenticado"}
6:49:27 PM [express] GET /api/me 401 in 0ms :: {"error":"Não autenticado"}
6:49:58 PM [express] GET /api/me 401 in 0ms :: {"error":"Não autenticado"}
6:50:29 PM [express] GET /api/me 401 in 0ms :: {"error":"Não autenticado"}
6:51:00 PM [express] GET /api/me 401 in 1ms :: {"error":"Não autenticado"}
6:51:31 PM [express] GET /api/me 401 in 0ms :: {"error":"Não autenticado"}
6:52:02 PM [express] GET /api/me 401 in 0ms :: {"error":"Não autenticado"}
6:52:33 PM [express] GET /api/me 401 in 0ms :: {"error":"Não autenticado"}
6:53:04 PM [express] GET /api/me 401 in 0ms :: {"error":"Não autenticado"}
6:53:35 PM [express] GET /api/me 401 in 0ms :: {"error":"Não autenticado"}
6:54:06 PM [express] GET /api/me 401 in 0ms :: {"error":"Não autenticado"}
6:54:37 PM [express] GET /api/me 401 in 0ms :: {"error":"Não autenticado"}
6:55:08 PM [express] GET /api/me 401 in 0ms :: {"error":"Não autenticado"}
6:55:39 PM [express] GET /api/me 401 in 0ms :: {"error":"Não autenticado"}
6:56:10 PM [express] GET /api/me 401 in 0ms :: {"error":"Não autenticado"}
6:56:41 PM [express] GET /api/me 401 in 1ms :: {"error":"Não autenticado"}
6:57:12 PM [express] GET /api/me 401 in 0ms :: {"error":"Não autenticado"}
6:57:43 PM [express] GET /api/me 401 in 0ms :: {"error":"Não autenticado"}
6:58:14 PM [express] GET /api/me 401 in 1ms :: {"error":"Não autenticado"}
6:58:45 PM [express] GET /api/me 401 in 0ms :: {"error":"Não autenticado"}
6:59:16 PM [express] GET /api/me 401 in 0ms :: {"error":"Não autenticado"}
6:59:47 PM [express] GET /api/me 401 in 1ms :: {"error":"Não autenticado"}
7:00:18 PM [express] GET /api/me 401 in 0ms :: {"error":"Não autenticado"}
7:00:49 PM [express] GET /api/me 401 in 1ms :: {"error":"Não autenticado"}
7:01:20 PM [express] GET /api/me 401 in 1ms :: {"error":"Não autenticado"}
7:01:51 PM [express] GET /api/me 401 in 0ms :: {"error":"Não autenticado"}
7:02:22 PM [express] GET /api/me 401 in 0ms :: {"error":"Não autenticado"}
7:02:53 PM [express] GET /api/me 401 in 0ms :: {"error":"Não autenticado"}
7:03:24 PM [express] GET /api/me 401 in 0ms :: {"error":"Não autenticado"}
7:03:55 PM [express] GET /api/me 401 in 0ms :: {"error":"Não autenticado"}
7:04:26 PM [express] GET /api/me 401 in 0ms :: {"error":"Não autenticado"}
7:04:57 PM [express] GET /api/me 401 in 0ms :: {"error":"Não autenticado"}
7:05:28 PM [express] GET /api/me 401 in 0ms :: {"error":"Não autenticado"}
7:05:59 PM [express] GET /api/me 401 in 0ms :: {"error":"Não autenticado"}
7:06:30 PM [express] GET /api/me 401 in 0ms :: {"error":"Não autenticado"}
7:07:01 PM [express] GET /api/me 401 in 0ms :: {"error":"Não autenticado"}
7:07:32 PM [express] GET /api/me 401 in 0ms :: {"error":"Não autenticado"}
7:08:03 PM [express] GET /api/me 401 in 0ms :: {"error":"Não autenticado"}
7:08:34 PM [express] GET /api/me 401 in 0ms :: {"error":"Não autenticado"}
7:09:05 PM [express] GET /api/me 401 in 1ms :: {"error":"Não autenticado"}
7:09:36 PM [express] GET /api/me 401 in 0ms :: {"error":"Não autenticado"}
7:10:07 PM [express] GET /api/me 401 in 0ms :: {"error":"Não autenticado"}
7:10:38 PM [express] GET /api/me 401 in 1ms :: {"error":"Não autenticado"}
7:11:09 PM [express] GET /api/me 401 in 1ms :: {"error":"Não autenticado"}
7:11:40 PM [express] GET /api/me 401 in 0ms :: {"error":"Não autenticado"}
7:12:11 PM [express] GET /api/me 401 in 0ms :: {"error":"Não autenticado"}
7:12:42 PM [express] GET /api/me 401 in 1ms :: {"error":"Não autenticado"}
7:13:13 PM [express] GET /api/me 401 in 0ms :: {"error":"Não autenticado"}
7:13:44 PM [express] GET /api/me 401 in 1ms :: {"error":"Não autenticado"}
7:14:15 PM [express] GET /api/me 401 in 1ms :: {"error":"Não autenticado"}
7:14:46 PM [express] GET /api/me 401 in 1ms :: {"error":"Não autenticado"}
7:15:17 PM [express] GET /api/me 401 in 0ms :: {"error":"Não autenticado"}
7:15:48 PM [express] GET /api/me 401 in 0ms :: {"error":"Não autenticado"}
7:16:19 PM [express] GET /api/me 401 in 1ms :: {"error":"Não autenticado"}
7:16:50 PM [express] GET /api/me 401 in 1ms :: {"error":"Não autenticado"}
7:17:21 PM [express] GET /api/me 401 in 0ms :: {"error":"Não autenticado"}
7:17:52 PM [express] GET /api/me 401 in 0ms :: {"error":"Não autenticado"}
7:18:23 PM [express] GET /api/me 401 in 1ms :: {"error":"Não autenticado"}
7:18:54 PM [express] GET /api/me 401 in 0ms :: {"error":"Não autenticado"}
7:19:25 PM [express] GET /api/me 401 in 0ms :: {"error":"Não autenticado"}
7:19:56 PM [express] GET /api/me 401 in 0ms :: {"error":"Não autenticado"}
7:20:27 PM [express] GET /api/me 401 in 1ms :: {"error":"Não autenticado"}
7:20:58 PM [express] GET /api/me 401 in 0ms :: {"error":"Não autenticado"}
7:21:29 PM [express] GET /api/me 401 in 0ms :: {"error":"Não autenticado"}
7:22:00 PM [express] GET /api/me 401 in 0ms :: {"error":"Não autenticado"}
7:22:31 PM [express] GET /api/me 401 in 1ms :: {"error":"Não autenticado"}
7:23:02 PM [express] GET /api/me 401 in 0ms :: {"error":"Não autenticado"}
7:23:33 PM [express] GET /api/me 401 in 0ms :: {"error":"Não autenticado"}
7:24:04 PM [express] GET /api/me 401 in 0ms :: {"error":"Não autenticado"}
7:24:35 PM [express] GET /api/me 401 in 0ms :: {"error":"Não autenticado"}
7:25:06 PM [express] GET /api/me 401 in 1ms :: {"error":"Não autenticado"}
7:25:37 PM [express] GET /api/me 401 in 1ms :: {"error":"Não autenticado"}
7:26:08 PM [express] GET /api/me 401 in 0ms :: {"error":"Não autenticado"}
7:26:39 PM [express] GET /api/me 401 in 0ms :: {"error":"Não autenticado"}
7:27:10 PM [express] GET /api/me 401 in 0ms :: {"error":"Não autenticado"}
7:27:41 PM [express] GET /api/me 401 in 0ms :: {"error":"Não autenticado"}
7:28:12 PM [express] GET /api/me 401 in 0ms :: {"error":"Não autenticado"}
7:28:43 PM [express] GET /api/me 401 in 1ms :: {"error":"Não autenticado"}
7:29:14 PM [express] GET /api/me 401 in 0ms :: {"error":"Não autenticado"}
7:29:45 PM [express] GET /api/me 401 in 0ms :: {"error":"Não autenticado"}
7:30:16 PM [express] GET /api/me 401 in 0ms :: {"error":"Não autenticado"}
7:30:47 PM [express] GET /api/me 401 in 0ms :: {"error":"Não autenticado"}
7:31:18 PM [express] GET /api/me 401 in 0ms :: {"error":"Não autenticado"}
7:31:49 PM [express] GET /api/me 401 in 0ms :: {"error":"Não autenticado"}
7:32:20 PM [express] GET /api/me 401 in 0ms :: {"error":"Não autenticado"}
7:32:51 PM [express] GET /api/me 401 in 0ms :: {"error":"Não autenticado"}
7:33:22 PM [express] GET /api/me 401 in 0ms :: {"error":"Não autenticado"}
7:33:53 PM [express] GET /api/me 401 in 1ms :: {"error":"Não autenticado"}
7:34:24 PM [express] GET /api/me 401 in 0ms :: {"error":"Não autenticado"}
7:34:55 PM [express] GET /api/me 401 in 1ms :: {"error":"Não autenticado"}
7:35:26 PM [express] GET /api/me 401 in 1ms :: {"error":"Não autenticado"}
7:35:57 PM [express] GET /api/me 401 in 1ms :: {"error":"Não autenticado"}
7:36:28 PM [express] GET /api/me 401 in 0ms :: {"error":"Não autenticado"}
7:36:59 PM [express] GET /api/me 401 in 0ms :: {"error":"Não autenticado"}
7:37:30 PM [express] GET /api/me 401 in 0ms :: {"error":"Não autenticado"}
7:38:01 PM [express] GET /api/me 401 in 0ms :: {"error":"Não autenticado"}
7:38:32 PM [express] GET /api/me 401 in 0ms :: {"error":"Não autenticado"}
7:39:03 PM [express] GET /api/me 401 in 0ms :: {"error":"Não autenticado"}
7:39:34 PM [express] GET /api/me 401 in 0ms :: {"error":"Não autenticado"}
7:40:05 PM [express] GET /api/me 401 in 0ms :: {"error":"Não autenticado"}
7:40:36 PM [express] GET /api/me 401 in 0ms :: {"error":"Não autenticado"}
7:41:07 PM [express] GET /api/me 401 in 1ms :: {"error":"Não autenticado"}
7:41:38 PM [express] GET /api/me 401 in 1ms :: {"error":"Não autenticado"}
7:42:09 PM [express] GET /api/me 401 in 0ms :: {"error":"Não autenticado"}
7:42:40 PM [express] GET /api/me 401 in 0ms :: {"error":"Não autenticado"}
7:43:11 PM [express] GET /api/me 401 in 0ms :: {"error":"Não autenticado"}
7:43:42 PM [express] GET /api/me 401 in 0ms :: {"error":"Não autenticado"}
7:44:13 PM [express] GET /api/me 401 in 0ms :: {"error":"Não autenticado"}
7:44:44 PM [express] GET /api/me 401 in 0ms :: {"error":"Não autenticado"}
7:45:15 PM [express] GET /api/me 401 in 1ms :: {"error":"Não autenticado"}
7:45:46 PM [express] GET /api/me 401 in 0ms :: {"error":"Não autenticado"}
7:46:17 PM [express] GET /api/me 401 in 0ms :: {"error":"Não autenticado"}
7:46:48 PM [express] GET /api/me 401 in 0ms :: {"error":"Não autenticado"}
7:47:19 PM [express] GET /api/me 401 in 0ms :: {"error":"Não autenticado"}
7:47:50 PM [express] GET /api/me 401 in 0ms :: {"error":"Não autenticado"}
7:48:21 PM [express] GET /api/me 401 in 0ms :: {"error":"Não autenticado"}
7:48:52 PM [express] GET /api/me 401 in 1ms :: {"error":"Não autenticado"}
7:49:23 PM [express] GET /api/me 401 in 0ms :: {"error":"Não autenticado"}
7:49:54 PM [express] GET /api/me 401 in 0ms :: {"error":"Não autenticado"}
7:50:25 PM [express] GET /api/me 401 in 0ms :: {"error":"Não autenticado"}
7:50:56 PM [express] GET /api/me 401 in 0ms :: {"error":"Não autenticado"}
7:51:27 PM [express] GET /api/me 401 in 1ms :: {"error":"Não autenticado"}
7:51:58 PM [express] GET /api/me 401 in 0ms :: {"error":"Não autenticado"}
7:52:29 PM [express] GET /api/me 401 in 1ms :: {"error":"Não autenticado"}
7:53:00 PM [express] GET /api/me 401 in 0ms :: {"error":"Não autenticado"}
7:53:31 PM [express] GET /api/me 401 in 0ms :: {"error":"Não autenticado"}
7:54:02 PM [express] GET /api/me 401 in 1ms :: {"error":"Não autenticado"}
7:54:33 PM [express] GET /api/me 401 in 0ms :: {"error":"Não autenticado"}
7:55:04 PM [express] GET /api/me 401 in 0ms :: {"error":"Não autenticado"}
7:55:35 PM [express] GET /api/me 401 in 0ms :: {"error":"Não autenticado"}
7:56:06 PM [express] GET /api/me 401 in 0ms :: {"error":"Não autenticado"}
7:56:37 PM [express] GET /api/me 401 in 1ms :: {"error":"Não autenticado"}
7:57:08 PM [express] GET /api/me 401 in 1ms :: {"error":"Não autenticado"}
7:57:39 PM [express] GET /api/me 401 in 0ms :: {"error":"Não autenticado"}
7:58:10 PM [express] GET /api/me 401 in 0ms :: {"error":"Não autenticado"}
7:58:41 PM [express] GET /api/me 401 in 1ms :: {"error":"Não autenticado"}
7:59:12 PM [express] GET /api/me 401 in 0ms :: {"error":"Não autenticado"}
7:59:43 PM [express] GET /api/me 401 in 0ms :: {"error":"Não autenticado"}
8:00:14 PM [express] GET /api/me 401 in 0ms :: {"error":"Não autenticado"}
8:00:45 PM [express] GET /api/me 401 in 1ms :: {"error":"Não autenticado"}
8:01:16 PM [express] GET /api/me 401 in 1ms :: {"error":"Não autenticado"}
8:01:47 PM [express] GET /api/me 401 in 0ms :: {"error":"Não autenticado"}
8:02:18 PM [express] GET /api/me 401 in 1ms :: {"error":"Não autenticado"}
8:02:49 PM [express] GET /api/me 401 in 1ms :: {"error":"Não autenticado"}
8:03:20 PM [express] GET /api/me 401 in 1ms :: {"error":"Não autenticado"}
8:03:51 PM [express] GET /api/me 401 in 0ms :: {"error":"Não autenticado"}
8:04:22 PM [express] GET /api/me 401 in 1ms :: {"error":"Não autenticado"}
8:04:53 PM [express] GET /api/me 401 in 0ms :: {"error":"Não autenticado"}
8:05:24 PM [express] GET /api/me 401 in 0ms :: {"error":"Não autenticado"}
8:05:55 PM [express] GET /api/me 401 in 0ms :: {"error":"Não autenticado"}
8:06:26 PM [express] GET /api/me 401 in 0ms :: {"error":"Não autenticado"}
8:06:57 PM [express] GET /api/me 401 in 1ms :: {"error":"Não autenticado"}
8:07:28 PM [express] GET /api/me 401 in 0ms :: {"error":"Não autenticado"}
8:07:59 PM [express] GET /api/me 401 in 1ms :: {"error":"Não autenticado"}
8:08:30 PM [express] GET /api/me 401 in 0ms :: {"error":"Não autenticado"}
8:09:01 PM [express] GET /api/me 401 in 0ms :: {"error":"Não autenticado"}
8:09:32 PM [express] GET /api/me 401 in 0ms :: {"error":"Não autenticado"}
8:10:03 PM [express] GET /api/me 401 in 0ms :: {"error":"Não autenticado"}
8:10:34 PM [express] GET /api/me 401 in 1ms :: {"error":"Não autenticado"}
8:11:05 PM [express] GET /api/me 401 in 1ms :: {"error":"Não autenticado"}
8:11:36 PM [express] GET /api/me 401 in 0ms :: {"error":"Não autenticado"}
8:12:07 PM [express] GET /api/me 401 in 1ms :: {"error":"Não autenticado"}
8:12:38 PM [express] GET /api/me 401 in 0ms :: {"error":"Não autenticado"}
8:13:09 PM [express] GET /api/me 401 in 0ms :: {"error":"Não autenticado"}
8:13:40 PM [express] GET /api/me 401 in 0ms :: {"error":"Não autenticado"}
8:14:11 PM [express] GET /api/me 401 in 0ms :: {"error":"Não autenticado"}
8:14:42 PM [express] GET /api/me 401 in 1ms :: {"error":"Não autenticado"}
8:15:13 PM [express] GET /api/me 401 in 1ms :: {"error":"Não autenticado"}
8:15:44 PM [express] GET /api/me 401 in 1ms :: {"error":"Não autenticado"}
8:16:15 PM [express] GET /api/me 401 in 1ms :: {"error":"Não autenticado"}
8:16:46 PM [express] GET /api/me 401 in 0ms :: {"error":"Não autenticado"}
8:17:17 PM [express] GET /api/me 401 in 0ms :: {"error":"Não autenticado"}
8:17:48 PM [express] GET /api/me 401 in 0ms :: {"error":"Não autenticado"}
8:18:19 PM [express] GET /api/me 401 in 1ms :: {"error":"Não autenticado"}
8:18:50 PM [express] GET /api/me 401 in 0ms :: {"error":"Não autenticado"}
8:19:21 PM [express] GET /api/me 401 in 1ms :: {"error":"Não autenticado"}
8:19:52 PM [express] GET /api/me 401 in 0ms :: {"error":"Não autenticado"}
8:20:23 PM [express] GET /api/me 401 in 1ms :: {"error":"Não autenticado"}
8:20:54 PM [express] GET /api/me 401 in 0ms :: {"error":"Não autenticado"}
8:21:25 PM [express] GET /api/me 401 in 0ms :: {"error":"Não autenticado"}
8:21:56 PM [express] GET /api/me 401 in 1ms :: {"error":"Não autenticado"}
8:22:27 PM [express] GET /api/me 401 in 1ms :: {"error":"Não autenticado"}
8:22:58 PM [express] GET /api/me 401 in 0ms :: {"error":"Não autenticado"}
8:23:29 PM [express] GET /api/me 401 in 0ms :: {"error":"Não autenticado"}
8:24:00 PM [express] GET /api/me 401 in 0ms :: {"error":"Não autenticado"}
8:24:31 PM [express] GET /api/me 401 in 1ms :: {"error":"Não autenticado"}
8:25:02 PM [express] GET /api/me 401 in 0ms :: {"error":"Não autenticado"}
8:25:33 PM [express] GET /api/me 401 in 0ms :: {"error":"Não autenticado"}
8:26:04 PM [express] GET /api/me 401 in 0ms :: {"error":"Não autenticado"}
8:26:35 PM [express] GET /api/me 401 in 1ms :: {"error":"Não autenticado"}
8:27:06 PM [express] GET /api/me 401 in 0ms :: {"error":"Não autenticado"}
8:27:37 PM [express] GET /api/me 401 in 1ms :: {"error":"Não autenticado"}
8:28:08 PM [express] GET /api/me 401 in 0ms :: {"error":"Não autenticado"}
8:28:39 PM [express] GET /api/me 401 in 0ms :: {"error":"Não autenticado"}
8:29:10 PM [express] GET /api/me 401 in 0ms :: {"error":"Não autenticado"}
8:29:41 PM [express] GET /api/me 401 in 0ms :: {"error":"Não autenticado"}
8:30:12 PM [express] GET /api/me 401 in 0ms :: {"error":"Não autenticado"}
8:30:43 PM [express] GET /api/me 401 in 0ms :: {"error":"Não autenticado"}
8:31:14 PM [express] GET /api/me 401 in 1ms :: {"error":"Não autenticado"}
8:31:45 PM [express] GET /api/me 401 in 1ms :: {"error":"Não autenticado"}
8:32:16 PM [express] GET /api/me 401 in 0ms :: {"error":"Não autenticado"}
8:32:47 PM [express] GET /api/me 401 in 0ms :: {"error":"Não autenticado"}
8:33:18 PM [express] GET /api/me 401 in 0ms :: {"error":"Não autenticado"}
8:33:49 PM [express] GET /api/me 401 in 1ms :: {"error":"Não autenticado"}
8:34:20 PM [express] GET /api/me 401 in 0ms :: {"error":"Não autenticado"}
8:34:51 PM [express] GET /api/me 401 in 0ms :: {"error":"Não autenticado"}
8:35:22 PM [express] GET /api/me 401 in 0ms :: {"error":"Não autenticado"}
8:35:53 PM [express] GET /api/me 401 in 0ms :: {"error":"Não autenticado"}
8:36:24 PM [express] GET /api/me 401 in 0ms :: {"error":"Não autenticado"}
8:36:55 PM [express] GET /api/me 401 in 0ms :: {"error":"Não autenticado"}
8:37:26 PM [express] GET /api/me 401 in 0ms :: {"error":"Não autenticado"}
8:37:57 PM [express] GET /api/me 401 in 0ms :: {"error":"Não autenticado"}
8:38:28 PM [express] GET /api/me 401 in 0ms :: {"error":"Não autenticado"}
8:38:59 PM [express] GET /api/me 401 in 1ms :: {"error":"Não autenticado"}
8:39:30 PM [express] GET /api/me 401 in 1ms :: {"error":"Não autenticado"}
8:40:01 PM [express] GET /api/me 401 in 0ms :: {"error":"Não autenticado"}
8:40:32 PM [express] GET /api/me 401 in 0ms :: {"error":"Não autenticado"}
8:41:03 PM [express] GET /api/me 401 in 1ms :: {"error":"Não autenticado"}
8:41:34 PM [express] GET /api/me 401 in 1ms :: {"error":"Não autenticado"}
8:42:05 PM [express] GET /api/me 401 in 0ms :: {"error":"Não autenticado"}
8:42:36 PM [express] GET /api/me 401 in 0ms :: {"error":"Não autenticado"}
8:43:07 PM [express] GET /api/me 401 in 1ms :: {"error":"Não autenticado"}
8:43:38 PM [express] GET /api/me 401 in 0ms :: {"error":"Não autenticado"}
8:44:09 PM [express] GET /api/me 401 in 0ms :: {"error":"Não autenticado"}
8:44:40 PM [express] GET /api/me 401 in 0ms :: {"error":"Não autenticado"}
8:45:11 PM [express] GET /api/me 401 in 0ms :: {"error":"Não autenticado"}
8:45:42 PM [express] GET /api/me 401 in 0ms :: {"error":"Não autenticado"}
8:46:13 PM [express] GET /api/me 401 in 0ms :: {"error":"Não autenticado"}
8:46:44 PM [express] GET /api/me 401 in 0ms :: {"error":"Não autenticado"}
8:47:15 PM [express] GET /api/me 401 in 0ms :: {"error":"Não autenticado"}
8:47:46 PM [express] GET /api/me 401 in 0ms :: {"error":"Não autenticado"}
8:48:17 PM [express] GET /api/me 401 in 1ms :: {"error":"Não autenticado"}
8:48:48 PM [express] GET /api/me 401 in 0ms :: {"error":"Não autenticado"}
8:49:19 PM [express] GET /api/me 401 in 0ms :: {"error":"Não autenticado"}
8:49:50 PM [express] GET /api/me 401 in 0ms :: {"error":"Não autenticado"}
8:50:21 PM [express] GET /api/me 401 in 0ms :: {"error":"Não autenticado"}
8:50:52 PM [express] GET /api/me 401 in 0ms :: {"error":"Não autenticado"}
8:51:23 PM [express] GET /api/me 401 in 0ms :: {"error":"Não autenticado"}
8:51:54 PM [express] GET /api/me 401 in 0ms :: {"error":"Não autenticado"}
8:52:25 PM [express] GET /api/me 401 in 1ms :: {"error":"Não autenticado"}
8:52:56 PM [express] GET /api/me 401 in 0ms :: {"error":"Não autenticado"}
8:53:27 PM [express] GET /api/me 401 in 1ms :: {"error":"Não autenticado"}
8:53:58 PM [express] GET /api/me 401 in 1ms :: {"error":"Não autenticado"}
8:54:29 PM [express] GET /api/me 401 in 0ms :: {"error":"Não autenticado"}
8:55:00 PM [express] GET /api/me 401 in 0ms :: {"error":"Não autenticado"}
8:55:31 PM [express] GET /api/me 401 in 0ms :: {"error":"Não autenticado"}
8:56:02 PM [express] GET /api/me 401 in 0ms :: {"error":"Não autenticado"}
8:56:33 PM [express] GET /api/me 401 in 1ms :: {"error":"Não autenticado"}
8:57:04 PM [express] GET /api/me 401 in 0ms :: {"error":"Não autenticado"}
8:57:35 PM [express] GET /api/me 401 in 1ms :: {"error":"Não autenticado"}
8:58:06 PM [express] GET /api/me 401 in 1ms :: {"error":"Não autenticado"}
8:58:37 PM [express] GET /api/me 401 in 0ms :: {"error":"Não autenticado"}
8:59:08 PM [express] GET /api/me 401 in 0ms :: {"error":"Não autenticado"}
8:59:39 PM [express] GET /api/me 401 in 1ms :: {"error":"Não autenticado"}
9:00:10 PM [express] GET /api/me 401 in 0ms :: {"error":"Não autenticado"}
9:00:41 PM [express] GET /api/me 401 in 0ms :: {"error":"Não autenticado"}
9:01:12 PM [express] GET /api/me 401 in 0ms :: {"error":"Não autenticado"}
9:01:43 PM [express] GET /api/me 401 in 0ms :: {"error":"Não autenticado"}
9:02:14 PM [express] GET /api/me 401 in 0ms :: {"error":"Não autenticado"}
9:02:45 PM [express] GET /api/me 401 in 0ms :: {"error":"Não autenticado"}
9:03:16 PM [express] GET /api/me 401 in 0ms :: {"error":"Não autenticado"}
9:03:47 PM [express] GET /api/me 401 in 0ms :: {"error":"Não autenticado"}
9:04:18 PM [express] GET /api/me 401 in 0ms :: {"error":"Não autenticado"}
9:04:49 PM [express] GET /api/me 401 in 1ms :: {"error":"Não autenticado"}
9:05:20 PM [express] GET /api/me 401 in 0ms :: {"error":"Não autenticado"}
9:05:51 PM [express] GET /api/me 401 in 1ms :: {"error":"Não autenticado"}
9:06:22 PM [express] GET /api/me 401 in 0ms :: {"error":"Não autenticado"}
9:06:53 PM [express] GET /api/me 401 in 0ms :: {"error":"Não autenticado"}
9:07:24 PM [express] GET /api/me 401 in 0ms :: {"error":"Não autenticado"}
9:07:55 PM [express] GET /api/me 401 in 0ms :: {"error":"Não autenticado"}
9:08:26 PM [express] GET /api/me 401 in 0ms :: {"error":"Não autenticado"}
9:08:57 PM [express] GET /api/me 401 in 0ms :: {"error":"Não autenticado"}
9:09:28 PM [express] GET /api/me 401 in 0ms :: {"error":"Não autenticado"}
9:09:59 PM [express] GET /api/me 401 in 0ms :: {"error":"Não autenticado"}
9:10:30 PM [express] GET /api/me 401 in 0ms :: {"error":"Não autenticado"}
9:11:01 PM [express] GET /api/me 401 in 0ms :: {"error":"Não autenticado"}
9:11:32 PM [express] GET /api/me 401 in 0ms :: {"error":"Não autenticado"}
9:12:03 PM [express] GET /api/me 401 in 1ms :: {"error":"Não autenticado"}
9:12:34 PM [express] GET /api/me 401 in 0ms :: {"error":"Não autenticado"}
9:13:05 PM [express] GET /api/me 401 in 0ms :: {"error":"Não autenticado"}
9:13:36 PM [express] GET /api/me 401 in 0ms :: {"error":"Não autenticado"}
9:14:07 PM [express] GET /api/me 401 in 0ms :: {"error":"Não autenticado"}
9:14:38 PM [express] GET /api/me 401 in 0ms :: {"error":"Não autenticado"}
9:15:09 PM [express] GET /api/me 401 in 0ms :: {"error":"Não autenticado"}
9:15:40 PM [express] GET /api/me 401 in 0ms :: {"error":"Não autenticado"}
9:16:11 PM [express] GET /api/me 401 in 0ms :: {"error":"Não autenticado"}
9:16:42 PM [express] GET /api/me 401 in 0ms :: {"error":"Não autenticado"}
9:17:13 PM [express] GET /api/me 401 in 0ms :: {"error":"Não autenticado"}
9:17:44 PM [express] GET /api/me 401 in 1ms :: {"error":"Não autenticado"}
9:18:15 PM [express] GET /api/me 401 in 0ms :: {"error":"Não autenticado"}
9:18:46 PM [express] GET /api/me 401 in 0ms :: {"error":"Não autenticado"}
9:19:17 PM [express] GET /api/me 401 in 0ms :: {"error":"Não autenticado"}
9:19:48 PM [express] GET /api/me 401 in 0ms :: {"error":"Não autenticado"}
9:20:19 PM [express] GET /api/me 401 in 0ms :: {"error":"Não autenticado"}
9:20:50 PM [express] GET /api/me 401 in 0ms :: {"error":"Não autenticado"}
9:21:21 PM [express] GET /api/me 401 in 0ms :: {"error":"Não autenticado"}
9:21:52 PM [express] GET /api/me 401 in 1ms :: {"error":"Não autenticado"}
9:22:23 PM [express] GET /api/me 401 in 0ms :: {"error":"Não autenticado"}
9:22:54 PM [express] GET /api/me 401 in 1ms :: {"error":"Não autenticado"}
9:23:25 PM [express] GET /api/me 401 in 1ms :: {"error":"Não autenticado"}
9:23:56 PM [express] GET /api/me 401 in 0ms :: {"error":"Não autenticado"}
9:24:27 PM [express] GET /api/me 401 in 0ms :: {"error":"Não autenticado"}
9:24:58 PM [express] GET /api/me 401 in 0ms :: {"error":"Não autenticado"}
9:25:29 PM [express] GET /api/me 401 in 0ms :: {"error":"Não autenticado"}
9:26:00 PM [express] GET /api/me 401 in 0ms :: {"error":"Não autenticado"}
9:26:31 PM [express] GET /api/me 401 in 0ms :: {"error":"Não autenticado"}
9:27:02 PM [express] GET /api/me 401 in 1ms :: {"error":"Não autenticado"}
9:27:33 PM [express] GET /api/me 401 in 1ms :: {"error":"Não autenticado"}
9:28:04 PM [express] GET /api/me 401 in 1ms :: {"error":"Não autenticado"}
9:28:35 PM [express] GET /api/me 401 in 0ms :: {"error":"Não autenticado"}
9:29:06 PM [express] GET /api/me 401 in 0ms :: {"error":"Não autenticado"}
9:29:37 PM [express] GET /api/me 401 in 1ms :: {"error":"Não autenticado"}
9:30:08 PM [express] GET /api/me 401 in 1ms :: {"error":"Não autenticado"}
9:30:39 PM [express] GET /api/me 401 in 1ms :: {"error":"Não autenticado"}
9:31:10 PM [express] GET /api/me 401 in 0ms :: {"error":"Não autenticado"}
9:31:41 PM [express] GET /api/me 401 in 0ms :: {"error":"Não autenticado"}
9:32:12 PM [express] GET /api/me 401 in 0ms :: {"error":"Não autenticado"}
9:32:43 PM [express] GET /api/me 401 in 0ms :: {"error":"Não autenticado"}
9:33:14 PM [express] GET /api/me 401 in 0ms :: {"error":"Não autenticado"}
9:33:45 PM [express] GET /api/me 401 in 0ms :: {"error":"Não autenticado"}
9:34:16 PM [express] GET /api/me 401 in 1ms :: {"error":"Não autenticado"}
9:34:47 PM [express] GET /api/me 401 in 0ms :: {"error":"Não autenticado"}
9:35:18 PM [express] GET /api/me 401 in 1ms :: {"error":"Não autenticado"}
9:35:49 PM [express] GET /api/me 401 in 0ms :: {"error":"Não autenticado"}
9:36:20 PM [express] GET /api/me 401 in 1ms :: {"error":"Não autenticado"}
9:36:51 PM [express] GET /api/me 401 in 0ms :: {"error":"Não autenticado"}
9:37:22 PM [express] GET /api/me 401 in 0ms :: {"error":"Não autenticado"}
9:37:53 PM [express] GET /api/me 401 in 1ms :: {"error":"Não autenticado"}
9:38:24 PM [express] GET /api/me 401 in 0ms :: {"error":"Não autenticado"}
9:38:55 PM [express] GET /api/me 401 in 0ms :: {"error":"Não autenticado"}
9:39:26 PM [express] GET /api/me 401 in 0ms :: {"error":"Não autenticado"}
9:39:57 PM [express] GET /api/me 401 in 0ms :: {"error":"Não autenticado"}
9:40:28 PM [express] GET /api/me 401 in 1ms :: {"error":"Não autenticado"}
9:40:59 PM [express] GET /api/me 401 in 0ms :: {"error":"Não autenticado"}
9:41:30 PM [express] GET /api/me 401 in 0ms :: {"error":"Não autenticado"}
9:42:01 PM [express] GET /api/me 401 in 0ms :: {"error":"Não autenticado"}
9:42:32 PM [express] GET /api/me 401 in 0ms :: {"error":"Não autenticado"}
9:43:03 PM [express] GET /api/me 401 in 1ms :: {"error":"Não autenticado"}
9:43:34 PM [express] GET /api/me 401 in 1ms :: {"error":"Não autenticado"}
9:44:05 PM [express] GET /api/me 401 in 0ms :: {"error":"Não autenticado"}
9:44:36 PM [express] GET /api/me 401 in 0ms :: {"error":"Não autenticado"}
9:45:07 PM [express] GET /api/me 401 in 0ms :: {"error":"Não autenticado"}
9:45:39 PM [express] GET /api/me 401 in 1ms :: {"error":"Não autenticado"}
9:46:09 PM [express] GET /api/me 401 in 1ms :: {"error":"Não autenticado"}
9:46:39 PM [express] GET /api/me 401 in 0ms :: {"error":"Não autenticado"}
9:47:10 PM [express] GET /api/me 401 in 1ms :: {"error":"Não autenticado"}
9:47:41 PM [express] GET /api/me 401 in 0ms :: {"error":"Não autenticado"}
9:48:12 PM [express] GET /api/me 401 in 0ms :: {"error":"Não autenticado"}
9:48:42 PM [express] GET /api/me 401 in 0ms :: {"error":"Não autenticado"}
9:49:12 PM [express] GET /api/me 401 in 0ms :: {"error":"Não autenticado"}
9:49:43 PM [express] GET /api/me 401 in 1ms :: {"error":"Não autenticado"}
9:50:13 PM [express] GET /api/me 401 in 0ms :: {"error":"Não autenticado"}
9:50:43 PM [express] GET /api/me 401 in 0ms :: {"error":"Não autenticado"}
9:51:13 PM [express] GET /api/me 401 in 1ms :: {"error":"Não autenticado"}
9:51:43 PM [express] GET /api/me 401 in 0ms :: {"error":"Não autenticado"}
9:52:13 PM [express] GET /api/me 401 in 1ms :: {"error":"Não autenticado"}
9:52:43 PM [express] GET /api/me 401 in 0ms :: {"error":"Não autenticado"}
9:53:13 PM [express] GET /api/me 401 in 1ms :: {"error":"Não autenticado"}
9:53:44 PM [express] GET /api/me 401 in 1ms :: {"error":"Não autenticado"}
9:54:14 PM [express] GET /api/me 401 in 0ms :: {"error":"Não autenticado"}
9:54:44 PM [express] GET /api/me 401 in 0ms :: {"error":"Não autenticado"}
9:55:14 PM [express] GET /api/me 401 in 1ms :: {"error":"Não autenticado"}
9:55:44 PM [express] GET /api/me 401 in 0ms :: {"error":"Não autenticado"}
9:56:15 PM [express] GET /api/me 401 in 0ms :: {"error":"Não autenticado"}
9:56:47 PM [express] GET /api/me 401 in 1ms :: {"error":"Não autenticado"}
9:57:17 PM [express] GET /api/me 401 in 1ms :: {"error":"Não autenticado"}
9:57:48 PM [express] GET /api/me 401 in 1ms :: {"error":"Não autenticado"}
9:58:18 PM [express] GET /api/me 401 in 0ms :: {"error":"Não autenticado"}
9:58:49 PM [express] GET /api/me 401 in 0ms :: {"error":"Não autenticado"}
9:59:19 PM [express] GET /api/me 401 in 1ms :: {"error":"Não autenticado"}
9:59:49 PM [express] GET /api/me 401 in 0ms :: {"error":"Não autenticado"}
10:00:19 PM [express] GET /api/me 401 in 1ms :: {"error":"Não autenticado"}
10:00:49 PM [express] GET /api/me 401 in 5ms :: {"error":"Não autenticado"}
10:01:19 PM [express] GET /api/me 401 in 0ms :: {"error":"Não autenticado"}
10:01:49 PM [express] GET /api/me 401 in 1ms :: {"error":"Não autenticado"}
10:02:19 PM [express] GET /api/me 401 in 1ms :: {"error":"Não autenticado"}
10:02:50 PM [express] GET /api/me 401 in 1ms :: {"error":"Não autenticado"}
10:03:20 PM [express] GET /api/me 401 in 0ms :: {"error":"Não autenticado"}
10:03:50 PM [express] GET /api/me 401 in 0ms :: {"error":"Não autenticado"}
10:04:20 PM [express] GET /api/me 401 in 1ms :: {"error":"Não autenticado"}
10:04:50 PM [express] GET /api/me 401 in 0ms :: {"error":"Não autenticado"}
10:05:20 PM [express] GET /api/me 401 in 1ms :: {"error":"Não autenticado"}
10:05:51 PM [express] GET /api/me 401 in 0ms :: {"error":"Não autenticado"}
10:06:21 PM [express] GET /api/me 401 in 0ms :: {"error":"Não autenticado"}
10:06:51 PM [express] GET /api/me 401 in 1ms :: {"error":"Não autenticado"}
10:07:21 PM [express] GET /api/me 401 in 0ms :: {"error":"Não autenticado"}
10:07:51 PM [express] GET /api/me 401 in 0ms :: {"error":"Não autenticado"}
10:08:21 PM [express] GET /api/me 401 in 0ms :: {"error":"Não autenticado"}
10:08:52 PM [express] GET /api/me 401 in 1ms :: {"error":"Não autenticado"}
10:09:22 PM [express] GET /api/me 401 in 0ms :: {"error":"Não autenticado"}
10:09:52 PM [express] GET /api/me 401 in 0ms :: {"error":"Não autenticado"}
10:10:22 PM [express] GET /api/me 401 in 0ms :: {"error":"Não autenticado"}
10:10:52 PM [express] GET /api/me 401 in 0ms :: {"error":"Não autenticado"}
10:11:22 PM [express] GET /api/me 401 in 0ms :: {"error":"Não autenticado"}
10:11:53 PM [express] GET /api/me 401 in 0ms :: {"error":"Não autenticado"}
10:12:23 PM [express] GET /api/me 401 in 1ms :: {"error":"Não autenticado"}
10:12:53 PM [express] GET /api/me 401 in 1ms :: {"error":"Não autenticado"}
10:13:23 PM [express] GET /api/me 401 in 0ms :: {"error":"Não autenticado"}
10:13:53 PM [express] GET /api/me 401 in 0ms :: {"error":"Não autenticado"}
10:14:23 PM [express] GET /api/me 401 in 0ms :: {"error":"Não autenticado"}
10:14:53 PM [express] GET /api/me 401 in 1ms :: {"error":"Não autenticado"}
10:15:23 PM [express] GET /api/me 401 in 0ms :: {"error":"Não autenticado"}
10:15:54 PM [express] GET /api/me 401 in 0ms :: {"error":"Não autenticado"}
10:16:24 PM [express] GET /api/me 401 in 0ms :: {"error":"Não autenticado"}
10:16:54 PM [express] GET /api/me 401 in 1ms :: {"error":"Não autenticado"}
10:17:24 PM [express] GET /api/me 401 in 0ms :: {"error":"Não autenticado"}
10:17:54 PM [express] GET /api/me 401 in 0ms :: {"error":"Não autenticado"}
10:18:24 PM [express] GET /api/me 401 in 1ms :: {"error":"Não autenticado"}
10:18:55 PM [express] GET /api/me 401 in 1ms :: {"error":"Não autenticado"}
10:19:25 PM [express] GET /api/me 401 in 0ms :: {"error":"Não autenticado"}
10:19:55 PM [express] GET /api/me 401 in 1ms :: {"error":"Não autenticado"}
10:20:25 PM [express] GET /api/me 401 in 0ms :: {"error":"Não autenticado"}
10:20:55 PM [express] GET /api/me 401 in 0ms :: {"error":"Não autenticado"}
10:21:25 PM [express] GET /api/me 401 in 0ms :: {"error":"Não autenticado"}
10:21:56 PM [express] GET /api/me 401 in 1ms :: {"error":"Não autenticado"}
10:22:26 PM [express] GET /api/me 401 in 0ms :: {"error":"Não autenticado"}
10:22:56 PM [express] GET /api/me 401 in 1ms :: {"error":"Não autenticado"}
10:23:26 PM [express] GET /api/me 401 in 1ms :: {"error":"Não autenticado"}
10:23:56 PM [express] GET /api/me 401 in 1ms :: {"error":"Não autenticado"}
10:24:26 PM [express] GET /api/me 401 in 0ms :: {"error":"Não autenticado"}
10:24:57 PM [express] GET /api/me 401 in 0ms :: {"error":"Não autenticado"}
10:25:27 PM [express] GET /api/me 401 in 0ms :: {"error":"Não autenticado"}
10:25:57 PM [express] GET /api/me 401 in 1ms :: {"error":"Não autenticado"}
10:26:27 PM [express] GET /api/me 401 in 1ms :: {"error":"Não autenticado"}
10:26:57 PM [express] GET /api/me 401 in 1ms :: {"error":"Não autenticado"}
10:27:27 PM [express] GET /api/me 401 in 0ms :: {"error":"Não autenticado"}
10:27:57 PM [express] GET /api/me 401 in 1ms :: {"error":"Não autenticado"}
10:28:27 PM [express] GET /api/me 401 in 1ms :: {"error":"Não autenticado"}
10:28:58 PM [express] GET /api/me 401 in 0ms :: {"error":"Não autenticado"}
10:29:28 PM [express] GET /api/me 401 in 0ms :: {"error":"Não autenticado"}
10:29:58 PM [express] GET /api/me 401 in 0ms :: {"error":"Não autenticado"}
10:30:28 PM [express] GET /api/me 401 in 1ms :: {"error":"Não autenticado"}
10:30:58 PM [express] GET /api/me 401 in 0ms :: {"error":"Não autenticado"}
10:31:28 PM [express] GET /api/me 401 in 0ms :: {"error":"Não autenticado"}
10:31:59 PM [express] GET /api/me 401 in 0ms :: {"error":"Não autenticado"}
10:32:29 PM [express] GET /api/me 401 in 0ms :: {"error":"Não autenticado"}
10:32:59 PM [express] GET /api/me 401 in 0ms :: {"error":"Não autenticado"}
10:33:29 PM [express] GET /api/me 401 in 0ms :: {"error":"Não autenticado"}
10:33:59 PM [express] GET /api/me 401 in 0ms :: {"error":"Não autenticado"}
10:34:29 PM [express] GET /api/me 401 in 0ms :: {"error":"Não autenticado"}
10:35:00 PM [express] GET /api/me 401 in 0ms :: {"error":"Não autenticado"}
10:35:30 PM [express] GET /api/me 401 in 0ms :: {"error":"Não autenticado"}
10:36:00 PM [express] GET /api/me 401 in 1ms :: {"error":"Não autenticado"}
10:36:30 PM [express] GET /api/me 401 in 0ms :: {"error":"Não autenticado"}
10:37:00 PM [express] GET /api/me 401 in 0ms :: {"error":"Não autenticado"}
10:37:30 PM [express] GET /api/me 401 in 0ms :: {"error":"Não autenticado"}
10:38:01 PM [express] GET /api/me 401 in 0ms :: {"error":"Não autenticado"}
10:38:31 PM [express] GET /api/me 401 in 0ms :: {"error":"Não autenticado"}
10:39:01 PM [express] GET /api/me 401 in 0ms :: {"error":"Não autenticado"}
10:39:31 PM [express] GET /api/me 401 in 0ms :: {"error":"Não autenticado"}
10:40:01 PM [express] GET /api/me 401 in 0ms :: {"error":"Não autenticado"}
10:40:31 PM [express] GET /api/me 401 in 1ms :: {"error":"Não autenticado"}
10:41:02 PM [express] GET /api/me 401 in 0ms :: {"error":"Não autenticado"}
10:41:32 PM [express] GET /api/me 401 in 0ms :: {"error":"Não autenticado"}
10:42:02 PM [express] GET /api/me 401 in 0ms :: {"error":"Não autenticado"}
10:42:32 PM [express] GET /api/me 401 in 0ms :: {"error":"Não autenticado"}
10:43:02 PM [express] GET /api/me 401 in 1ms :: {"error":"Não autenticado"}
10:43:32 PM [express] GET /api/me 401 in 0ms :: {"error":"Não autenticado"}
10:44:02 PM [express] GET /api/me 401 in 1ms :: {"error":"Não autenticado"}
10:44:32 PM [express] GET /api/me 401 in 0ms :: {"error":"Não autenticado"}
10:45:03 PM [express] GET /api/me 401 in 0ms :: {"error":"Não autenticado"}
10:45:33 PM [express] GET /api/me 401 in 0ms :: {"error":"Não autenticado"}
10:46:03 PM [express] GET /api/me 401 in 1ms :: {"error":"Não autenticado"}
10:46:33 PM [express] GET /api/me 401 in 0ms :: {"error":"Não autenticado"}
10:47:03 PM [express] GET /api/me 401 in 1ms :: {"error":"Não autenticado"}
10:47:33 PM [express] GET /api/me 401 in 0ms :: {"error":"Não autenticado"}
10:48:04 PM [express] GET /api/me 401 in 0ms :: {"error":"Não autenticado"}
10:48:34 PM [express] GET /api/me 401 in 0ms :: {"error":"Não autenticado"}
10:49:04 PM [express] GET /api/me 401 in 0ms :: {"error":"Não autenticado"}
10:49:34 PM [express] GET /api/me 401 in 1ms :: {"error":"Não autenticado"}
10:50:04 PM [express] GET /api/me 401 in 0ms :: {"error":"Não autenticado"}
10:50:34 PM [express] GET /api/me 401 in 0ms :: {"error":"Não autenticado"}
10:51:05 PM [express] GET /api/me 401 in 0ms :: {"error":"Não autenticado"}
10:51:35 PM [express] GET /api/me 401 in 1ms :: {"error":"Não autenticado"}
10:52:05 PM [express] GET /api/me 401 in 0ms :: {"error":"Não autenticado"}
10:52:35 PM [express] GET /api/me 401 in 1ms :: {"error":"Não autenticado"}
10:53:05 PM [express] GET /api/me 401 in 0ms :: {"error":"Não autenticado"}
10:53:35 PM [express] GET /api/me 401 in 0ms :: {"error":"Não autenticado"}
10:54:06 PM [express] GET /api/me 401 in 0ms :: {"error":"Não autenticado"}
10:54:36 PM [express] GET /api/me 401 in 1ms :: {"error":"Não autenticado"}
10:55:06 PM [express] GET /api/me 401 in 0ms :: {"error":"Não autenticado"}
10:55:36 PM [express] GET /api/me 401 in 0ms :: {"error":"Não autenticado"}
10:56:06 PM [express] GET /api/me 401 in 0ms :: {"error":"Não autenticado"}
10:56:36 PM [express] GET /api/me 401 in 0ms :: {"error":"Não autenticado"}
10:57:06 PM [express] GET /api/me 401 in 0ms :: {"error":"Não autenticado"}
10:57:36 PM [express] GET /api/me 401 in 0ms :: {"error":"Não autenticado"}
10:58:07 PM [express] GET /api/me 401 in 0ms :: {"error":"Não autenticado"}
10:58:37 PM [express] GET /api/me 401 in 0ms :: {"error":"Não autenticado"}
10:59:07 PM [express] GET /api/me 401 in 1ms :: {"error":"Não autenticado"}
10:59:37 PM [express] GET /api/me 401 in 0ms :: {"error":"Não autenticado"}
11:00:07 PM [express] GET /api/me 401 in 0ms :: {"error":"Não autenticado"}
11:00:37 PM [express] GET /api/me 401 in 0ms :: {"error":"Não autenticado"}
11:01:08 PM [express] GET /api/me 401 in 1ms :: {"error":"Não autenticado"}
11:01:38 PM [express] GET /api/me 401 in 0ms :: {"error":"Não autenticado"}
11:02:08 PM [express] GET /api/me 401 in 1ms :: {"error":"Não autenticado"}
11:02:38 PM [express] GET /api/me 401 in 1ms :: {"error":"Não autenticado"}
11:03:08 PM [express] GET /api/me 401 in 1ms :: {"error":"Não autenticado"}
11:03:38 PM [express] GET /api/me 401 in 1ms :: {"error":"Não autenticado"}
11:04:09 PM [express] GET /api/me 401 in 0ms :: {"error":"Não autenticado"}
11:04:39 PM [express] GET /api/me 401 in 0ms :: {"error":"Não autenticado"}
11:05:09 PM [express] GET /api/me 401 in 0ms :: {"error":"Não autenticado"}
11:05:39 PM [express] GET /api/me 401 in 0ms :: {"error":"Não autenticado"}
11:06:09 PM [express] GET /api/me 401 in 1ms :: {"error":"Não autenticado"}
11:06:39 PM [express] GET /api/me 401 in 0ms :: {"error":"Não autenticado"}
11:07:10 PM [express] GET /api/me 401 in 1ms :: {"error":"Não autenticado"}
11:07:40 PM [express] GET /api/me 401 in 0ms :: {"error":"Não autenticado"}
11:08:10 PM [express] GET /api/me 401 in 1ms :: {"error":"Não autenticado"}
11:08:40 PM [express] GET /api/me 401 in 0ms :: {"error":"Não autenticado"}
11:09:10 PM [express] GET /api/me 401 in 1ms :: {"error":"Não autenticado"}
11:09:40 PM [express] GET /api/me 401 in 1ms :: {"error":"Não autenticado"}
11:10:10 PM [express] GET /api/me 401 in 0ms :: {"error":"Não autenticado"}
11:10:40 PM [express] GET /api/me 401 in 1ms :: {"error":"Não autenticado"}
11:11:11 PM [express] GET /api/me 401 in 1ms :: {"error":"Não autenticado"}
11:11:41 PM [express] GET /api/me 401 in 1ms :: {"error":"Não autenticado"}
11:12:11 PM [express] GET /api/me 401 in 1ms :: {"error":"Não autenticado"}
11:12:41 PM [express] GET /api/me 401 in 1ms :: {"error":"Não autenticado"}
11:13:11 PM [express] GET /api/me 401 in 1ms :: {"error":"Não autenticado"}
11:13:41 PM [express] GET /api/me 401 in 0ms :: {"error":"Não autenticado"}
11:14:12 PM [express] GET /api/me 401 in 0ms :: {"error":"Não autenticado"}
11:14:42 PM [express] GET /api/me 401 in 0ms :: {"error":"Não autenticado"}
11:15:12 PM [express] GET /api/me 401 in 1ms :: {"error":"Não autenticado"}
11:15:42 PM [express] GET /api/me 401 in 1ms :: {"error":"Não autenticado"}
11:16:12 PM [express] GET /api/me 401 in 1ms :: {"error":"Não autenticado"}
11:16:42 PM [express] GET /api/me 401 in 1ms :: {"error":"Não autenticado"}
11:17:13 PM [express] GET /api/me 401 in 1ms :: {"error":"Não autenticado"}
11:17:43 PM [express] GET /api/me 401 in 0ms :: {"error":"Não autenticado"}
11:18:13 PM [express] GET /api/me 401 in 1ms :: {"error":"Não autenticado"}
11:18:43 PM [express] GET /api/me 401 in 0ms :: {"error":"Não autenticado"}
11:19:13 PM [express] GET /api/me 401 in 1ms :: {"error":"Não autenticado"}
11:19:43 PM [express] GET /api/me 401 in 1ms :: {"error":"Não autenticado"}
11:20:14 PM [express] GET /api/me 401 in 0ms :: {"error":"Não autenticado"}
11:20:44 PM [express] GET /api/me 401 in 1ms :: {"error":"Não autenticado"}
11:21:14 PM [express] GET /api/me 401 in 0ms :: {"error":"Não autenticado"}
11:21:44 PM [express] GET /api/me 401 in 0ms :: {"error":"Não autenticado"}
11:22:14 PM [express] GET /api/me 401 in 1ms :: {"error":"Não autenticado"}
11:22:44 PM [express] GET /api/me 401 in 0ms :: {"error":"Não autenticado"}
11:23:14 PM [express] GET /api/me 401 in 0ms :: {"error":"Não autenticado"}
11:23:44 PM [express] GET /api/me 401 in 1ms :: {"error":"Não autenticado"}
11:24:15 PM [express] GET /api/me 401 in 0ms :: {"error":"Não autenticado"}
11:24:45 PM [express] GET /api/me 401 in 0ms :: {"error":"Não autenticado"}
11:25:15 PM [express] GET /api/me 401 in 0ms :: {"error":"Não autenticado"}
11:25:45 PM [express] GET /api/me 401 in 0ms :: {"error":"Não autenticado"}
11:26:15 PM [express] GET /api/me 401 in 1ms :: {"error":"Não autenticado"}
11:26:45 PM [express] GET /api/me 401 in 1ms :: {"error":"Não autenticado"}
11:27:16 PM [express] GET /api/me 401 in 0ms :: {"error":"Não autenticado"}
11:27:46 PM [express] GET /api/me 401 in 0ms :: {"error":"Não autenticado"}
11:28:16 PM [express] GET /api/me 401 in 1ms :: {"error":"Não autenticado"}
11:28:46 PM [express] GET /api/me 401 in 0ms :: {"error":"Não autenticado"}
11:29:16 PM [express] GET /api/me 401 in 0ms :: {"error":"Não autenticado"}
11:29:46 PM [express] GET /api/me 401 in 0ms :: {"error":"Não autenticado"}
11:30:17 PM [express] GET /api/me 401 in 0ms :: {"error":"Não autenticado"}
11:30:47 PM [express] GET /api/me 401 in 0ms :: {"error":"Não autenticado"}
11:31:17 PM [express] GET /api/me 401 in 0ms :: {"error":"Não autenticado"}
11:31:47 PM [express] GET /api/me 401 in 1ms :: {"error":"Não autenticado"}
11:32:17 PM [express] GET /api/me 401 in 0ms :: {"error":"Não autenticado"}
11:32:47 PM [express] GET /api/me 401 in 1ms :: {"error":"Não autenticado"}
11:33:18 PM [express] GET /api/me 401 in 0ms :: {"error":"Não autenticado"}
11:33:48 PM [express] GET /api/me 401 in 0ms :: {"error":"Não autenticado"}
11:34:18 PM [express] GET /api/me 401 in 0ms :: {"error":"Não autenticado"}
11:34:48 PM [express] GET /api/me 401 in 1ms :: {"error":"Não autenticado"}
11:35:18 PM [express] GET /api/me 401 in 0ms :: {"error":"Não autenticado"}
[2m2:45:19 PM[22m [36m[1m[vite][22m[39m [90m[2m(client)[22m[39m [32mhmr update [39m[2m/src/App.tsx, /src/components/app-sidebar.tsx, /src/pages/aguardando-aprovacao.tsx, /src/pages/vitrine-opa-detalhe.tsx, /src/pages/opa-detalhe.tsx, /src/pages/area-membros.tsx, /src/pages/vitrine-detalhe.tsx, /src/pages/aura.tsx, /src/pages/login.tsx, /src/pages/painel.tsx, /src/pages/meu-perfil.tsx, /src/pages/vitrine.tsx, /src/pages/comunidade.tsx, /src/pages/bias.tsx, /src/pages/membros.tsx, /src/pages/fluxo-caixa.tsx, /src/pages/oportunidades.tsx, /src/components/company-access-panel.tsx, /src/pages/bias-calculadora.tsx, /src/index.css[22m
[2m3:01:59 PM[22m [36m[1m[vite][22m[39m [90m[2m(client)[22m[39m [32mhmr update [39m[2m/src/App.tsx, /src/index.css[22m
[2m6:48:10 PM[22m [36m[1m[vite][22m[39m [90m[2m(client)[22m[39m [32mhmr update [39m[2m/src/pages/carteira.tsx, /src/index.css[22m
9:39:12 PM [express] GET /api/membros/06196cc4-b506-4fa0-b3eb-a74576d5b059 401 in 3ms :: {"error":"Não autenticado"}
9:39:12 PM [express] GET /api/dashboard 401 in 2ms :: {"error":"Não autenticado"}
9:39:12 PM [express] GET /api/agenda 401 in 1ms :: {"error":"Não autenticado"}
9:39:12 PM [express] GET /api/aura/score/06196cc4-b506-4fa0-b3eb-a74576d5b059 500 in 2ms :: {"error":"connect ECONNREFUSED 127.0.0.1:5433"}
9:39:12 PM [express] GET /api/meu-convite 401 in 1ms :: {"error":"Não autenticado"}
9:39:12 PM [express] GET /api/bia-diretor-solicitacoes/minhas 401 in 1ms :: {"error":"Nao autenticado"}
9:39:12 PM [express] GET /api/bia-socio-solicitacoes/minhas 401 in 1ms :: {"error":"Nao autenticado"}
9:39:12 PM [express] GET /api/chamadas-alianca/minhas 401 in 1ms :: {"error":"Nao autenticado"}
9:39:12 PM [express] GET /api/bia-diretor-solicitacoes/minhas 401 in 0ms :: {"error":"Nao autenticado"}
9:39:12 PM [express] GET /api/bia-socio-solicitacoes/minhas 401 in 0ms :: {"error":"Nao autenticado"}
9:39:12 PM [express] GET /api/chamadas-alianca/minhas 401 in 1ms :: {"error":"Nao autenticado"}
9:39:12 PM [express] GET /api/termos-aceite/codigo_etica 200 in 1ms :: {"chave":"codigo_etica","titulo":"Código de Ética BUILT","versao":"BUILT JUR - 1","origem":"Cadastro inicial","body":"CÓDIGO DE ÉTICA BUILT\n\nEu cumprirei minhas entregas, acordos e responsabilidades com excelência, ética e compromisso.\n\nEu agirei com transparência, lealdade e respeito em todas as relações.\n\nEu protegerei a confiança construída e a reputação coletiva.\n\nEu assumirei responsabilidade integral por minhas ações, decisões e conduta.\n\nEu demonstrarei postura construtiva, colaborativa e comprometida com a continuidade das alianças.\n\nEu honrarei os esforços e a dignidade dos meus aliados acima do lucro."}
9:39:12 PM [express] POST /api/usage-events 401 in 0ms :: {"error":"Nao autenticado"}
9:39:14 PM [express] GET /api/assets/1e2983ee-d739-492a-a13d-f5f398676c87 304 in 2327ms
9:39:42 PM [express] GET /api/me 401 in 0ms :: {"error":"Não autenticado"}
9:39:47 PM [express] POST /api/login 500 in 4ms :: {"error":"fetch failed"}
9:39:51 PM [express] GET /api/me 401 in 0ms :: {"error":"Não autenticado"}
9:39:55 PM [express] POST /api/login 500 in 3ms :: {"error":"fetch failed"}
9:40:21 PM [express] GET /api/me 401 in 1ms :: {"error":"Não autenticado"}
9:40:42 PM [express] POST /api/login 500 in 3ms :: {"error":"fetch failed"}
9:40:44 PM [express] GET /api/me 401 in 0ms :: {"error":"Não autenticado"}
9:40:45 PM [express] GET /api/me 401 in 0ms :: {"error":"Não autenticado"}
9:40:46 PM [express] GET /api/me 401 in 1ms :: {"error":"Não autenticado"}
9:41:16 PM [express] GET /api/me 401 in 0ms :: {"error":"Não autenticado"}
9:41:46 PM [express] GET /api/me 401 in 1ms :: {"error":"Não autenticado"}
9:41:59 PM [express] GET /api/me 401 in 0ms :: {"error":"Não autenticado"}
9:42:29 PM [express] GET /api/me 401 in 0ms :: {"error":"Não autenticado"}
9:42:59 PM [express] GET /api/me 401 in 1ms :: {"error":"Não autenticado"}
9:43:29 PM [express] GET /api/me 401 in 0ms :: {"error":"Não autenticado"}
9:43:59 PM [express] GET /api/me 401 in 0ms :: {"error":"Não autenticado"}
9:44:29 PM [express] GET /api/me 401 in 0ms :: {"error":"Não autenticado"}
9:44:46 PM [express] POST /api/login 500 in 3ms :: {"error":"fetch failed"}
9:44:59 PM [express] GET /api/me 401 in 1ms :: {"error":"Não autenticado"}
9:45:29 PM [express] GET /api/me 401 in 0ms :: {"error":"Não autenticado"}
9:45:59 PM [express] GET /api/me 401 in 0ms :: {"error":"Não autenticado"}
9:46:30 PM [express] GET /api/me 401 in 0ms :: {"error":"Não autenticado"}
9:47:00 PM [express] GET /api/me 401 in 1ms :: {"error":"Não autenticado"}
9:47:30 PM [express] GET /api/me 401 in 0ms :: {"error":"Não autenticado"}
9:48:00 PM [express] GET /api/me 401 in 1ms :: {"error":"Não autenticado"}
9:48:30 PM [express] GET /api/me 401 in 0ms :: {"error":"Não autenticado"}
9:49:00 PM [express] GET /api/me 401 in 0ms :: {"error":"Não autenticado"}
9:49:27 PM [express] POST /api/login 500 in 2ms :: {"error":"fetch failed"}
9:49:29 PM [express] POST /api/login 500 in 2ms :: {"error":"fetch failed"}
9:49:30 PM [express] GET /api/me 401 in 0ms :: {"error":"Não autenticado"}
9:49:35 PM [express] GET /api/me 401 in 0ms :: {"error":"Não autenticado"}
9:50:00 PM [express] GET /api/me 401 in 1ms :: {"error":"Não autenticado"}
9:50:05 PM [express] GET /api/me 401 in 0ms :: {"error":"Não autenticado"}
9:50:30 PM [express] GET /api/me 401 in 1ms :: {"error":"Não autenticado"}
9:50:35 PM [express] GET /api/me 401 in 0ms :: {"error":"Não autenticado"}
9:51:01 PM [express] GET /api/me 401 in 1ms :: {"error":"Não autenticado"}
9:51:05 PM [express] GET /api/me 401 in 1ms :: {"error":"Não autenticado"}
9:51:31 PM [express] GET /api/me 401 in 0ms :: {"error":"Não autenticado"}
