[usage] Tabela nao sincronizada: connect ECONNREFUSED 127.0.0.1:5433
Error: connect ECONNREFUSED 127.0.0.1:5433
    at C:\Users\ESPC\Documents\New project 2\node_modules\pg-pool\index.js:45:11
    at process.processTicksAndRejections (node:internal/process/task_queues:104:5)
    at async ensureOpaInteressesCrmFields (C:\Users\ESPC\Documents\New project 2\server\routes.ts:2279:3) {
  errno: -4078,
  code: 'ECONNREFUSED',
  syscall: 'connect',
  address: '127.0.0.1',
  port: 5433
}
[convites_link] Campo tipo nao sincronizado: connect ECONNREFUSED 127.0.0.1:5433
[agenda] Tabela nao sincronizada: connect ECONNREFUSED 127.0.0.1:5433
[bia-diretores] Tabela nao sincronizada: connect ECONNREFUSED 127.0.0.1:5433
[bia-socios] Tabela nao sincronizada: connect ECONNREFUSED 127.0.0.1:5433
[bia-mou] Tabela nao sincronizada: connect ECONNREFUSED 127.0.0.1:5433
[bia-access] Tabela nao sincronizada: connect ECONNREFUSED 127.0.0.1:5433
[company-access] Tabela nao sincronizada: connect ECONNREFUSED 127.0.0.1:5433
[company-plan] Tabela nao sincronizada: connect ECONNREFUSED 127.0.0.1:5433
[termos-aceite] Tabela nao sincronizada: connect ECONNREFUSED 127.0.0.1:5433
[chamadas-alianca] Tabela nao sincronizada: connect ECONNREFUSED 127.0.0.1:5433
[bia_info_comercial] Campos do ativo nao sincronizados: connect ECONNREFUSED 127.0.0.1:5433
[bia-banco] Tabelas nao sincronizadas: connect ECONNREFUSED 127.0.0.1:5433
[land-bank] Tabela nao sincronizada: connect ECONNREFUSED 127.0.0.1:5433
[inventario] Tabelas nao sincronizadas: connect ECONNREFUSED 127.0.0.1:5433
[membro-comunidade-mae] Tabela nao sincronizada: connect ECONNREFUSED 127.0.0.1:5433
[anuncios_pagamento] Campos de pagamento nao sincronizados: connect ECONNREFUSED 127.0.0.1:5433
[fluxo_historico] Tabela de historico nao sincronizada: connect ECONNREFUSED 127.0.0.1:5433
[geo-bias] Field latitude response: 400
[vitrine-fields] Field na_vitrine response: 400
[geo-opa] Field latitude response: 400
[opa-media] Field imagem_directus_id response: 400
[vitrine-fields] Field em_membros_built response: 400
[geo-bias] Field longitude response: 400
[geo-opa] Field longitude response: 400
[opa-media] Field ramo_atuacao response: 400
[geo-bias] Field localizacao response: 400
[vitrine-fields] Field em_built_capital response: 400
[opa-media] Field criado_por_user_id response: 400
[vitrine-fields] Field link_site response: 400
[opa-media] Field criado_por_membro_id response: 400
[geo-opa] Field localizacao response: 400
[vitrine-fields] Field latitude response: 400
[vitrine-fields] Field longitude response: 400
[vitrine-fields] Field foto_posicao_x response: 400
[vitrine-fields] Field foto_posicao_y response: 400
[vitrine-fields] Field logo_empresa response: 400
[vitrine-fields] Field especialidade_livre response: 400
[vitrine-fields] Field ramo_atuacao response: 400
[vitrine-fields] Field segmento response: 400
[vitrine-fields] Field area_atuacao response: 400
[vitrine-fields] Field idiomas response: 400
[categorias] Field bia_id response: 400
[transferencias_cotas] Campo anexos nao sincronizado: connect ECONNREFUSED 127.0.0.1:5433
[vitrine-fields] Field nucleos_alianca response: 400
[vitrine-fields] Field tipos_alianca response: 400
[vitrine-fields] Field codigo_etica_aceito_em response: 400
[vitrine-fields] Field codigo_etica_versao response: 400
Browserslist: browsers data (caniuse-lite) is 9 months old. Please run:
  npx update-browserslist-db@latest
  Why you should do it regularly: https://github.com/browserslist/update-db#readme
[vitrine-fields] Field politicas_participacao_aceito_em response: 400

A PostCSS plugin did not pass the `from` option to `postcss.parse`. This may cause imported assets to be incorrectly transformed. If you've recently added a PostCSS plugin that raised this warning, please contact the package author to fix the issue.
[vitrine-fields] Field politicas_participacao_versao response: 400
[vitrine-fields] Field vitrine_termo_aceito_em response: 400
[vitrine-fields] Field vitrine_termo_versao response: 400
[vitrine-fields] Field built_capital_termo_aceito_em response: 400
[vitrine-fields] Field built_capital_termo_versao response: 400
[vitrine-fields] Field area_aliancas_termo_aceito_em response: 400
[vitrine-fields] Field area_aliancas_termo_versao response: 400
[vitrine-fields] Field nacionalidade response: 400
[vitrine-fields] Field nome_mae response: 400
[vitrine-fields] Field nome_pai response: 400
[vitrine-fields] Field data_nascimento response: 400
[vitrine-fields] Field profissao response: 400
[vitrine-fields] Field cpf response: 400
[vitrine-fields] Field cnpj response: 400
[vitrine-fields] Field rg response: 400
[vitrine-fields] Field estado_civil response: 400
[vitrine-fields] Field regime_comunhao response: 400
[vitrine-fields] Field conjuge_nome_completo response: 400
[vitrine-fields] Field conjuge_nacionalidade response: 400
[vitrine-fields] Field conjuge_nome_mae response: 400
[vitrine-fields] Field conjuge_nome_pai response: 400
[vitrine-fields] Field conjuge_data_nascimento response: 400
[vitrine-fields] Field conjuge_profissao response: 400
[vitrine-fields] Field conjuge_email response: 400
[vitrine-fields] Field conjuge_telefone response: 400
[vitrine-fields] Field conjuge_cpf response: 400
[vitrine-fields] Field conjuge_rg response: 400
[vitrine-fields] Field mesmo_endereco response: 400
[vitrine-fields] Field cep response: 400
[vitrine-fields] Field endereco response: 400
[vitrine-fields] Field numero response: 400
[vitrine-fields] Field complemento response: 400
[vitrine-fields] Field bairro response: 400
[vitrine-fields] Field titular_cep response: 400
[vitrine-fields] Field titular_endereco response: 400
[vitrine-fields] Field titular_numero response: 400
[vitrine-fields] Field titular_complemento response: 400
[vitrine-fields] Field titular_bairro response: 400
[vitrine-fields] Field titular_cidade response: 400
[vitrine-fields] Field titular_estado response: 400
[vitrine-fields] Field titular_pais response: 400
[vitrine-fields] Field conjuge_cep response: 400
[vitrine-fields] Field conjuge_endereco response: 400
[vitrine-fields] Field conjuge_numero response: 400
[vitrine-fields] Field conjuge_complemento response: 400
[vitrine-fields] Field conjuge_bairro response: 400
[vitrine-fields] Field conjuge_cidade response: 400
[vitrine-fields] Field conjuge_estado response: 400
[vitrine-fields] Field conjuge_pais response: 400
[login] local user lookup error: connect ECONNREFUSED 127.0.0.1:5433
[usage] evento registrado apenas em memoria: connect ECONNREFUSED 127.0.0.1:5433
[usage] evento registrado apenas em memoria: connect ECONNREFUSED 127.0.0.1:5433
[directus-fallback] tipos_oportunidades carregado via https://app.builtalliances.com/api/oportunidades
[usage] evento registrado apenas em memoria: connect ECONNREFUSED 127.0.0.1:5433
[cron] reminder job error: Error: connect ECONNREFUSED 127.0.0.1:5433
    at C:\Users\ESPC\Documents\New project 2\node_modules\pg-pool\index.js:45:11
    at process.processTicksAndRejections (node:internal/process/task_queues:104:5)
    at async <anonymous> (C:\Users\ESPC\Documents\New project 2\node_modules\src\node-postgres\session.ts:104:19)
    at async <anonymous> (C:\Users\ESPC\Documents\New project 2\server\index.ts:157:25)
    at async Timeout._onTimeout (C:\Users\ESPC\Documents\New project 2\node_modules\node-cron\src\scheduler\runner.ts:100:30) {
  errno: -4078,
  code: 'ECONNREFUSED',
  syscall: 'connect',
  address: '127.0.0.1',
  port: 5433
}
[usage] evento registrado apenas em memoria: connect ECONNREFUSED 127.0.0.1:5433
[usage] evento registrado apenas em memoria: connect ECONNREFUSED 127.0.0.1:5433
[cron] reminder job error: Error: connect ECONNREFUSED 127.0.0.1:5433
    at C:\Users\ESPC\Documents\New project 2\node_modules\pg-pool\index.js:45:11
    at process.processTicksAndRejections (node:internal/process/task_queues:104:5)
    at async <anonymous> (C:\Users\ESPC\Documents\New project 2\node_modules\src\node-postgres\session.ts:104:19)
    at async <anonymous> (C:\Users\ESPC\Documents\New project 2\server\index.ts:157:25)
    at async Timeout._onTimeout (C:\Users\ESPC\Documents\New project 2\node_modules\node-cron\src\scheduler\runner.ts:100:30) {
  errno: -4078,
  code: 'ECONNREFUSED',
  syscall: 'connect',
  address: '127.0.0.1',
  port: 5433
}
[cron] reminder job error: Error: connect ECONNREFUSED 127.0.0.1:5433
    at C:\Users\ESPC\Documents\New project 2\node_modules\pg-pool\index.js:45:11
    at process.processTicksAndRejections (node:internal/process/task_queues:104:5)
    at async <anonymous> (C:\Users\ESPC\Documents\New project 2\node_modules\src\node-postgres\session.ts:104:19)
    at async <anonymous> (C:\Users\ESPC\Documents\New project 2\server\index.ts:157:25)
    at async Timeout._onTimeout (C:\Users\ESPC\Documents\New project 2\node_modules\node-cron\src\scheduler\runner.ts:100:30) {
  errno: -4078,
  code: 'ECONNREFUSED',
  syscall: 'connect',
  address: '127.0.0.1',
  port: 5433
}
[cron] reminder job error: Error: connect ECONNREFUSED 127.0.0.1:5433
    at C:\Users\ESPC\Documents\New project 2\node_modules\pg-pool\index.js:45:11
    at process.processTicksAndRejections (node:internal/process/task_queues:104:5)
    at async <anonymous> (C:\Users\ESPC\Documents\New project 2\node_modules\src\node-postgres\session.ts:104:19)
    at async <anonymous> (C:\Users\ESPC\Documents\New project 2\server\index.ts:157:25)
    at async Timeout._onTimeout (C:\Users\ESPC\Documents\New project 2\node_modules\node-cron\src\scheduler\runner.ts:100:30) {
  errno: -4078,
  code: 'ECONNREFUSED',
  syscall: 'connect',
  address: '127.0.0.1',
  port: 5433
}
[cron] reminder job error: Error: connect ECONNREFUSED 127.0.0.1:5433
    at C:\Users\ESPC\Documents\New project 2\node_modules\pg-pool\index.js:45:11
    at process.processTicksAndRejections (node:internal/process/task_queues:104:5)
    at async <anonymous> (C:\Users\ESPC\Documents\New project 2\node_modules\src\node-postgres\session.ts:104:19)
    at async <anonymous> (C:\Users\ESPC\Documents\New project 2\server\index.ts:157:25)
    at async Timeout._onTimeout (C:\Users\ESPC\Documents\New project 2\node_modules\node-cron\src\scheduler\runner.ts:100:30) {
  errno: -4078,
  code: 'ECONNREFUSED',
  syscall: 'connect',
  address: '127.0.0.1',
  port: 5433
}
[cron] reminder job error: Error: connect ECONNREFUSED 127.0.0.1:5433
    at C:\Users\ESPC\Documents\New project 2\node_modules\pg-pool\index.js:45:11
    at process.processTicksAndRejections (node:internal/process/task_queues:104:5)
    at async <anonymous> (C:\Users\ESPC\Documents\New project 2\node_modules\src\node-postgres\session.ts:104:19)
    at async <anonymous> (C:\Users\ESPC\Documents\New project 2\server\index.ts:157:25)
    at async Timeout._onTimeout (C:\Users\ESPC\Documents\New project 2\node_modules\node-cron\src\scheduler\runner.ts:100:30) {
  errno: -4078,
  code: 'ECONNREFUSED',
  syscall: 'connect',
  address: '127.0.0.1',
  port: 5433
}
[cron] reminder job error: Error: connect ECONNREFUSED 127.0.0.1:5433
    at C:\Users\ESPC\Documents\New project 2\node_modules\pg-pool\index.js:45:11
    at process.processTicksAndRejections (node:internal/process/task_queues:104:5)
    at async <anonymous> (C:\Users\ESPC\Documents\New project 2\node_modules\src\node-postgres\session.ts:104:19)
    at async <anonymous> (C:\Users\ESPC\Documents\New project 2\server\index.ts:157:25)
    at async Timeout._onTimeout (C:\Users\ESPC\Documents\New project 2\node_modules\node-cron\src\scheduler\runner.ts:100:30) {
  errno: -4078,
  code: 'ECONNREFUSED',
  syscall: 'connect',
  address: '127.0.0.1',
  port: 5433
}
[directus-fallback] bias_projetos carregado via https://app.builtalliances.com/api/bias
[cron] reminder job error: Error: connect ECONNREFUSED 127.0.0.1:5433
    at C:\Users\ESPC\Documents\New project 2\node_modules\pg-pool\index.js:45:11
    at process.processTicksAndRejections (node:internal/process/task_queues:104:5)
    at async <anonymous> (C:\Users\ESPC\Documents\New project 2\node_modules\src\node-postgres\session.ts:104:19)
    at async <anonymous> (C:\Users\ESPC\Documents\New project 2\server\index.ts:157:25)
    at async Timeout._onTimeout (C:\Users\ESPC\Documents\New project 2\node_modules\node-cron\src\scheduler\runner.ts:100:30) {
  errno: -4078,
  code: 'ECONNREFUSED',
  syscall: 'connect',
  address: '127.0.0.1',
  port: 5433
}
[cron] reminder job error: Error: connect ECONNREFUSED 127.0.0.1:5433
    at C:\Users\ESPC\Documents\New project 2\node_modules\pg-pool\index.js:45:11
    at process.processTicksAndRejections (node:internal/process/task_queues:104:5)
    at async <anonymous> (C:\Users\ESPC\Documents\New project 2\node_modules\src\node-postgres\session.ts:104:19)
    at async <anonymous> (C:\Users\ESPC\Documents\New project 2\server\index.ts:157:25)
    at async Timeout._onTimeout (C:\Users\ESPC\Documents\New project 2\node_modules\node-cron\src\scheduler\runner.ts:100:30) {
  errno: -4078,
  code: 'ECONNREFUSED',
  syscall: 'connect',
  address: '127.0.0.1',
  port: 5433
}
[directus-fallback] Comunidade carregado do ultimo snapshot local dos logs
[directus-fallback] tipos_oportunidades carregado via https://app.builtalliances.com/api/oportunidades
[cron] reminder job error: Error: connect ECONNREFUSED 127.0.0.1:5433
    at C:\Users\ESPC\Documents\New project 2\node_modules\pg-pool\index.js:45:11
    at process.processTicksAndRejections (node:internal/process/task_queues:104:5)
    at async <anonymous> (C:\Users\ESPC\Documents\New project 2\node_modules\src\node-postgres\session.ts:104:19)
    at async <anonymous> (C:\Users\ESPC\Documents\New project 2\server\index.ts:157:25)
    at async Timeout._onTimeout (C:\Users\ESPC\Documents\New project 2\node_modules\node-cron\src\scheduler\runner.ts:100:30) {
  errno: -4078,
  code: 'ECONNREFUSED',
  syscall: 'connect',
  address: '127.0.0.1',
  port: 5433
}
[directus-fallback] bias_projetos carregado via https://app.builtalliances.com/api/bias
[cron] reminder job error: Error: connect ECONNREFUSED 127.0.0.1:5433
    at C:\Users\ESPC\Documents\New project 2\node_modules\pg-pool\index.js:45:11
    at process.processTicksAndRejections (node:internal/process/task_queues:104:5)
    at async <anonymous> (C:\Users\ESPC\Documents\New project 2\node_modules\src\node-postgres\session.ts:104:19)
    at async <anonymous> (C:\Users\ESPC\Documents\New project 2\server\index.ts:157:25)
    at async Timeout._onTimeout (C:\Users\ESPC\Documents\New project 2\node_modules\node-cron\src\scheduler\runner.ts:100:30) {
  errno: -4078,
  code: 'ECONNREFUSED',
  syscall: 'connect',
  address: '127.0.0.1',
  port: 5433
}
[directus-fallback] tipos_oportunidades carregado via https://app.builtalliances.com/api/oportunidades
[2026-07-29T00:18:52.300Z] [PID: 15704] [32m[NODE-CRON][32m [33m[WARN][0m missed execution at Wed Jul 29 2026 03:00:00 GMT+0900 (Japan Standard Time)! Possible blocking IO or high CPU user at the same process used by node-cron.
[2026-07-29T00:18:52.319Z] [PID: 15704] [32m[NODE-CRON][32m [33m[WARN][0m missed execution at Wed Jul 29 2026 03:30:00 GMT+0900 (Japan Standard Time)! Possible blocking IO or high CPU user at the same process used by node-cron.
[2026-07-29T00:18:52.323Z] [PID: 15704] [32m[NODE-CRON][32m [33m[WARN][0m missed execution at Wed Jul 29 2026 04:00:00 GMT+0900 (Japan Standard Time)! Possible blocking IO or high CPU user at the same process used by node-cron.
[2026-07-29T00:18:52.328Z] [PID: 15704] [32m[NODE-CRON][32m [33m[WARN][0m missed execution at Wed Jul 29 2026 04:30:00 GMT+0900 (Japan Standard Time)! Possible blocking IO or high CPU user at the same process used by node-cron.
[2026-07-29T00:18:52.332Z] [PID: 15704] [32m[NODE-CRON][32m [33m[WARN][0m missed execution at Wed Jul 29 2026 05:00:00 GMT+0900 (Japan Standard Time)! Possible blocking IO or high CPU user at the same process used by node-cron.
[2026-07-29T00:18:52.336Z] [PID: 15704] [32m[NODE-CRON][32m [33m[WARN][0m missed execution at Wed Jul 29 2026 05:30:00 GMT+0900 (Japan Standard Time)! Possible blocking IO or high CPU user at the same process used by node-cron.
[2026-07-29T00:18:52.341Z] [PID: 15704] [32m[NODE-CRON][32m [33m[WARN][0m missed execution at Wed Jul 29 2026 06:00:00 GMT+0900 (Japan Standard Time)! Possible blocking IO or high CPU user at the same process used by node-cron.
[2026-07-29T00:18:52.345Z] [PID: 15704] [32m[NODE-CRON][32m [33m[WARN][0m missed execution at Wed Jul 29 2026 06:30:00 GMT+0900 (Japan Standard Time)! Possible blocking IO or high CPU user at the same process used by node-cron.
[2026-07-29T00:18:52.350Z] [PID: 15704] [32m[NODE-CRON][32m [33m[WARN][0m missed execution at Wed Jul 29 2026 07:00:00 GMT+0900 (Japan Standard Time)! Possible blocking IO or high CPU user at the same process used by node-cron.
[2026-07-29T00:18:52.353Z] [PID: 15704] [32m[NODE-CRON][32m [33m[WARN][0m missed execution at Wed Jul 29 2026 07:30:00 GMT+0900 (Japan Standard Time)! Possible blocking IO or high CPU user at the same process used by node-cron.
[2026-07-29T00:18:52.357Z] [PID: 15704] [32m[NODE-CRON][32m [33m[WARN][0m missed execution at Wed Jul 29 2026 08:00:00 GMT+0900 (Japan Standard Time)! Possible blocking IO or high CPU user at the same process used by node-cron.
[2026-07-29T00:18:52.361Z] [PID: 15704] [32m[NODE-CRON][32m [33m[WARN][0m missed execution at Wed Jul 29 2026 08:30:00 GMT+0900 (Japan Standard Time)! Possible blocking IO or high CPU user at the same process used by node-cron.
[2026-07-29T00:18:52.368Z] [PID: 15704] [32m[NODE-CRON][32m [33m[WARN][0m missed execution at Wed Jul 29 2026 09:00:00 GMT+0900 (Japan Standard Time)! Possible blocking IO or high CPU user at the same process used by node-cron.
[directus-fallback] falha em tipos_oportunidades: fetch failed
Internal Server Error: [TypeError: fetch failed] {
  [cause]: Error: getaddrinfo ENOTFOUND databases.builtalliances.com
      at GetAddrInfoReqWrap.onlookupall [as oncomplete] (node:dns:122:26) {
    errno: -3008,
    code: 'ENOTFOUND',
    syscall: 'getaddrinfo',
    hostname: 'databases.builtalliances.com'
  }
}
[directus-fallback] cadastro_geral carregado do ultimo snapshot local dos logs
[cron] reminder job error: Error: connect ECONNREFUSED 127.0.0.1:5433
    at C:\Users\ESPC\Documents\New project 2\node_modules\pg-pool\index.js:45:11
    at process.processTicksAndRejections (node:internal/process/task_queues:104:5)
    at async <anonymous> (C:\Users\ESPC\Documents\New project 2\node_modules\src\node-postgres\session.ts:104:19)
    at async <anonymous> (C:\Users\ESPC\Documents\New project 2\server\index.ts:157:25)
    at async Timeout._onTimeout (C:\Users\ESPC\Documents\New project 2\node_modules\node-cron\src\scheduler\runner.ts:100:30) {
  errno: -4078,
  code: 'ECONNREFUSED',
  syscall: 'connect',
  address: '127.0.0.1',
  port: 5433
}
[cron] reminder job error: Error: connect ECONNREFUSED 127.0.0.1:5433
    at C:\Users\ESPC\Documents\New project 2\node_modules\pg-pool\index.js:45:11
    at process.processTicksAndRejections (node:internal/process/task_queues:104:5)
    at async <anonymous> (C:\Users\ESPC\Documents\New project 2\node_modules\src\node-postgres\session.ts:104:19)
    at async <anonymous> (C:\Users\ESPC\Documents\New project 2\server\index.ts:157:25)
    at async Timeout._onTimeout (C:\Users\ESPC\Documents\New project 2\node_modules\node-cron\src\scheduler\runner.ts:100:30) {
  errno: -4078,
  code: 'ECONNREFUSED',
  syscall: 'connect',
  address: '127.0.0.1',
  port: 5433
}
[cron] reminder job error: Error: connect ECONNREFUSED 127.0.0.1:5433
    at C:\Users\ESPC\Documents\New project 2\node_modules\pg-pool\index.js:45:11
    at process.processTicksAndRejections (node:internal/process/task_queues:104:5)
    at async <anonymous> (C:\Users\ESPC\Documents\New project 2\node_modules\src\node-postgres\session.ts:104:19)
    at async <anonymous> (C:\Users\ESPC\Documents\New project 2\server\index.ts:157:25)
    at async Timeout._onTimeout (C:\Users\ESPC\Documents\New project 2\node_modules\node-cron\src\scheduler\runner.ts:100:30) {
  errno: -4078,
  code: 'ECONNREFUSED',
  syscall: 'connect',
  address: '127.0.0.1',
  port: 5433
}
[cron] reminder job error: Error: connect ECONNREFUSED 127.0.0.1:5433
    at C:\Users\ESPC\Documents\New project 2\node_modules\pg-pool\index.js:45:11
    at process.processTicksAndRejections (node:internal/process/task_queues:104:5)
    at async <anonymous> (C:\Users\ESPC\Documents\New project 2\node_modules\src\node-postgres\session.ts:104:19)
    at async <anonymous> (C:\Users\ESPC\Documents\New project 2\server\index.ts:157:25)
    at async Timeout._onTimeout (C:\Users\ESPC\Documents\New project 2\node_modules\node-cron\src\scheduler\runner.ts:100:30) {
  errno: -4078,
  code: 'ECONNREFUSED',
  syscall: 'connect',
  address: '127.0.0.1',
  port: 5433
}
[cron] reminder job error: Error: connect ECONNREFUSED 127.0.0.1:5433
    at C:\Users\ESPC\Documents\New project 2\node_modules\pg-pool\index.js:45:11
    at process.processTicksAndRejections (node:internal/process/task_queues:104:5)
    at async <anonymous> (C:\Users\ESPC\Documents\New project 2\node_modules\src\node-postgres\session.ts:104:19)
    at async <anonymous> (C:\Users\ESPC\Documents\New project 2\server\index.ts:157:25)
    at async Timeout._onTimeout (C:\Users\ESPC\Documents\New project 2\node_modules\node-cron\src\scheduler\runner.ts:100:30) {
  errno: -4078,
  code: 'ECONNREFUSED',
  syscall: 'connect',
  address: '127.0.0.1',
  port: 5433
}
[cron] reminder job error: Error: connect ECONNREFUSED 127.0.0.1:5433
    at C:\Users\ESPC\Documents\New project 2\node_modules\pg-pool\index.js:45:11
    at process.processTicksAndRejections (node:internal/process/task_queues:104:5)
    at async <anonymous> (C:\Users\ESPC\Documents\New project 2\node_modules\src\node-postgres\session.ts:104:19)
    at async <anonymous> (C:\Users\ESPC\Documents\New project 2\server\index.ts:157:25)
    at async Timeout._onTimeout (C:\Users\ESPC\Documents\New project 2\node_modules\node-cron\src\scheduler\runner.ts:100:30) {
  errno: -4078,
  code: 'ECONNREFUSED',
  syscall: 'connect',
  address: '127.0.0.1',
  port: 5433
}
[cron] reminder job error: Error: connect ECONNREFUSED 127.0.0.1:5433
    at C:\Users\ESPC\Documents\New project 2\node_modules\pg-pool\index.js:45:11
    at process.processTicksAndRejections (node:internal/process/task_queues:104:5)
    at async <anonymous> (C:\Users\ESPC\Documents\New project 2\node_modules\src\node-postgres\session.ts:104:19)
    at async <anonymous> (C:\Users\ESPC\Documents\New project 2\server\index.ts:157:25)
    at async Timeout._onTimeout (C:\Users\ESPC\Documents\New project 2\node_modules\node-cron\src\scheduler\runner.ts:100:30) {
  errno: -4078,
  code: 'ECONNREFUSED',
  syscall: 'connect',
  address: '127.0.0.1',
  port: 5433
}
[cron] reminder job error: Error: connect ECONNREFUSED 127.0.0.1:5433
    at C:\Users\ESPC\Documents\New project 2\node_modules\pg-pool\index.js:45:11
    at process.processTicksAndRejections (node:internal/process/task_queues:104:5)
    at async <anonymous> (C:\Users\ESPC\Documents\New project 2\node_modules\src\node-postgres\session.ts:104:19)
    at async <anonymous> (C:\Users\ESPC\Documents\New project 2\server\index.ts:157:25)
    at async Timeout._onTimeout (C:\Users\ESPC\Documents\New project 2\node_modules\node-cron\src\scheduler\runner.ts:100:30) {
  errno: -4078,
  code: 'ECONNREFUSED',
  syscall: 'connect',
  address: '127.0.0.1',
  port: 5433
}
[cron] reminder job error: Error: connect ECONNREFUSED 127.0.0.1:5433
    at C:\Users\ESPC\Documents\New project 2\node_modules\pg-pool\index.js:45:11
    at process.processTicksAndRejections (node:internal/process/task_queues:104:5)
    at async <anonymous> (C:\Users\ESPC\Documents\New project 2\node_modules\src\node-postgres\session.ts:104:19)
    at async <anonymous> (C:\Users\ESPC\Documents\New project 2\server\index.ts:157:25)
    at async Timeout._onTimeout (C:\Users\ESPC\Documents\New project 2\node_modules\node-cron\src\scheduler\runner.ts:100:30) {
  errno: -4078,
  code: 'ECONNREFUSED',
  syscall: 'connect',
  address: '127.0.0.1',
  port: 5433
}
[cron] reminder job error: Error: connect ECONNREFUSED 127.0.0.1:5433
    at C:\Users\ESPC\Documents\New project 2\node_modules\pg-pool\index.js:45:11
    at process.processTicksAndRejections (node:internal/process/task_queues:104:5)
    at async <anonymous> (C:\Users\ESPC\Documents\New project 2\node_modules\src\node-postgres\session.ts:104:19)
    at async <anonymous> (C:\Users\ESPC\Documents\New project 2\server\index.ts:157:25)
    at async Timeout._onTimeout (C:\Users\ESPC\Documents\New project 2\node_modules\node-cron\src\scheduler\runner.ts:100:30) {
  errno: -4078,
  code: 'ECONNREFUSED',
  syscall: 'connect',
  address: '127.0.0.1',
  port: 5433
}
[cron] reminder job error: Error: connect ECONNREFUSED 127.0.0.1:5433
    at C:\Users\ESPC\Documents\New project 2\node_modules\pg-pool\index.js:45:11
    at process.processTicksAndRejections (node:internal/process/task_queues:104:5)
    at async <anonymous> (C:\Users\ESPC\Documents\New project 2\node_modules\src\node-postgres\session.ts:104:19)
    at async <anonymous> (C:\Users\ESPC\Documents\New project 2\server\index.ts:157:25)
    at async Timeout._onTimeout (C:\Users\ESPC\Documents\New project 2\node_modules\node-cron\src\scheduler\runner.ts:100:30) {
  errno: -4078,
  code: 'ECONNREFUSED',
  syscall: 'connect',
  address: '127.0.0.1',
  port: 5433
}
[cron] reminder job error: Error: connect ECONNREFUSED 127.0.0.1:5433
    at C:\Users\ESPC\Documents\New project 2\node_modules\pg-pool\index.js:45:11
    at process.processTicksAndRejections (node:internal/process/task_queues:104:5)
    at async <anonymous> (C:\Users\ESPC\Documents\New project 2\node_modules\src\node-postgres\session.ts:104:19)
    at async <anonymous> (C:\Users\ESPC\Documents\New project 2\server\index.ts:157:25)
    at async Timeout._onTimeout (C:\Users\ESPC\Documents\New project 2\node_modules\node-cron\src\scheduler\runner.ts:100:30) {
  errno: -4078,
  code: 'ECONNREFUSED',
  syscall: 'connect',
  address: '127.0.0.1',
  port: 5433
}
[cron] reminder job error: Error: connect ECONNREFUSED 127.0.0.1:5433
    at C:\Users\ESPC\Documents\New project 2\node_modules\pg-pool\index.js:45:11
    at process.processTicksAndRejections (node:internal/process/task_queues:104:5)
    at async <anonymous> (C:\Users\ESPC\Documents\New project 2\node_modules\src\node-postgres\session.ts:104:19)
    at async <anonymous> (C:\Users\ESPC\Documents\New project 2\server\index.ts:157:25)
    at async Timeout._onTimeout (C:\Users\ESPC\Documents\New project 2\node_modules\node-cron\src\scheduler\runner.ts:100:30) {
  errno: -4078,
  code: 'ECONNREFUSED',
  syscall: 'connect',
  address: '127.0.0.1',
  port: 5433
}
[cron] reminder job error: Error: connect ECONNREFUSED 127.0.0.1:5433
    at C:\Users\ESPC\Documents\New project 2\node_modules\pg-pool\index.js:45:11
    at process.processTicksAndRejections (node:internal/process/task_queues:104:5)
    at async <anonymous> (C:\Users\ESPC\Documents\New project 2\node_modules\src\node-postgres\session.ts:104:19)
    at async <anonymous> (C:\Users\ESPC\Documents\New project 2\server\index.ts:157:25)
    at async Timeout._onTimeout (C:\Users\ESPC\Documents\New project 2\node_modules\node-cron\src\scheduler\runner.ts:100:30) {
  errno: -4078,
  code: 'ECONNREFUSED',
  syscall: 'connect',
  address: '127.0.0.1',
  port: 5433
}
[cron] reminder job error: Error: connect ECONNREFUSED 127.0.0.1:5433
    at C:\Users\ESPC\Documents\New project 2\node_modules\pg-pool\index.js:45:11
    at process.processTicksAndRejections (node:internal/process/task_queues:104:5)
    at async <anonymous> (C:\Users\ESPC\Documents\New project 2\node_modules\src\node-postgres\session.ts:104:19)
    at async <anonymous> (C:\Users\ESPC\Documents\New project 2\server\index.ts:157:25)
    at async Timeout._onTimeout (C:\Users\ESPC\Documents\New project 2\node_modules\node-cron\src\scheduler\runner.ts:100:30) {
  errno: -4078,
  code: 'ECONNREFUSED',
  syscall: 'connect',
  address: '127.0.0.1',
  port: 5433
}
