[google-auth] Google OAuth enabled (callback: https://app.builtalliances.com/auth/google/callback)
10:26:02 PM [express] serving on port 3004
10:26:03 PM [express] GET /api/me 401 in 5ms :: {"error":"Não autenticado"}
10:26:09 PM [express] GET /api/me 401 in 1ms :: {"error":"Não autenticado"}
10:26:09 PM [express] GET /api/me 401 in 1ms :: {"error":"Não autenticado"}
10:26:37 PM [express] GET /api/me 401 in 1ms :: {"error":"Não autenticado"}
10:26:39 PM [express] GET /api/me 401 in 1ms :: {"error":"Não autenticado"}
10:27:07 PM [express] GET /api/me 401 in 1ms :: {"error":"Não autenticado"}
10:27:09 PM [express] GET /api/me 401 in 0ms :: {"error":"Não autenticado"}
10:27:37 PM [express] GET /api/me 401 in 1ms :: {"error":"Não autenticado"}
10:27:39 PM [express] GET /api/me 401 in 0ms :: {"error":"Não autenticado"}
10:28:07 PM [express] GET /api/me 401 in 0ms :: {"error":"Não autenticado"}
10:28:09 PM [express] GET /api/me 401 in 0ms :: {"error":"Não autenticado"}
10:28:37 PM [express] GET /api/me 401 in 1ms :: {"error":"Não autenticado"}
10:28:39 PM [express] GET /api/me 401 in 0ms :: {"error":"Não autenticado"}
10:29:07 PM [express] GET /api/me 401 in 0ms :: {"error":"Não autenticado"}
10:29:09 PM [express] GET /api/me 401 in 0ms :: {"error":"Não autenticado"}
10:29:37 PM [express] GET /api/me 401 in 1ms :: {"error":"Não autenticado"}
10:29:39 PM [express] GET /api/me 401 in 0ms :: {"error":"Não autenticado"}
10:30:07 PM [express] GET /api/me 401 in 0ms :: {"error":"Não autenticado"}
10:30:09 PM [express] GET /api/me 401 in 0ms :: {"error":"Não autenticado"}
10:30:37 PM [express] GET /api/me 401 in 0ms :: {"error":"Não autenticado"}
10:30:39 PM [express] GET /api/me 401 in 0ms :: {"error":"Não autenticado"}
10:31:08 PM [express] GET /api/me 401 in 0ms :: {"error":"Não autenticado"}
10:31:09 PM [express] GET /api/me 401 in 0ms :: {"error":"Não autenticado"}
10:31:38 PM [express] GET /api/me 401 in 0ms :: {"error":"Não autenticado"}
10:31:39 PM [express] GET /api/me 401 in 0ms :: {"error":"Não autenticado"}
10:32:08 PM [express] GET /api/me 401 in 0ms :: {"error":"Não autenticado"}
10:32:09 PM [express] GET /api/me 401 in 0ms :: {"error":"Não autenticado"}
10:32:38 PM [express] GET /api/me 401 in 0ms :: {"error":"Não autenticado"}
10:32:39 PM [express] GET /api/me 401 in 0ms :: {"error":"Não autenticado"}
10:33:08 PM [express] GET /api/me 401 in 0ms :: {"error":"Não autenticado"}
10:33:09 PM [express] GET /api/me 401 in 0ms :: {"error":"Não autenticado"}
10:33:38 PM [express] GET /api/me 401 in 1ms :: {"error":"Não autenticado"}
10:33:39 PM [express] GET /api/me 401 in 0ms :: {"error":"Não autenticado"}
10:34:09 PM [express] GET /api/me 401 in 0ms :: {"error":"Não autenticado"}
10:34:09 PM [express] GET /api/me 401 in 0ms :: {"error":"Não autenticado"}
10:34:39 PM [express] GET /api/me 401 in 0ms :: {"error":"Não autenticado"}
10:34:39 PM [express] GET /api/me 401 in 1ms :: {"error":"Não autenticado"}
10:35:09 PM [express] GET /api/me 401 in 0ms :: {"error":"Não autenticado"}
10:35:09 PM [express] GET /api/me 401 in 1ms :: {"error":"Não autenticado"}
10:35:39 PM [express] GET /api/me 401 in 0ms :: {"error":"Não autenticado"}
10:35:39 PM [express] GET /api/me 401 in 1ms :: {"error":"Não autenticado"}
10:36:09 PM [express] GET /api/me 401 in 0ms :: {"error":"Não autenticado"}
10:36:09 PM [express] GET /api/me 401 in 0ms :: {"error":"Não autenticado"}
10:36:39 PM [express] GET /api/me 401 in 1ms :: {"error":"Não autenticado"}
10:36:39 PM [express] GET /api/me 401 in 0ms :: {"error":"Não autenticado"}
10:37:10 PM [express] GET /api/me 401 in 0ms :: {"error":"Não autenticado"}
10:37:10 PM [express] GET /api/me 401 in 0ms :: {"error":"Não autenticado"}
10:37:40 PM [express] GET /api/me 401 in 0ms :: {"error":"Não autenticado"}
10:37:40 PM [express] GET /api/me 401 in 1ms :: {"error":"Não autenticado"}
10:38:10 PM [express] GET /api/me 401 in 0ms :: {"error":"Não autenticado"}
10:38:10 PM [express] GET /api/me 401 in 0ms :: {"error":"Não autenticado"}
10:38:40 PM [express] GET /api/me 401 in 1ms :: {"error":"Não autenticado"}
10:38:40 PM [express] GET /api/me 401 in 0ms :: {"error":"Não autenticado"}
10:39:10 PM [express] GET /api/me 401 in 0ms :: {"error":"Não autenticado"}
10:39:10 PM [express] GET /api/me 401 in 0ms :: {"error":"Não autenticado"}
10:39:40 PM [express] GET /api/me 401 in 0ms :: {"error":"Não autenticado"}
10:39:40 PM [express] GET /api/me 401 in 0ms :: {"error":"Não autenticado"}
10:40:11 PM [express] GET /api/me 401 in 1ms :: {"error":"Não autenticado"}
10:40:11 PM [express] GET /api/me 401 in 0ms :: {"error":"Não autenticado"}
10:40:41 PM [express] GET /api/me 401 in 0ms :: {"error":"Não autenticado"}
10:40:41 PM [express] GET /api/me 401 in 0ms :: {"error":"Não autenticado"}
10:41:11 PM [express] GET /api/me 401 in 0ms :: {"error":"Não autenticado"}
10:41:11 PM [express] GET /api/me 401 in 1ms :: {"error":"Não autenticado"}
10:41:41 PM [express] GET /api/me 401 in 0ms :: {"error":"Não autenticado"}
10:41:41 PM [express] GET /api/me 401 in 0ms :: {"error":"Não autenticado"}
10:42:11 PM [express] GET /api/me 401 in 0ms :: {"error":"Não autenticado"}
10:42:11 PM [express] GET /api/me 401 in 1ms :: {"error":"Não autenticado"}
10:42:41 PM [express] GET /api/me 401 in 0ms :: {"error":"Não autenticado"}
10:42:41 PM [express] GET /api/me 401 in 0ms :: {"error":"Não autenticado"}
10:43:11 PM [express] GET /api/me 401 in 0ms :: {"error":"Não autenticado"}
10:43:11 PM [express] GET /api/me 401 in 1ms :: {"error":"Não autenticado"}
10:43:41 PM [express] GET /api/me 401 in 0ms :: {"error":"Não autenticado"}
10:43:41 PM [express] GET /api/me 401 in 1ms :: {"error":"Não autenticado"}
10:44:12 PM [express] GET /api/me 401 in 0ms :: {"error":"Não autenticado"}
10:44:12 PM [express] GET /api/me 401 in 0ms :: {"error":"Não autenticado"}
10:44:42 PM [express] GET /api/me 401 in 0ms :: {"error":"Não autenticado"}
10:44:42 PM [express] GET /api/me 401 in 1ms :: {"error":"Não autenticado"}
10:45:12 PM [express] GET /api/me 401 in 0ms :: {"error":"Não autenticado"}
10:45:12 PM [express] GET /api/me 401 in 1ms :: {"error":"Não autenticado"}
10:45:42 PM [express] GET /api/me 401 in 1ms :: {"error":"Não autenticado"}
10:45:42 PM [express] GET /api/me 401 in 0ms :: {"error":"Não autenticado"}
10:46:12 PM [express] GET /api/me 401 in 0ms :: {"error":"Não autenticado"}
10:46:12 PM [express] GET /api/me 401 in 1ms :: {"error":"Não autenticado"}
10:46:42 PM [express] GET /api/me 401 in 1ms :: {"error":"Não autenticado"}
10:46:42 PM [express] GET /api/me 401 in 0ms :: {"error":"Não autenticado"}
10:47:13 PM [express] GET /api/me 401 in 0ms :: {"error":"Não autenticado"}
10:47:13 PM [express] GET /api/me 401 in 1ms :: {"error":"Não autenticado"}
10:47:43 PM [express] GET /api/me 401 in 0ms :: {"error":"Não autenticado"}
10:47:43 PM [express] GET /api/me 401 in 1ms :: {"error":"Não autenticado"}
10:48:13 PM [express] GET /api/me 401 in 0ms :: {"error":"Não autenticado"}
10:48:13 PM [express] GET /api/me 401 in 0ms :: {"error":"Não autenticado"}
10:48:43 PM [express] GET /api/me 401 in 0ms :: {"error":"Não autenticado"}
10:48:43 PM [express] GET /api/me 401 in 0ms :: {"error":"Não autenticado"}
10:49:13 PM [express] GET /api/me 401 in 0ms :: {"error":"Não autenticado"}
10:49:13 PM [express] GET /api/me 401 in 0ms :: {"error":"Não autenticado"}
10:49:43 PM [express] GET /api/me 401 in 0ms :: {"error":"Não autenticado"}
10:49:43 PM [express] GET /api/me 401 in 0ms :: {"error":"Não autenticado"}
10:50:14 PM [express] GET /api/me 401 in 1ms :: {"error":"Não autenticado"}
10:50:14 PM [express] GET /api/me 401 in 1ms :: {"error":"Não autenticado"}
10:50:44 PM [express] GET /api/me 401 in 0ms :: {"error":"Não autenticado"}
10:50:44 PM [express] GET /api/me 401 in 0ms :: {"error":"Não autenticado"}
10:51:14 PM [express] GET /api/me 401 in 0ms :: {"error":"Não autenticado"}
10:51:14 PM [express] GET /api/me 401 in 0ms :: {"error":"Não autenticado"}
10:51:44 PM [express] GET /api/me 401 in 0ms :: {"error":"Não autenticado"}
10:51:44 PM [express] GET /api/me 401 in 0ms :: {"error":"Não autenticado"}
10:52:14 PM [express] GET /api/me 401 in 0ms :: {"error":"Não autenticado"}
10:52:14 PM [express] GET /api/me 401 in 0ms :: {"error":"Não autenticado"}
10:52:44 PM [express] GET /api/me 401 in 0ms :: {"error":"Não autenticado"}
10:52:44 PM [express] GET /api/me 401 in 0ms :: {"error":"Não autenticado"}
10:53:15 PM [express] GET /api/me 401 in 0ms :: {"error":"Não autenticado"}
10:53:15 PM [express] GET /api/me 401 in 0ms :: {"error":"Não autenticado"}
10:53:45 PM [express] GET /api/me 401 in 0ms :: {"error":"Não autenticado"}
10:53:45 PM [express] GET /api/me 401 in 1ms :: {"error":"Não autenticado"}
10:54:15 PM [express] GET /api/me 401 in 0ms :: {"error":"Não autenticado"}
10:54:15 PM [express] GET /api/me 401 in 1ms :: {"error":"Não autenticado"}
10:54:45 PM [express] GET /api/me 401 in 0ms :: {"error":"Não autenticado"}
10:54:45 PM [express] GET /api/me 401 in 0ms :: {"error":"Não autenticado"}
10:55:15 PM [express] GET /api/me 401 in 0ms :: {"error":"Não autenticado"}
10:55:15 PM [express] GET /api/me 401 in 1ms :: {"error":"Não autenticado"}
10:55:45 PM [express] GET /api/me 401 in 0ms :: {"error":"Não autenticado"}
10:55:45 PM [express] GET /api/me 401 in 0ms :: {"error":"Não autenticado"}
10:56:15 PM [express] GET /api/me 401 in 0ms :: {"error":"Não autenticado"}
10:56:15 PM [express] GET /api/me 401 in 0ms :: {"error":"Não autenticado"}
10:56:45 PM [express] GET /api/me 401 in 0ms :: {"error":"Não autenticado"}
10:56:45 PM [express] GET /api/me 401 in 0ms :: {"error":"Não autenticado"}
10:57:16 PM [express] GET /api/me 401 in 0ms :: {"error":"Não autenticado"}
10:57:16 PM [express] GET /api/me 401 in 0ms :: {"error":"Não autenticado"}
10:57:46 PM [express] GET /api/me 401 in 1ms :: {"error":"Não autenticado"}
10:57:46 PM [express] GET /api/me 401 in 0ms :: {"error":"Não autenticado"}
10:58:16 PM [express] GET /api/me 401 in 0ms :: {"error":"Não autenticado"}
10:58:16 PM [express] GET /api/me 401 in 1ms :: {"error":"Não autenticado"}
10:58:46 PM [express] GET /api/me 401 in 0ms :: {"error":"Não autenticado"}
10:58:46 PM [express] GET /api/me 401 in 1ms :: {"error":"Não autenticado"}
10:59:16 PM [express] GET /api/me 401 in 0ms :: {"error":"Não autenticado"}
10:59:16 PM [express] GET /api/me 401 in 0ms :: {"error":"Não autenticado"}
10:59:46 PM [express] GET /api/me 401 in 1ms :: {"error":"Não autenticado"}
10:59:46 PM [express] GET /api/me 401 in 1ms :: {"error":"Não autenticado"}
11:00:17 PM [express] GET /api/me 401 in 0ms :: {"error":"Não autenticado"}
11:00:17 PM [express] GET /api/me 401 in 0ms :: {"error":"Não autenticado"}
11:00:47 PM [express] GET /api/me 401 in 0ms :: {"error":"Não autenticado"}
11:00:47 PM [express] GET /api/me 401 in 0ms :: {"error":"Não autenticado"}
11:01:17 PM [express] GET /api/me 401 in 0ms :: {"error":"Não autenticado"}
11:01:17 PM [express] GET /api/me 401 in 0ms :: {"error":"Não autenticado"}
11:01:47 PM [express] GET /api/me 401 in 1ms :: {"error":"Não autenticado"}
11:01:47 PM [express] GET /api/me 401 in 0ms :: {"error":"Não autenticado"}
11:02:17 PM [express] GET /api/me 401 in 1ms :: {"error":"Não autenticado"}
11:02:17 PM [express] GET /api/me 401 in 1ms :: {"error":"Não autenticado"}
11:02:47 PM [express] GET /api/me 401 in 0ms :: {"error":"Não autenticado"}
11:02:47 PM [express] GET /api/me 401 in 1ms :: {"error":"Não autenticado"}
11:03:18 PM [express] GET /api/me 401 in 0ms :: {"error":"Não autenticado"}
11:03:18 PM [express] GET /api/me 401 in 0ms :: {"error":"Não autenticado"}
11:03:48 PM [express] GET /api/me 401 in 1ms :: {"error":"Não autenticado"}
11:03:48 PM [express] GET /api/me 401 in 0ms :: {"error":"Não autenticado"}
11:04:18 PM [express] GET /api/me 401 in 0ms :: {"error":"Não autenticado"}
11:04:18 PM [express] GET /api/me 401 in 0ms :: {"error":"Não autenticado"}
11:04:48 PM [express] GET /api/me 401 in 0ms :: {"error":"Não autenticado"}
11:04:48 PM [express] GET /api/me 401 in 0ms :: {"error":"Não autenticado"}
11:05:18 PM [express] GET /api/me 401 in 0ms :: {"error":"Não autenticado"}
11:05:18 PM [express] GET /api/me 401 in 0ms :: {"error":"Não autenticado"}
11:05:48 PM [express] GET /api/me 401 in 1ms :: {"error":"Não autenticado"}
11:05:48 PM [express] GET /api/me 401 in 1ms :: {"error":"Não autenticado"}
11:06:19 PM [express] GET /api/me 401 in 0ms :: {"error":"Não autenticado"}
11:06:19 PM [express] GET /api/me 401 in 0ms :: {"error":"Não autenticado"}
11:06:49 PM [express] GET /api/me 401 in 0ms :: {"error":"Não autenticado"}
11:06:49 PM [express] GET /api/me 401 in 1ms :: {"error":"Não autenticado"}
11:07:19 PM [express] GET /api/me 401 in 0ms :: {"error":"Não autenticado"}
11:07:19 PM [express] GET /api/me 401 in 0ms :: {"error":"Não autenticado"}
11:07:49 PM [express] GET /api/me 401 in 1ms :: {"error":"Não autenticado"}
11:07:49 PM [express] GET /api/me 401 in 0ms :: {"error":"Não autenticado"}
11:08:19 PM [express] GET /api/me 401 in 0ms :: {"error":"Não autenticado"}
11:08:19 PM [express] GET /api/me 401 in 0ms :: {"error":"Não autenticado"}
11:08:49 PM [express] GET /api/me 401 in 0ms :: {"error":"Não autenticado"}
11:08:49 PM [express] GET /api/me 401 in 0ms :: {"error":"Não autenticado"}
11:09:19 PM [express] GET /api/me 401 in 0ms :: {"error":"Não autenticado"}
11:09:19 PM [express] GET /api/me 401 in 1ms :: {"error":"Não autenticado"}
11:09:49 PM [express] GET /api/me 401 in 0ms :: {"error":"Não autenticado"}
11:09:49 PM [express] GET /api/me 401 in 0ms :: {"error":"Não autenticado"}
11:10:20 PM [express] GET /api/me 401 in 0ms :: {"error":"Não autenticado"}
11:10:20 PM [express] GET /api/me 401 in 1ms :: {"error":"Não autenticado"}
11:10:50 PM [express] GET /api/me 401 in 1ms :: {"error":"Não autenticado"}
11:10:50 PM [express] GET /api/me 401 in 0ms :: {"error":"Não autenticado"}
11:11:20 PM [express] GET /api/me 401 in 0ms :: {"error":"Não autenticado"}
11:11:20 PM [express] GET /api/me 401 in 1ms :: {"error":"Não autenticado"}
11:11:50 PM [express] GET /api/me 401 in 1ms :: {"error":"Não autenticado"}
11:11:50 PM [express] GET /api/me 401 in 1ms :: {"error":"Não autenticado"}
11:12:20 PM [express] GET /api/me 401 in 0ms :: {"error":"Não autenticado"}
11:12:20 PM [express] GET /api/me 401 in 0ms :: {"error":"Não autenticado"}
11:12:50 PM [express] GET /api/me 401 in 0ms :: {"error":"Não autenticado"}
11:12:50 PM [express] GET /api/me 401 in 0ms :: {"error":"Não autenticado"}
11:13:21 PM [express] GET /api/me 401 in 0ms :: {"error":"Não autenticado"}
11:13:21 PM [express] GET /api/me 401 in 0ms :: {"error":"Não autenticado"}
11:13:51 PM [express] GET /api/me 401 in 1ms :: {"error":"Não autenticado"}
11:13:51 PM [express] GET /api/me 401 in 0ms :: {"error":"Não autenticado"}
11:14:21 PM [express] GET /api/me 401 in 0ms :: {"error":"Não autenticado"}
11:14:21 PM [express] GET /api/me 401 in 0ms :: {"error":"Não autenticado"}
11:14:51 PM [express] GET /api/me 401 in 0ms :: {"error":"Não autenticado"}
11:14:51 PM [express] GET /api/me 401 in 0ms :: {"error":"Não autenticado"}
11:15:21 PM [express] GET /api/me 401 in 0ms :: {"error":"Não autenticado"}
11:15:21 PM [express] GET /api/me 401 in 0ms :: {"error":"Não autenticado"}
11:15:51 PM [express] GET /api/me 401 in 1ms :: {"error":"Não autenticado"}
11:15:51 PM [express] GET /api/me 401 in 0ms :: {"error":"Não autenticado"}
11:16:22 PM [express] GET /api/me 401 in 0ms :: {"error":"Não autenticado"}
11:16:22 PM [express] GET /api/me 401 in 0ms :: {"error":"Não autenticado"}
11:16:52 PM [express] GET /api/me 401 in 0ms :: {"error":"Não autenticado"}
11:16:52 PM [express] GET /api/me 401 in 0ms :: {"error":"Não autenticado"}
11:17:22 PM [express] GET /api/me 401 in 0ms :: {"error":"Não autenticado"}
11:17:22 PM [express] GET /api/me 401 in 1ms :: {"error":"Não autenticado"}
11:17:52 PM [express] GET /api/me 401 in 0ms :: {"error":"Não autenticado"}
11:17:52 PM [express] GET /api/me 401 in 0ms :: {"error":"Não autenticado"}
11:18:22 PM [express] GET /api/me 401 in 0ms :: {"error":"Não autenticado"}
11:18:22 PM [express] GET /api/me 401 in 0ms :: {"error":"Não autenticado"}
11:18:52 PM [express] GET /api/me 401 in 0ms :: {"error":"Não autenticado"}
11:18:52 PM [express] GET /api/me 401 in 0ms :: {"error":"Não autenticado"}
11:19:23 PM [express] GET /api/me 401 in 0ms :: {"error":"Não autenticado"}
11:19:23 PM [express] GET /api/me 401 in 0ms :: {"error":"Não autenticado"}
11:19:53 PM [express] GET /api/me 401 in 0ms :: {"error":"Não autenticado"}
11:19:53 PM [express] GET /api/me 401 in 0ms :: {"error":"Não autenticado"}
11:20:23 PM [express] GET /api/me 401 in 0ms :: {"error":"Não autenticado"}
11:20:23 PM [express] GET /api/me 401 in 0ms :: {"error":"Não autenticado"}
11:20:53 PM [express] GET /api/me 401 in 0ms :: {"error":"Não autenticado"}
11:20:53 PM [express] GET /api/me 401 in 0ms :: {"error":"Não autenticado"}
11:21:23 PM [express] GET /api/me 401 in 0ms :: {"error":"Não autenticado"}
11:21:23 PM [express] GET /api/me 401 in 0ms :: {"error":"Não autenticado"}
11:21:53 PM [express] GET /api/me 401 in 0ms :: {"error":"Não autenticado"}
11:21:53 PM [express] GET /api/me 401 in 0ms :: {"error":"Não autenticado"}
11:22:23 PM [express] GET /api/me 401 in 0ms :: {"error":"Não autenticado"}
11:22:23 PM [express] GET /api/me 401 in 0ms :: {"error":"Não autenticado"}
11:22:53 PM [express] GET /api/me 401 in 0ms :: {"error":"Não autenticado"}
11:22:53 PM [express] GET /api/me 401 in 0ms :: {"error":"Não autenticado"}
11:23:24 PM [express] GET /api/me 401 in 0ms :: {"error":"Não autenticado"}
11:23:24 PM [express] GET /api/me 401 in 0ms :: {"error":"Não autenticado"}
11:23:54 PM [express] GET /api/me 401 in 0ms :: {"error":"Não autenticado"}
11:23:54 PM [express] GET /api/me 401 in 0ms :: {"error":"Não autenticado"}
11:24:24 PM [express] GET /api/me 401 in 0ms :: {"error":"Não autenticado"}
11:24:24 PM [express] GET /api/me 401 in 0ms :: {"error":"Não autenticado"}
11:24:54 PM [express] GET /api/me 401 in 0ms :: {"error":"Não autenticado"}
11:24:54 PM [express] GET /api/me 401 in 0ms :: {"error":"Não autenticado"}
11:25:24 PM [express] GET /api/me 401 in 0ms :: {"error":"Não autenticado"}
11:25:24 PM [express] GET /api/me 401 in 0ms :: {"error":"Não autenticado"}
11:25:54 PM [express] GET /api/me 401 in 0ms :: {"error":"Não autenticado"}
11:25:54 PM [express] GET /api/me 401 in 0ms :: {"error":"Não autenticado"}
11:26:25 PM [express] GET /api/me 401 in 0ms :: {"error":"Não autenticado"}
11:26:25 PM [express] GET /api/me 401 in 0ms :: {"error":"Não autenticado"}
11:26:55 PM [express] GET /api/me 401 in 0ms :: {"error":"Não autenticado"}
11:26:55 PM [express] GET /api/me 401 in 0ms :: {"error":"Não autenticado"}
11:27:25 PM [express] GET /api/me 401 in 0ms :: {"error":"Não autenticado"}
11:27:25 PM [express] GET /api/me 401 in 1ms :: {"error":"Não autenticado"}
11:27:55 PM [express] GET /api/me 401 in 0ms :: {"error":"Não autenticado"}
11:27:55 PM [express] GET /api/me 401 in 1ms :: {"error":"Não autenticado"}
11:28:25 PM [express] GET /api/me 401 in 0ms :: {"error":"Não autenticado"}
11:28:25 PM [express] GET /api/me 401 in 0ms :: {"error":"Não autenticado"}
11:28:55 PM [express] GET /api/me 401 in 1ms :: {"error":"Não autenticado"}
11:28:55 PM [express] GET /api/me 401 in 1ms :: {"error":"Não autenticado"}
11:29:26 PM [express] GET /api/me 401 in 0ms :: {"error":"Não autenticado"}
11:29:26 PM [express] GET /api/me 401 in 0ms :: {"error":"Não autenticado"}
11:29:56 PM [express] GET /api/me 401 in 0ms :: {"error":"Não autenticado"}
11:29:56 PM [express] GET /api/me 401 in 0ms :: {"error":"Não autenticado"}
11:30:26 PM [express] GET /api/me 401 in 0ms :: {"error":"Não autenticado"}
11:30:26 PM [express] GET /api/me 401 in 0ms :: {"error":"Não autenticado"}
11:30:56 PM [express] GET /api/me 401 in 0ms :: {"error":"Não autenticado"}
11:30:56 PM [express] GET /api/me 401 in 0ms :: {"error":"Não autenticado"}
11:31:26 PM [express] GET /api/me 401 in 0ms :: {"error":"Não autenticado"}
11:31:26 PM [express] GET /api/me 401 in 0ms :: {"error":"Não autenticado"}
11:31:56 PM [express] GET /api/me 401 in 1ms :: {"error":"Não autenticado"}
11:31:56 PM [express] GET /api/me 401 in 0ms :: {"error":"Não autenticado"}
11:32:27 PM [express] GET /api/me 401 in 0ms :: {"error":"Não autenticado"}
11:32:27 PM [express] GET /api/me 401 in 0ms :: {"error":"Não autenticado"}
11:32:57 PM [express] GET /api/me 401 in 0ms :: {"error":"Não autenticado"}
11:32:57 PM [express] GET /api/me 401 in 0ms :: {"error":"Não autenticado"}
11:33:27 PM [express] GET /api/me 401 in 0ms :: {"error":"Não autenticado"}
11:33:27 PM [express] GET /api/me 401 in 1ms :: {"error":"Não autenticado"}
11:33:57 PM [express] GET /api/me 401 in 0ms :: {"error":"Não autenticado"}
11:33:57 PM [express] GET /api/me 401 in 0ms :: {"error":"Não autenticado"}
11:34:27 PM [express] GET /api/me 401 in 0ms :: {"error":"Não autenticado"}
11:34:27 PM [express] GET /api/me 401 in 0ms :: {"error":"Não autenticado"}
11:34:57 PM [express] GET /api/me 401 in 1ms :: {"error":"Não autenticado"}
11:34:57 PM [express] GET /api/me 401 in 1ms :: {"error":"Não autenticado"}
11:35:27 PM [express] GET /api/me 401 in 0ms :: {"error":"Não autenticado"}
11:35:27 PM [express] GET /api/me 401 in 0ms :: {"error":"Não autenticado"}
11:35:57 PM [express] GET /api/me 401 in 0ms :: {"error":"Não autenticado"}
11:35:57 PM [express] GET /api/me 401 in 0ms :: {"error":"Não autenticado"}
11:36:28 PM [express] GET /api/me 401 in 0ms :: {"error":"Não autenticado"}
11:36:28 PM [express] GET /api/me 401 in 0ms :: {"error":"Não autenticado"}
11:36:58 PM [express] GET /api/me 401 in 0ms :: {"error":"Não autenticado"}
11:36:58 PM [express] GET /api/me 401 in 0ms :: {"error":"Não autenticado"}
11:37:28 PM [express] GET /api/me 401 in 0ms :: {"error":"Não autenticado"}
11:37:28 PM [express] GET /api/me 401 in 0ms :: {"error":"Não autenticado"}
11:37:58 PM [express] GET /api/me 401 in 0ms :: {"error":"Não autenticado"}
11:37:58 PM [express] GET /api/me 401 in 0ms :: {"error":"Não autenticado"}
11:38:28 PM [express] GET /api/me 401 in 0ms :: {"error":"Não autenticado"}
11:38:28 PM [express] GET /api/me 401 in 0ms :: {"error":"Não autenticado"}
11:38:58 PM [express] GET /api/me 401 in 0ms :: {"error":"Não autenticado"}
11:38:58 PM [express] GET /api/me 401 in 0ms :: {"error":"Não autenticado"}
11:39:29 PM [express] GET /api/me 401 in 1ms :: {"error":"Não autenticado"}
11:39:29 PM [express] GET /api/me 401 in 1ms :: {"error":"Não autenticado"}
11:39:59 PM [express] GET /api/me 401 in 0ms :: {"error":"Não autenticado"}
11:39:59 PM [express] GET /api/me 401 in 1ms :: {"error":"Não autenticado"}
11:40:29 PM [express] GET /api/me 401 in 0ms :: {"error":"Não autenticado"}
11:40:29 PM [express] GET /api/me 401 in 0ms :: {"error":"Não autenticado"}
11:40:59 PM [express] GET /api/me 401 in 0ms :: {"error":"Não autenticado"}
11:40:59 PM [express] GET /api/me 401 in 0ms :: {"error":"Não autenticado"}
11:41:29 PM [express] GET /api/me 401 in 0ms :: {"error":"Não autenticado"}
11:41:29 PM [express] GET /api/me 401 in 0ms :: {"error":"Não autenticado"}
11:41:59 PM [express] GET /api/me 401 in 0ms :: {"error":"Não autenticado"}
11:41:59 PM [express] GET /api/me 401 in 0ms :: {"error":"Não autenticado"}
11:42:30 PM [express] GET /api/me 401 in 0ms :: {"error":"Não autenticado"}
11:42:30 PM [express] GET /api/me 401 in 0ms :: {"error":"Não autenticado"}
11:43:00 PM [express] GET /api/me 401 in 0ms :: {"error":"Não autenticado"}
11:43:00 PM [express] GET /api/me 401 in 0ms :: {"error":"Não autenticado"}
11:43:30 PM [express] GET /api/me 401 in 0ms :: {"error":"Não autenticado"}
11:43:30 PM [express] GET /api/me 401 in 0ms :: {"error":"Não autenticado"}
11:44:00 PM [express] GET /api/me 401 in 0ms :: {"error":"Não autenticado"}
11:44:00 PM [express] GET /api/me 401 in 0ms :: {"error":"Não autenticado"}
11:44:30 PM [express] GET /api/me 401 in 0ms :: {"error":"Não autenticado"}
11:44:30 PM [express] GET /api/me 401 in 0ms :: {"error":"Não autenticado"}
11:45:00 PM [express] GET /api/me 401 in 0ms :: {"error":"Não autenticado"}
11:45:00 PM [express] GET /api/me 401 in 0ms :: {"error":"Não autenticado"}
11:45:31 PM [express] GET /api/me 401 in 0ms :: {"error":"Não autenticado"}
11:45:31 PM [express] GET /api/me 401 in 0ms :: {"error":"Não autenticado"}
11:46:01 PM [express] GET /api/me 401 in 0ms :: {"error":"Não autenticado"}
11:46:01 PM [express] GET /api/me 401 in 0ms :: {"error":"Não autenticado"}
11:46:31 PM [express] GET /api/me 401 in 0ms :: {"error":"Não autenticado"}
11:46:31 PM [express] GET /api/me 401 in 0ms :: {"error":"Não autenticado"}
11:47:01 PM [express] GET /api/me 401 in 0ms :: {"error":"Não autenticado"}
11:47:01 PM [express] GET /api/me 401 in 0ms :: {"error":"Não autenticado"}
11:47:31 PM [express] GET /api/me 401 in 0ms :: {"error":"Não autenticado"}
11:47:31 PM [express] GET /api/me 401 in 0ms :: {"error":"Não autenticado"}
11:48:01 PM [express] GET /api/me 401 in 0ms :: {"error":"Não autenticado"}
11:48:01 PM [express] GET /api/me 401 in 1ms :: {"error":"Não autenticado"}
11:48:31 PM [express] GET /api/me 401 in 0ms :: {"error":"Não autenticado"}
11:48:31 PM [express] GET /api/me 401 in 0ms :: {"error":"Não autenticado"}
11:49:01 PM [express] GET /api/me 401 in 1ms :: {"error":"Não autenticado"}
11:49:01 PM [express] GET /api/me 401 in 0ms :: {"error":"Não autenticado"}
11:49:32 PM [express] GET /api/me 401 in 0ms :: {"error":"Não autenticado"}
11:49:32 PM [express] GET /api/me 401 in 0ms :: {"error":"Não autenticado"}
11:50:02 PM [express] GET /api/me 401 in 0ms :: {"error":"Não autenticado"}
11:50:02 PM [express] GET /api/me 401 in 1ms :: {"error":"Não autenticado"}
11:50:32 PM [express] GET /api/me 401 in 0ms :: {"error":"Não autenticado"}
11:50:32 PM [express] GET /api/me 401 in 1ms :: {"error":"Não autenticado"}
11:51:02 PM [express] GET /api/me 401 in 0ms :: {"error":"Não autenticado"}
11:51:02 PM [express] GET /api/me 401 in 0ms :: {"error":"Não autenticado"}
11:51:32 PM [express] GET /api/me 401 in 0ms :: {"error":"Não autenticado"}
11:51:32 PM [express] GET /api/me 401 in 0ms :: {"error":"Não autenticado"}
11:52:02 PM [express] GET /api/me 401 in 0ms :: {"error":"Não autenticado"}
11:52:02 PM [express] GET /api/me 401 in 0ms :: {"error":"Não autenticado"}
11:52:33 PM [express] GET /api/me 401 in 0ms :: {"error":"Não autenticado"}
11:52:33 PM [express] GET /api/me 401 in 0ms :: {"error":"Não autenticado"}
11:53:03 PM [express] GET /api/me 401 in 0ms :: {"error":"Não autenticado"}
11:53:03 PM [express] GET /api/me 401 in 0ms :: {"error":"Não autenticado"}
11:53:33 PM [express] GET /api/me 401 in 0ms :: {"error":"Não autenticado"}
11:53:33 PM [express] GET /api/me 401 in 0ms :: {"error":"Não autenticado"}
11:54:03 PM [express] GET /api/me 401 in 0ms :: {"error":"Não autenticado"}
11:54:03 PM [express] GET /api/me 401 in 0ms :: {"error":"Não autenticado"}
11:54:33 PM [express] GET /api/me 401 in 0ms :: {"error":"Não autenticado"}
11:54:33 PM [express] GET /api/me 401 in 0ms :: {"error":"Não autenticado"}
11:55:03 PM [express] GET /api/me 401 in 0ms :: {"error":"Não autenticado"}
11:55:03 PM [express] GET /api/me 401 in 0ms :: {"error":"Não autenticado"}
11:55:34 PM [express] GET /api/me 401 in 0ms :: {"error":"Não autenticado"}
11:55:34 PM [express] GET /api/me 401 in 0ms :: {"error":"Não autenticado"}
11:56:04 PM [express] GET /api/me 401 in 0ms :: {"error":"Não autenticado"}
11:56:04 PM [express] GET /api/me 401 in 0ms :: {"error":"Não autenticado"}
11:56:34 PM [express] GET /api/me 401 in 0ms :: {"error":"Não autenticado"}
11:56:34 PM [express] GET /api/me 401 in 0ms :: {"error":"Não autenticado"}
11:57:04 PM [express] GET /api/me 401 in 0ms :: {"error":"Não autenticado"}
11:57:04 PM [express] GET /api/me 401 in 0ms :: {"error":"Não autenticado"}
11:57:34 PM [express] GET /api/me 401 in 0ms :: {"error":"Não autenticado"}
11:57:34 PM [express] GET /api/me 401 in 0ms :: {"error":"Não autenticado"}
11:58:04 PM [express] GET /api/me 401 in 0ms :: {"error":"Não autenticado"}
11:58:04 PM [express] GET /api/me 401 in 0ms :: {"error":"Não autenticado"}
11:58:35 PM [express] GET /api/me 401 in 0ms :: {"error":"Não autenticado"}
11:58:35 PM [express] GET /api/me 401 in 0ms :: {"error":"Não autenticado"}
11:59:05 PM [express] GET /api/me 401 in 1ms :: {"error":"Não autenticado"}
11:59:05 PM [express] GET /api/me 401 in 0ms :: {"error":"Não autenticado"}
11:59:35 PM [express] GET /api/me 401 in 0ms :: {"error":"Não autenticado"}
11:59:35 PM [express] GET /api/me 401 in 0ms :: {"error":"Não autenticado"}
12:00:05 AM [express] GET /api/me 401 in 0ms :: {"error":"Não autenticado"}
12:00:05 AM [express] GET /api/me 401 in 0ms :: {"error":"Não autenticado"}
12:00:35 AM [express] GET /api/me 401 in 0ms :: {"error":"Não autenticado"}
12:00:35 AM [express] GET /api/me 401 in 1ms :: {"error":"Não autenticado"}
12:01:05 AM [express] GET /api/me 401 in 0ms :: {"error":"Não autenticado"}
12:01:05 AM [express] GET /api/me 401 in 0ms :: {"error":"Não autenticado"}
12:01:35 AM [express] GET /api/me 401 in 0ms :: {"error":"Não autenticado"}
12:01:35 AM [express] GET /api/me 401 in 0ms :: {"error":"Não autenticado"}
12:02:05 AM [express] GET /api/me 401 in 0ms :: {"error":"Não autenticado"}
12:02:05 AM [express] GET /api/me 401 in 0ms :: {"error":"Não autenticado"}
12:02:36 AM [express] GET /api/me 401 in 0ms :: {"error":"Não autenticado"}
12:02:36 AM [express] GET /api/me 401 in 0ms :: {"error":"Não autenticado"}
12:03:06 AM [express] GET /api/me 401 in 0ms :: {"error":"Não autenticado"}
12:03:06 AM [express] GET /api/me 401 in 0ms :: {"error":"Não autenticado"}
12:03:36 AM [express] GET /api/me 401 in 0ms :: {"error":"Não autenticado"}
12:03:36 AM [express] GET /api/me 401 in 0ms :: {"error":"Não autenticado"}
12:04:06 AM [express] GET /api/me 401 in 1ms :: {"error":"Não autenticado"}
12:04:06 AM [express] GET /api/me 401 in 0ms :: {"error":"Não autenticado"}
12:04:36 AM [express] GET /api/me 401 in 0ms :: {"error":"Não autenticado"}
12:04:36 AM [express] GET /api/me 401 in 1ms :: {"error":"Não autenticado"}
12:05:06 AM [express] GET /api/me 401 in 0ms :: {"error":"Não autenticado"}
12:05:06 AM [express] GET /api/me 401 in 0ms :: {"error":"Não autenticado"}
12:05:37 AM [express] GET /api/me 401 in 0ms :: {"error":"Não autenticado"}
12:05:37 AM [express] GET /api/me 401 in 0ms :: {"error":"Não autenticado"}
12:06:07 AM [express] GET /api/me 401 in 0ms :: {"error":"Não autenticado"}
12:06:07 AM [express] GET /api/me 401 in 1ms :: {"error":"Não autenticado"}
12:06:37 AM [express] GET /api/me 401 in 0ms :: {"error":"Não autenticado"}
12:06:37 AM [express] GET /api/me 401 in 0ms :: {"error":"Não autenticado"}
12:07:07 AM [express] GET /api/me 401 in 0ms :: {"error":"Não autenticado"}
12:07:07 AM [express] GET /api/me 401 in 1ms :: {"error":"Não autenticado"}
12:07:37 AM [express] GET /api/me 401 in 0ms :: {"error":"Não autenticado"}
12:07:37 AM [express] GET /api/me 401 in 0ms :: {"error":"Não autenticado"}
12:08:07 AM [express] GET /api/me 401 in 0ms :: {"error":"Não autenticado"}
12:08:07 AM [express] GET /api/me 401 in 0ms :: {"error":"Não autenticado"}
12:08:38 AM [express] GET /api/me 401 in 0ms :: {"error":"Não autenticado"}
12:08:38 AM [express] GET /api/me 401 in 0ms :: {"error":"Não autenticado"}
12:09:08 AM [express] GET /api/me 401 in 0ms :: {"error":"Não autenticado"}
12:09:08 AM [express] GET /api/me 401 in 0ms :: {"error":"Não autenticado"}
12:09:38 AM [express] GET /api/me 401 in 0ms :: {"error":"Não autenticado"}
12:09:38 AM [express] GET /api/me 401 in 1ms :: {"error":"Não autenticado"}
12:10:08 AM [express] GET /api/me 401 in 0ms :: {"error":"Não autenticado"}
12:10:08 AM [express] GET /api/me 401 in 0ms :: {"error":"Não autenticado"}
12:10:38 AM [express] GET /api/me 401 in 0ms :: {"error":"Não autenticado"}
12:10:38 AM [express] GET /api/me 401 in 1ms :: {"error":"Não autenticado"}
12:11:08 AM [express] GET /api/me 401 in 1ms :: {"error":"Não autenticado"}
12:11:08 AM [express] GET /api/me 401 in 1ms :: {"error":"Não autenticado"}
12:11:39 AM [express] GET /api/me 401 in 0ms :: {"error":"Não autenticado"}
12:11:39 AM [express] GET /api/me 401 in 0ms :: {"error":"Não autenticado"}
12:12:09 AM [express] GET /api/me 401 in 1ms :: {"error":"Não autenticado"}
12:12:09 AM [express] GET /api/me 401 in 0ms :: {"error":"Não autenticado"}
12:12:39 AM [express] GET /api/me 401 in 0ms :: {"error":"Não autenticado"}
12:12:39 AM [express] GET /api/me 401 in 0ms :: {"error":"Não autenticado"}
12:13:09 AM [express] GET /api/me 401 in 0ms :: {"error":"Não autenticado"}
12:13:09 AM [express] GET /api/me 401 in 0ms :: {"error":"Não autenticado"}
12:13:39 AM [express] GET /api/me 401 in 0ms :: {"error":"Não autenticado"}
12:13:39 AM [express] GET /api/me 401 in 1ms :: {"error":"Não autenticado"}
12:14:09 AM [express] GET /api/me 401 in 0ms :: {"error":"Não autenticado"}
12:14:09 AM [express] GET /api/me 401 in 0ms :: {"error":"Não autenticado"}
12:14:39 AM [express] GET /api/me 401 in 0ms :: {"error":"Não autenticado"}
12:14:39 AM [express] GET /api/me 401 in 1ms :: {"error":"Não autenticado"}
12:15:09 AM [express] GET /api/me 401 in 0ms :: {"error":"Não autenticado"}
12:15:09 AM [express] GET /api/me 401 in 0ms :: {"error":"Não autenticado"}
12:15:40 AM [express] GET /api/me 401 in 0ms :: {"error":"Não autenticado"}
12:15:40 AM [express] GET /api/me 401 in 0ms :: {"error":"Não autenticado"}
12:16:10 AM [express] GET /api/me 401 in 1ms :: {"error":"Não autenticado"}
12:16:10 AM [express] GET /api/me 401 in 0ms :: {"error":"Não autenticado"}
12:16:40 AM [express] GET /api/me 401 in 0ms :: {"error":"Não autenticado"}
12:16:40 AM [express] GET /api/me 401 in 0ms :: {"error":"Não autenticado"}
12:17:10 AM [express] GET /api/me 401 in 1ms :: {"error":"Não autenticado"}
12:17:10 AM [express] GET /api/me 401 in 0ms :: {"error":"Não autenticado"}
12:17:40 AM [express] GET /api/me 401 in 0ms :: {"error":"Não autenticado"}
12:17:40 AM [express] GET /api/me 401 in 0ms :: {"error":"Não autenticado"}
12:18:10 AM [express] GET /api/me 401 in 1ms :: {"error":"Não autenticado"}
12:18:10 AM [express] GET /api/me 401 in 0ms :: {"error":"Não autenticado"}
12:18:41 AM [express] GET /api/me 401 in 0ms :: {"error":"Não autenticado"}
12:18:41 AM [express] GET /api/me 401 in 0ms :: {"error":"Não autenticado"}
12:19:11 AM [express] GET /api/me 401 in 0ms :: {"error":"Não autenticado"}
12:19:11 AM [express] GET /api/me 401 in 0ms :: {"error":"Não autenticado"}
12:19:41 AM [express] GET /api/me 401 in 0ms :: {"error":"Não autenticado"}
12:19:41 AM [express] GET /api/me 401 in 0ms :: {"error":"Não autenticado"}
12:20:11 AM [express] GET /api/me 401 in 0ms :: {"error":"Não autenticado"}
12:20:11 AM [express] GET /api/me 401 in 0ms :: {"error":"Não autenticado"}
12:20:41 AM [express] GET /api/me 401 in 0ms :: {"error":"Não autenticado"}
12:20:41 AM [express] GET /api/me 401 in 0ms :: {"error":"Não autenticado"}
12:21:11 AM [express] GET /api/me 401 in 0ms :: {"error":"Não autenticado"}
12:21:11 AM [express] GET /api/me 401 in 0ms :: {"error":"Não autenticado"}
12:21:42 AM [express] GET /api/me 401 in 0ms :: {"error":"Não autenticado"}
12:21:42 AM [express] GET /api/me 401 in 1ms :: {"error":"Não autenticado"}
12:22:12 AM [express] GET /api/me 401 in 0ms :: {"error":"Não autenticado"}
12:22:12 AM [express] GET /api/me 401 in 1ms :: {"error":"Não autenticado"}
12:22:42 AM [express] GET /api/me 401 in 0ms :: {"error":"Não autenticado"}
12:22:42 AM [express] GET /api/me 401 in 0ms :: {"error":"Não autenticado"}
12:23:12 AM [express] GET /api/me 401 in 0ms :: {"error":"Não autenticado"}
12:23:12 AM [express] GET /api/me 401 in 0ms :: {"error":"Não autenticado"}
12:23:42 AM [express] GET /api/me 401 in 0ms :: {"error":"Não autenticado"}
12:23:42 AM [express] GET /api/me 401 in 0ms :: {"error":"Não autenticado"}
12:24:12 AM [express] GET /api/me 401 in 1ms :: {"error":"Não autenticado"}
12:24:12 AM [express] GET /api/me 401 in 0ms :: {"error":"Não autenticado"}
12:24:43 AM [express] GET /api/me 401 in 0ms :: {"error":"Não autenticado"}
12:24:43 AM [express] GET /api/me 401 in 0ms :: {"error":"Não autenticado"}
12:25:13 AM [express] GET /api/me 401 in 1ms :: {"error":"Não autenticado"}
12:25:13 AM [express] GET /api/me 401 in 1ms :: {"error":"Não autenticado"}
12:25:43 AM [express] GET /api/me 401 in 0ms :: {"error":"Não autenticado"}
12:25:43 AM [express] GET /api/me 401 in 0ms :: {"error":"Não autenticado"}
12:26:13 AM [express] GET /api/me 401 in 0ms :: {"error":"Não autenticado"}
12:26:13 AM [express] GET /api/me 401 in 0ms :: {"error":"Não autenticado"}
12:26:43 AM [express] GET /api/me 401 in 0ms :: {"error":"Não autenticado"}
12:26:43 AM [express] GET /api/me 401 in 1ms :: {"error":"Não autenticado"}
12:27:13 AM [express] GET /api/me 401 in 0ms :: {"error":"Não autenticado"}
12:27:13 AM [express] GET /api/me 401 in 0ms :: {"error":"Não autenticado"}
12:27:43 AM [express] GET /api/me 401 in 0ms :: {"error":"Não autenticado"}
12:27:43 AM [express] GET /api/me 401 in 0ms :: {"error":"Não autenticado"}
12:28:13 AM [express] GET /api/me 401 in 1ms :: {"error":"Não autenticado"}
12:28:13 AM [express] GET /api/me 401 in 0ms :: {"error":"Não autenticado"}
12:28:44 AM [express] GET /api/me 401 in 0ms :: {"error":"Não autenticado"}
12:28:44 AM [express] GET /api/me 401 in 0ms :: {"error":"Não autenticado"}
12:29:14 AM [express] GET /api/me 401 in 0ms :: {"error":"Não autenticado"}
12:29:14 AM [express] GET /api/me 401 in 0ms :: {"error":"Não autenticado"}
12:29:44 AM [express] GET /api/me 401 in 0ms :: {"error":"Não autenticado"}
12:29:44 AM [express] GET /api/me 401 in 0ms :: {"error":"Não autenticado"}
12:30:14 AM [express] GET /api/me 401 in 0ms :: {"error":"Não autenticado"}
12:30:14 AM [express] GET /api/me 401 in 0ms :: {"error":"Não autenticado"}
12:30:44 AM [express] GET /api/me 401 in 0ms :: {"error":"Não autenticado"}
12:30:44 AM [express] GET /api/me 401 in 0ms :: {"error":"Não autenticado"}
12:31:14 AM [express] GET /api/me 401 in 0ms :: {"error":"Não autenticado"}
12:31:14 AM [express] GET /api/me 401 in 1ms :: {"error":"Não autenticado"}
12:31:45 AM [express] GET /api/me 401 in 0ms :: {"error":"Não autenticado"}
12:31:45 AM [express] GET /api/me 401 in 0ms :: {"error":"Não autenticado"}
12:32:15 AM [express] GET /api/me 401 in 1ms :: {"error":"Não autenticado"}
12:32:15 AM [express] GET /api/me 401 in 1ms :: {"error":"Não autenticado"}
12:32:45 AM [express] GET /api/me 401 in 0ms :: {"error":"Não autenticado"}
12:32:45 AM [express] GET /api/me 401 in 0ms :: {"error":"Não autenticado"}
12:33:15 AM [express] GET /api/me 401 in 1ms :: {"error":"Não autenticado"}
12:33:15 AM [express] GET /api/me 401 in 0ms :: {"error":"Não autenticado"}
12:33:45 AM [express] GET /api/me 401 in 0ms :: {"error":"Não autenticado"}
12:33:45 AM [express] GET /api/me 401 in 0ms :: {"error":"Não autenticado"}
12:34:15 AM [express] GET /api/me 401 in 0ms :: {"error":"Não autenticado"}
12:34:15 AM [express] GET /api/me 401 in 0ms :: {"error":"Não autenticado"}
12:34:46 AM [express] GET /api/me 401 in 0ms :: {"error":"Não autenticado"}
12:34:46 AM [express] GET /api/me 401 in 0ms :: {"error":"Não autenticado"}
12:35:16 AM [express] GET /api/me 401 in 0ms :: {"error":"Não autenticado"}
12:35:16 AM [express] GET /api/me 401 in 0ms :: {"error":"Não autenticado"}
12:35:46 AM [express] GET /api/me 401 in 0ms :: {"error":"Não autenticado"}
12:35:46 AM [express] GET /api/me 401 in 0ms :: {"error":"Não autenticado"}
12:36:16 AM [express] GET /api/me 401 in 0ms :: {"error":"Não autenticado"}
12:36:16 AM [express] GET /api/me 401 in 0ms :: {"error":"Não autenticado"}
12:36:46 AM [express] GET /api/me 401 in 0ms :: {"error":"Não autenticado"}
12:36:46 AM [express] GET /api/me 401 in 0ms :: {"error":"Não autenticado"}
12:37:16 AM [express] GET /api/me 401 in 0ms :: {"error":"Não autenticado"}
12:37:16 AM [express] GET /api/me 401 in 1ms :: {"error":"Não autenticado"}
12:37:47 AM [express] GET /api/me 401 in 0ms :: {"error":"Não autenticado"}
12:37:47 AM [express] GET /api/me 401 in 0ms :: {"error":"Não autenticado"}
12:38:17 AM [express] GET /api/me 401 in 1ms :: {"error":"Não autenticado"}
12:38:17 AM [express] GET /api/me 401 in 1ms :: {"error":"Não autenticado"}
12:38:47 AM [express] GET /api/me 401 in 0ms :: {"error":"Não autenticado"}
12:38:47 AM [express] GET /api/me 401 in 0ms :: {"error":"Não autenticado"}
12:39:17 AM [express] GET /api/me 401 in 0ms :: {"error":"Não autenticado"}
12:39:17 AM [express] GET /api/me 401 in 0ms :: {"error":"Não autenticado"}
12:39:47 AM [express] GET /api/me 401 in 0ms :: {"error":"Não autenticado"}
12:39:47 AM [express] GET /api/me 401 in 0ms :: {"error":"Não autenticado"}
12:40:17 AM [express] GET /api/me 401 in 0ms :: {"error":"Não autenticado"}
12:40:17 AM [express] GET /api/me 401 in 0ms :: {"error":"Não autenticado"}
12:40:47 AM [express] GET /api/me 401 in 0ms :: {"error":"Não autenticado"}
12:40:47 AM [express] GET /api/me 401 in 0ms :: {"error":"Não autenticado"}
12:41:17 AM [express] GET /api/me 401 in 0ms :: {"error":"Não autenticado"}
12:41:17 AM [express] GET /api/me 401 in 0ms :: {"error":"Não autenticado"}
12:41:48 AM [express] GET /api/me 401 in 0ms :: {"error":"Não autenticado"}
12:41:48 AM [express] GET /api/me 401 in 0ms :: {"error":"Não autenticado"}
12:42:18 AM [express] GET /api/me 401 in 0ms :: {"error":"Não autenticado"}
12:42:18 AM [express] GET /api/me 401 in 0ms :: {"error":"Não autenticado"}
12:42:48 AM [express] GET /api/me 401 in 0ms :: {"error":"Não autenticado"}
12:42:48 AM [express] GET /api/me 401 in 0ms :: {"error":"Não autenticado"}
12:43:18 AM [express] GET /api/me 401 in 0ms :: {"error":"Não autenticado"}
12:43:18 AM [express] GET /api/me 401 in 1ms :: {"error":"Não autenticado"}
12:43:48 AM [express] GET /api/me 401 in 0ms :: {"error":"Não autenticado"}
12:43:48 AM [express] GET /api/me 401 in 1ms :: {"error":"Não autenticado"}
12:44:18 AM [express] GET /api/me 401 in 0ms :: {"error":"Não autenticado"}
12:44:18 AM [express] GET /api/me 401 in 0ms :: {"error":"Não autenticado"}
12:44:49 AM [express] GET /api/me 401 in 0ms :: {"error":"Não autenticado"}
12:44:49 AM [express] GET /api/me 401 in 0ms :: {"error":"Não autenticado"}
12:45:19 AM [express] GET /api/me 401 in 0ms :: {"error":"Não autenticado"}
12:45:19 AM [express] GET /api/me 401 in 0ms :: {"error":"Não autenticado"}
12:45:49 AM [express] GET /api/me 401 in 0ms :: {"error":"Não autenticado"}
12:45:49 AM [express] GET /api/me 401 in 1ms :: {"error":"Não autenticado"}
12:46:19 AM [express] GET /api/me 401 in 0ms :: {"error":"Não autenticado"}
12:46:19 AM [express] GET /api/me 401 in 0ms :: {"error":"Não autenticado"}
12:46:49 AM [express] GET /api/me 401 in 0ms :: {"error":"Não autenticado"}
12:46:49 AM [express] GET /api/me 401 in 0ms :: {"error":"Não autenticado"}
12:47:19 AM [express] GET /api/me 401 in 0ms :: {"error":"Não autenticado"}
12:47:19 AM [express] GET /api/me 401 in 0ms :: {"error":"Não autenticado"}
12:47:50 AM [express] GET /api/me 401 in 0ms :: {"error":"Não autenticado"}
12:47:50 AM [express] GET /api/me 401 in 0ms :: {"error":"Não autenticado"}
12:48:20 AM [express] GET /api/me 401 in 0ms :: {"error":"Não autenticado"}
12:48:20 AM [express] GET /api/me 401 in 0ms :: {"error":"Não autenticado"}
12:48:50 AM [express] GET /api/me 401 in 0ms :: {"error":"Não autenticado"}
12:48:50 AM [express] GET /api/me 401 in 1ms :: {"error":"Não autenticado"}
12:49:20 AM [express] GET /api/me 401 in 0ms :: {"error":"Não autenticado"}
12:49:20 AM [express] GET /api/me 401 in 0ms :: {"error":"Não autenticado"}
12:49:50 AM [express] GET /api/me 401 in 0ms :: {"error":"Não autenticado"}
12:49:50 AM [express] GET /api/me 401 in 1ms :: {"error":"Não autenticado"}
12:50:20 AM [express] GET /api/me 401 in 0ms :: {"error":"Não autenticado"}
12:50:20 AM [express] GET /api/me 401 in 0ms :: {"error":"Não autenticado"}
12:50:51 AM [express] GET /api/me 401 in 0ms :: {"error":"Não autenticado"}
12:50:51 AM [express] GET /api/me 401 in 1ms :: {"error":"Não autenticado"}
12:51:21 AM [express] GET /api/me 401 in 0ms :: {"error":"Não autenticado"}
12:51:21 AM [express] GET /api/me 401 in 0ms :: {"error":"Não autenticado"}
12:51:51 AM [express] GET /api/me 401 in 0ms :: {"error":"Não autenticado"}
12:51:51 AM [express] GET /api/me 401 in 0ms :: {"error":"Não autenticado"}
12:52:21 AM [express] GET /api/me 401 in 0ms :: {"error":"Não autenticado"}
12:52:21 AM [express] GET /api/me 401 in 0ms :: {"error":"Não autenticado"}
12:52:51 AM [express] GET /api/me 401 in 0ms :: {"error":"Não autenticado"}
12:52:51 AM [express] GET /api/me 401 in 0ms :: {"error":"Não autenticado"}
12:53:21 AM [express] GET /api/me 401 in 1ms :: {"error":"Não autenticado"}
12:53:21 AM [express] GET /api/me 401 in 1ms :: {"error":"Não autenticado"}
12:53:51 AM [express] GET /api/me 401 in 0ms :: {"error":"Não autenticado"}
12:53:51 AM [express] GET /api/me 401 in 0ms :: {"error":"Não autenticado"}
12:54:21 AM [express] GET /api/me 401 in 0ms :: {"error":"Não autenticado"}
12:54:21 AM [express] GET /api/me 401 in 0ms :: {"error":"Não autenticado"}
12:54:52 AM [express] GET /api/me 401 in 0ms :: {"error":"Não autenticado"}
12:54:52 AM [express] GET /api/me 401 in 0ms :: {"error":"Não autenticado"}
12:55:22 AM [express] GET /api/me 401 in 0ms :: {"error":"Não autenticado"}
12:55:22 AM [express] GET /api/me 401 in 0ms :: {"error":"Não autenticado"}
12:55:52 AM [express] GET /api/me 401 in 0ms :: {"error":"Não autenticado"}
12:55:52 AM [express] GET /api/me 401 in 0ms :: {"error":"Não autenticado"}
12:56:22 AM [express] GET /api/me 401 in 0ms :: {"error":"Não autenticado"}
12:56:22 AM [express] GET /api/me 401 in 1ms :: {"error":"Não autenticado"}
12:56:52 AM [express] GET /api/me 401 in 0ms :: {"error":"Não autenticado"}
12:56:52 AM [express] GET /api/me 401 in 0ms :: {"error":"Não autenticado"}
12:57:22 AM [express] GET /api/me 401 in 0ms :: {"error":"Não autenticado"}
12:57:22 AM [express] GET /api/me 401 in 0ms :: {"error":"Não autenticado"}
12:57:53 AM [express] GET /api/me 401 in 0ms :: {"error":"Não autenticado"}
12:57:53 AM [express] GET /api/me 401 in 0ms :: {"error":"Não autenticado"}
12:58:23 AM [express] GET /api/me 401 in 0ms :: {"error":"Não autenticado"}
12:58:23 AM [express] GET /api/me 401 in 0ms :: {"error":"Não autenticado"}
12:58:53 AM [express] GET /api/me 401 in 0ms :: {"error":"Não autenticado"}
12:58:53 AM [express] GET /api/me 401 in 0ms :: {"error":"Não autenticado"}
12:59:23 AM [express] GET /api/me 401 in 0ms :: {"error":"Não autenticado"}
12:59:23 AM [express] GET /api/me 401 in 0ms :: {"error":"Não autenticado"}
12:59:53 AM [express] GET /api/me 401 in 0ms :: {"error":"Não autenticado"}
12:59:53 AM [express] GET /api/me 401 in 0ms :: {"error":"Não autenticado"}
1:00:23 AM [express] GET /api/me 401 in 1ms :: {"error":"Não autenticado"}
1:00:23 AM [express] GET /api/me 401 in 1ms :: {"error":"Não autenticado"}
1:00:54 AM [express] GET /api/me 401 in 0ms :: {"error":"Não autenticado"}
1:00:54 AM [express] GET /api/me 401 in 0ms :: {"error":"Não autenticado"}
1:01:24 AM [express] GET /api/me 401 in 1ms :: {"error":"Não autenticado"}
1:01:24 AM [express] GET /api/me 401 in 0ms :: {"error":"Não autenticado"}
1:01:54 AM [express] GET /api/me 401 in 0ms :: {"error":"Não autenticado"}
1:01:54 AM [express] GET /api/me 401 in 1ms :: {"error":"Não autenticado"}
1:02:24 AM [express] GET /api/me 401 in 1ms :: {"error":"Não autenticado"}
1:02:24 AM [express] GET /api/me 401 in 1ms :: {"error":"Não autenticado"}
1:02:54 AM [express] GET /api/me 401 in 0ms :: {"error":"Não autenticado"}
1:02:54 AM [express] GET /api/me 401 in 1ms :: {"error":"Não autenticado"}
1:03:25 AM [express] GET /api/me 401 in 0ms :: {"error":"Não autenticado"}
1:03:25 AM [express] GET /api/me 401 in 1ms :: {"error":"Não autenticado"}
1:03:55 AM [express] GET /api/me 401 in 0ms :: {"error":"Não autenticado"}
1:03:55 AM [express] GET /api/me 401 in 0ms :: {"error":"Não autenticado"}
1:04:25 AM [express] GET /api/me 401 in 0ms :: {"error":"Não autenticado"}
1:04:25 AM [express] GET /api/me 401 in 0ms :: {"error":"Não autenticado"}
1:04:55 AM [express] GET /api/me 401 in 0ms :: {"error":"Não autenticado"}
1:04:55 AM [express] GET /api/me 401 in 1ms :: {"error":"Não autenticado"}
1:05:25 AM [express] GET /api/me 401 in 1ms :: {"error":"Não autenticado"}
1:05:25 AM [express] GET /api/me 401 in 1ms :: {"error":"Não autenticado"}
1:05:55 AM [express] GET /api/me 401 in 0ms :: {"error":"Não autenticado"}
1:05:55 AM [express] GET /api/me 401 in 0ms :: {"error":"Não autenticado"}
1:06:25 AM [express] GET /api/me 401 in 0ms :: {"error":"Não autenticado"}
1:06:25 AM [express] GET /api/me 401 in 0ms :: {"error":"Não autenticado"}
1:06:56 AM [express] GET /api/me 401 in 0ms :: {"error":"Não autenticado"}
1:06:56 AM [express] GET /api/me 401 in 0ms :: {"error":"Não autenticado"}
1:07:26 AM [express] GET /api/me 401 in 0ms :: {"error":"Não autenticado"}
1:07:26 AM [express] GET /api/me 401 in 0ms :: {"error":"Não autenticado"}
1:07:56 AM [express] GET /api/me 401 in 0ms :: {"error":"Não autenticado"}
1:07:56 AM [express] GET /api/me 401 in 0ms :: {"error":"Não autenticado"}
1:08:26 AM [express] GET /api/me 401 in 1ms :: {"error":"Não autenticado"}
1:08:26 AM [express] GET /api/me 401 in 0ms :: {"error":"Não autenticado"}
1:08:56 AM [express] GET /api/me 401 in 0ms :: {"error":"Não autenticado"}
1:08:56 AM [express] GET /api/me 401 in 0ms :: {"error":"Não autenticado"}
1:09:26 AM [express] GET /api/me 401 in 0ms :: {"error":"Não autenticado"}
1:09:26 AM [express] GET /api/me 401 in 0ms :: {"error":"Não autenticado"}
1:09:57 AM [express] GET /api/me 401 in 0ms :: {"error":"Não autenticado"}
1:09:57 AM [express] GET /api/me 401 in 1ms :: {"error":"Não autenticado"}
1:10:27 AM [express] GET /api/me 401 in 1ms :: {"error":"Não autenticado"}
1:10:27 AM [express] GET /api/me 401 in 1ms :: {"error":"Não autenticado"}
1:10:57 AM [express] GET /api/me 401 in 0ms :: {"error":"Não autenticado"}
1:10:57 AM [express] GET /api/me 401 in 0ms :: {"error":"Não autenticado"}
1:11:27 AM [express] GET /api/me 401 in 0ms :: {"error":"Não autenticado"}
1:11:27 AM [express] GET /api/me 401 in 0ms :: {"error":"Não autenticado"}
1:11:57 AM [express] GET /api/me 401 in 0ms :: {"error":"Não autenticado"}
1:11:57 AM [express] GET /api/me 401 in 0ms :: {"error":"Não autenticado"}
1:12:27 AM [express] GET /api/me 401 in 0ms :: {"error":"Não autenticado"}
1:12:27 AM [express] GET /api/me 401 in 1ms :: {"error":"Não autenticado"}
1:12:58 AM [express] GET /api/me 401 in 0ms :: {"error":"Não autenticado"}
1:12:58 AM [express] GET /api/me 401 in 0ms :: {"error":"Não autenticado"}
1:13:28 AM [express] GET /api/me 401 in 0ms :: {"error":"Não autenticado"}
1:13:28 AM [express] GET /api/me 401 in 0ms :: {"error":"Não autenticado"}
1:13:58 AM [express] GET /api/me 401 in 0ms :: {"error":"Não autenticado"}
1:13:58 AM [express] GET /api/me 401 in 0ms :: {"error":"Não autenticado"}
1:14:28 AM [express] GET /api/me 401 in 0ms :: {"error":"Não autenticado"}
1:14:28 AM [express] GET /api/me 401 in 0ms :: {"error":"Não autenticado"}
1:14:58 AM [express] GET /api/me 401 in 0ms :: {"error":"Não autenticado"}
1:14:58 AM [express] GET /api/me 401 in 0ms :: {"error":"Não autenticado"}
1:15:28 AM [express] GET /api/me 401 in 0ms :: {"error":"Não autenticado"}
1:15:28 AM [express] GET /api/me 401 in 0ms :: {"error":"Não autenticado"}
1:15:59 AM [express] GET /api/me 401 in 0ms :: {"error":"Não autenticado"}
1:15:59 AM [express] GET /api/me 401 in 0ms :: {"error":"Não autenticado"}
1:16:29 AM [express] GET /api/me 401 in 0ms :: {"error":"Não autenticado"}
1:16:29 AM [express] GET /api/me 401 in 1ms :: {"error":"Não autenticado"}
1:16:59 AM [express] GET /api/me 401 in 0ms :: {"error":"Não autenticado"}
1:16:59 AM [express] GET /api/me 401 in 0ms :: {"error":"Não autenticado"}
1:17:29 AM [express] GET /api/me 401 in 0ms :: {"error":"Não autenticado"}
1:17:29 AM [express] GET /api/me 401 in 0ms :: {"error":"Não autenticado"}
1:17:59 AM [express] GET /api/me 401 in 0ms :: {"error":"Não autenticado"}
1:17:59 AM [express] GET /api/me 401 in 0ms :: {"error":"Não autenticado"}
1:18:29 AM [express] GET /api/me 401 in 0ms :: {"error":"Não autenticado"}
1:18:29 AM [express] GET /api/me 401 in 0ms :: {"error":"Não autenticado"}
1:18:59 AM [express] GET /api/me 401 in 0ms :: {"error":"Não autenticado"}
1:18:59 AM [express] GET /api/me 401 in 0ms :: {"error":"Não autenticado"}
1:19:29 AM [express] GET /api/me 401 in 0ms :: {"error":"Não autenticado"}
1:19:29 AM [express] GET /api/me 401 in 0ms :: {"error":"Não autenticado"}
1:20:00 AM [express] GET /api/me 401 in 0ms :: {"error":"Não autenticado"}
1:20:00 AM [express] GET /api/me 401 in 0ms :: {"error":"Não autenticado"}
1:20:30 AM [express] GET /api/me 401 in 0ms :: {"error":"Não autenticado"}
1:20:30 AM [express] GET /api/me 401 in 0ms :: {"error":"Não autenticado"}
1:21:00 AM [express] GET /api/me 401 in 0ms :: {"error":"Não autenticado"}
1:21:00 AM [express] GET /api/me 401 in 0ms :: {"error":"Não autenticado"}
1:21:30 AM [express] GET /api/me 401 in 1ms :: {"error":"Não autenticado"}
1:21:30 AM [express] GET /api/me 401 in 1ms :: {"error":"Não autenticado"}
1:22:00 AM [express] GET /api/me 401 in 0ms :: {"error":"Não autenticado"}
1:22:00 AM [express] GET /api/me 401 in 1ms :: {"error":"Não autenticado"}
1:22:30 AM [express] GET /api/me 401 in 0ms :: {"error":"Não autenticado"}
1:22:30 AM [express] GET /api/me 401 in 0ms :: {"error":"Não autenticado"}
1:23:01 AM [express] GET /api/me 401 in 0ms :: {"error":"Não autenticado"}
1:23:01 AM [express] GET /api/me 401 in 0ms :: {"error":"Não autenticado"}
1:23:31 AM [express] GET /api/me 401 in 0ms :: {"error":"Não autenticado"}
1:23:31 AM [express] GET /api/me 401 in 0ms :: {"error":"Não autenticado"}
1:24:01 AM [express] GET /api/me 401 in 0ms :: {"error":"Não autenticado"}
1:24:01 AM [express] GET /api/me 401 in 0ms :: {"error":"Não autenticado"}
1:24:31 AM [express] GET /api/me 401 in 0ms :: {"error":"Não autenticado"}
1:24:31 AM [express] GET /api/me 401 in 0ms :: {"error":"Não autenticado"}
1:25:01 AM [express] GET /api/me 401 in 0ms :: {"error":"Não autenticado"}
1:25:01 AM [express] GET /api/me 401 in 0ms :: {"error":"Não autenticado"}
1:25:31 AM [express] GET /api/me 401 in 0ms :: {"error":"Não autenticado"}
1:25:31 AM [express] GET /api/me 401 in 0ms :: {"error":"Não autenticado"}
1:26:02 AM [express] GET /api/me 401 in 0ms :: {"error":"Não autenticado"}
1:26:02 AM [express] GET /api/me 401 in 0ms :: {"error":"Não autenticado"}
1:26:32 AM [express] GET /api/me 401 in 0ms :: {"error":"Não autenticado"}
1:26:32 AM [express] GET /api/me 401 in 0ms :: {"error":"Não autenticado"}
1:27:02 AM [express] GET /api/me 401 in 0ms :: {"error":"Não autenticado"}
1:27:02 AM [express] GET /api/me 401 in 0ms :: {"error":"Não autenticado"}
1:27:32 AM [express] GET /api/me 401 in 0ms :: {"error":"Não autenticado"}
1:27:32 AM [express] GET /api/me 401 in 0ms :: {"error":"Não autenticado"}
1:28:02 AM [express] GET /api/me 401 in 0ms :: {"error":"Não autenticado"}
1:28:02 AM [express] GET /api/me 401 in 0ms :: {"error":"Não autenticado"}
1:28:32 AM [express] GET /api/me 401 in 0ms :: {"error":"Não autenticado"}
1:28:32 AM [express] GET /api/me 401 in 0ms :: {"error":"Não autenticado"}
1:29:03 AM [express] GET /api/me 401 in 0ms :: {"error":"Não autenticado"}
1:29:03 AM [express] GET /api/me 401 in 1ms :: {"error":"Não autenticado"}
1:29:33 AM [express] GET /api/me 401 in 0ms :: {"error":"Não autenticado"}
1:29:33 AM [express] GET /api/me 401 in 0ms :: {"error":"Não autenticado"}
1:30:03 AM [express] GET /api/me 401 in 0ms :: {"error":"Não autenticado"}
1:30:03 AM [express] GET /api/me 401 in 0ms :: {"error":"Não autenticado"}
1:30:33 AM [express] GET /api/me 401 in 0ms :: {"error":"Não autenticado"}
1:30:33 AM [express] GET /api/me 401 in 0ms :: {"error":"Não autenticado"}
1:31:03 AM [express] GET /api/me 401 in 0ms :: {"error":"Não autenticado"}
1:31:03 AM [express] GET /api/me 401 in 0ms :: {"error":"Não autenticado"}
1:31:33 AM [express] GET /api/me 401 in 1ms :: {"error":"Não autenticado"}
1:31:33 AM [express] GET /api/me 401 in 0ms :: {"error":"Não autenticado"}
1:32:03 AM [express] GET /api/me 401 in 0ms :: {"error":"Não autenticado"}
1:32:03 AM [express] GET /api/me 401 in 1ms :: {"error":"Não autenticado"}
1:32:33 AM [express] GET /api/me 401 in 0ms :: {"error":"Não autenticado"}
1:32:33 AM [express] GET /api/me 401 in 0ms :: {"error":"Não autenticado"}
1:33:04 AM [express] GET /api/me 401 in 0ms :: {"error":"Não autenticado"}
1:33:04 AM [express] GET /api/me 401 in 0ms :: {"error":"Não autenticado"}
1:33:34 AM [express] GET /api/me 401 in 0ms :: {"error":"Não autenticado"}
1:33:34 AM [express] GET /api/me 401 in 1ms :: {"error":"Não autenticado"}
1:34:04 AM [express] GET /api/me 401 in 0ms :: {"error":"Não autenticado"}
1:34:04 AM [express] GET /api/me 401 in 0ms :: {"error":"Não autenticado"}
1:34:34 AM [express] GET /api/me 401 in 1ms :: {"error":"Não autenticado"}
1:34:34 AM [express] GET /api/me 401 in 0ms :: {"error":"Não autenticado"}
1:35:04 AM [express] GET /api/me 401 in 0ms :: {"error":"Não autenticado"}
1:35:04 AM [express] GET /api/me 401 in 0ms :: {"error":"Não autenticado"}
1:35:34 AM [express] GET /api/me 401 in 1ms :: {"error":"Não autenticado"}
1:35:34 AM [express] GET /api/me 401 in 0ms :: {"error":"Não autenticado"}
1:36:05 AM [express] GET /api/me 401 in 0ms :: {"error":"Não autenticado"}
1:36:05 AM [express] GET /api/me 401 in 0ms :: {"error":"Não autenticado"}
1:36:35 AM [express] GET /api/me 401 in 0ms :: {"error":"Não autenticado"}
1:36:35 AM [express] GET /api/me 401 in 0ms :: {"error":"Não autenticado"}
1:37:05 AM [express] GET /api/me 401 in 0ms :: {"error":"Não autenticado"}
1:37:05 AM [express] GET /api/me 401 in 0ms :: {"error":"Não autenticado"}
1:37:35 AM [express] GET /api/me 401 in 0ms :: {"error":"Não autenticado"}
1:37:35 AM [express] GET /api/me 401 in 0ms :: {"error":"Não autenticado"}
1:38:05 AM [express] GET /api/me 401 in 0ms :: {"error":"Não autenticado"}
1:38:05 AM [express] GET /api/me 401 in 1ms :: {"error":"Não autenticado"}
1:38:35 AM [express] GET /api/me 401 in 0ms :: {"error":"Não autenticado"}
1:38:35 AM [express] GET /api/me 401 in 0ms :: {"error":"Não autenticado"}
8:38:23 AM [express] GET /api/me 401 in 1ms :: {"error":"Não autenticado"}
8:38:23 AM [express] GET /api/me 401 in 0ms :: {"error":"Não autenticado"}
