[google-auth] Google OAuth enabled (callback: https://app.builtalliances.com/auth/google/callback)
[comunidade] Found collection as 'Comunidade'
[nucleo_tecnico] Directus collection exists (data stored in local PostgreSQL)
[estudos] Collection already exists
[perms] No reference permissions found
[bias-valid] No field validations to clear
[bia] nome_bia varchar length OK, skipping
[cadastro_geral] nome expanded to varchar(500)
[cadastro_geral] perfil_aliado already OK (text/null), skipping
[cadastro_geral] nucleo_alianca already OK (text/null), skipping
[cadastro_geral] empresa expanded to varchar(500)
[perms] No reference permissions found
[cadastro_geral] cargo expanded to varchar(500)
[comunidade] M2M 'membros': parent_id=integer, related_id=uuid
[comunidade] Junction 'comunidade_membros' already exists
[comunidade] M2M alias 'membros': INVALID_PAYLOAD
[comunidade] M2M rel1 'membros': INVALID_PAYLOAD
[comunidade] M2M rel2 'membros': INVALID_PAYLOAD
[comunidade] M2M 'bias': parent_id=integer, related_id=uuid
[comunidade] Junction 'comunidade_bias' already exists
[comunidade] M2M alias 'bias': INVALID_PAYLOAD
[comunidade] M2M rel1 'bias': INVALID_PAYLOAD
[comunidade] M2M rel2 'bias': INVALID_PAYLOAD
[comunidade] Fields ensured (M2O/M2M)
4:07:18 PM [express] serving on port 3004
4:07:28 PM [express] GET /api/me 401 in 3ms :: {"error":"Não autenticado"}
4:07:28 PM [express] GET /api/me 401 in 1ms :: {"error":"Não autenticado"}
4:07:59 PM [express] GET /api/me 401 in 0ms :: {"error":"Não autenticado"}
4:07:59 PM [express] GET /api/me 401 in 1ms :: {"error":"Não autenticado"}
4:08:29 PM [express] GET /api/me 401 in 0ms :: {"error":"Não autenticado"}
4:08:29 PM [express] GET /api/me 401 in 0ms :: {"error":"Não autenticado"}
4:08:59 PM [express] GET /api/me 401 in 0ms :: {"error":"Não autenticado"}
4:08:59 PM [express] GET /api/me 401 in 0ms :: {"error":"Não autenticado"}
4:09:29 PM [express] GET /api/me 401 in 1ms :: {"error":"Não autenticado"}
4:09:29 PM [express] GET /api/me 401 in 0ms :: {"error":"Não autenticado"}
4:09:59 PM [express] GET /api/me 401 in 0ms :: {"error":"Não autenticado"}
4:09:59 PM [express] GET /api/me 401 in 1ms :: {"error":"Não autenticado"}
4:10:29 PM [express] GET /api/me 401 in 1ms :: {"error":"Não autenticado"}
4:10:29 PM [express] GET /api/me 401 in 0ms :: {"error":"Não autenticado"}
4:11:00 PM [express] GET /api/me 401 in 0ms :: {"error":"Não autenticado"}
4:11:00 PM [express] GET /api/me 401 in 0ms :: {"error":"Não autenticado"}
4:11:30 PM [express] GET /api/me 401 in 0ms :: {"error":"Não autenticado"}
4:11:30 PM [express] GET /api/me 401 in 0ms :: {"error":"Não autenticado"}
4:12:00 PM [express] GET /api/me 401 in 1ms :: {"error":"Não autenticado"}
4:12:00 PM [express] GET /api/me 401 in 0ms :: {"error":"Não autenticado"}
4:12:30 PM [express] GET /api/me 401 in 1ms :: {"error":"Não autenticado"}
4:12:30 PM [express] GET /api/me 401 in 0ms :: {"error":"Não autenticado"}
4:13:00 PM [express] GET /api/me 401 in 0ms :: {"error":"Não autenticado"}
4:13:00 PM [express] GET /api/me 401 in 0ms :: {"error":"Não autenticado"}
4:13:30 PM [express] GET /api/me 401 in 1ms :: {"error":"Não autenticado"}
4:13:30 PM [express] GET /api/me 401 in 1ms :: {"error":"Não autenticado"}
4:14:01 PM [express] GET /api/me 401 in 0ms :: {"error":"Não autenticado"}
4:14:01 PM [express] GET /api/me 401 in 0ms :: {"error":"Não autenticado"}
4:14:31 PM [express] GET /api/me 401 in 0ms :: {"error":"Não autenticado"}
4:14:31 PM [express] GET /api/me 401 in 0ms :: {"error":"Não autenticado"}
4:15:01 PM [express] GET /api/me 401 in 0ms :: {"error":"Não autenticado"}
4:15:01 PM [express] GET /api/me 401 in 0ms :: {"error":"Não autenticado"}
4:15:31 PM [express] GET /api/me 401 in 0ms :: {"error":"Não autenticado"}
4:15:31 PM [express] GET /api/me 401 in 0ms :: {"error":"Não autenticado"}
4:16:01 PM [express] GET /api/me 401 in 0ms :: {"error":"Não autenticado"}
4:16:01 PM [express] GET /api/me 401 in 0ms :: {"error":"Não autenticado"}
4:16:31 PM [express] GET /api/me 401 in 1ms :: {"error":"Não autenticado"}
4:16:31 PM [express] GET /api/me 401 in 1ms :: {"error":"Não autenticado"}
4:17:01 PM [express] GET /api/me 401 in 0ms :: {"error":"Não autenticado"}
4:17:02 PM [express] GET /api/me 401 in 0ms :: {"error":"Não autenticado"}
4:17:31 PM [express] GET /api/me 401 in 1ms :: {"error":"Não autenticado"}
4:17:33 PM [express] GET /api/me 401 in 1ms :: {"error":"Não autenticado"}
4:18:02 PM [express] GET /api/me 401 in 0ms :: {"error":"Não autenticado"}
4:18:04 PM [express] GET /api/me 401 in 0ms :: {"error":"Não autenticado"}
4:18:32 PM [express] GET /api/me 401 in 0ms :: {"error":"Não autenticado"}
4:18:35 PM [express] GET /api/me 401 in 1ms :: {"error":"Não autenticado"}
4:19:02 PM [express] GET /api/me 401 in 0ms :: {"error":"Não autenticado"}
4:19:06 PM [express] GET /api/me 401 in 0ms :: {"error":"Não autenticado"}
4:19:32 PM [express] GET /api/me 401 in 0ms :: {"error":"Não autenticado"}
4:19:37 PM [express] GET /api/me 401 in 1ms :: {"error":"Não autenticado"}
4:20:02 PM [express] GET /api/me 401 in 0ms :: {"error":"Não autenticado"}
4:20:08 PM [express] GET /api/me 401 in 0ms :: {"error":"Não autenticado"}
4:20:32 PM [express] GET /api/me 401 in 0ms :: {"error":"Não autenticado"}
4:20:39 PM [express] GET /api/me 401 in 0ms :: {"error":"Não autenticado"}
4:21:02 PM [express] GET /api/me 401 in 0ms :: {"error":"Não autenticado"}
4:21:10 PM [express] GET /api/me 401 in 0ms :: {"error":"Não autenticado"}
4:21:32 PM [express] GET /api/me 401 in 1ms :: {"error":"Não autenticado"}
4:21:41 PM [express] GET /api/me 401 in 0ms :: {"error":"Não autenticado"}
4:22:02 PM [express] GET /api/me 401 in 0ms :: {"error":"Não autenticado"}
4:22:12 PM [express] GET /api/me 401 in 0ms :: {"error":"Não autenticado"}
4:22:32 PM [express] GET /api/me 401 in 1ms :: {"error":"Não autenticado"}
4:22:43 PM [express] GET /api/me 401 in 0ms :: {"error":"Não autenticado"}
4:23:02 PM [express] GET /api/me 401 in 1ms :: {"error":"Não autenticado"}
4:23:14 PM [express] GET /api/me 401 in 0ms :: {"error":"Não autenticado"}
4:23:32 PM [express] GET /api/me 401 in 0ms :: {"error":"Não autenticado"}
4:23:45 PM [express] GET /api/me 401 in 0ms :: {"error":"Não autenticado"}
4:24:02 PM [express] GET /api/me 401 in 0ms :: {"error":"Não autenticado"}
4:24:16 PM [express] GET /api/me 401 in 0ms :: {"error":"Não autenticado"}
4:24:32 PM [express] GET /api/me 401 in 0ms :: {"error":"Não autenticado"}
4:24:47 PM [express] GET /api/me 401 in 0ms :: {"error":"Não autenticado"}
4:25:02 PM [express] GET /api/me 401 in 0ms :: {"error":"Não autenticado"}
4:25:18 PM [express] GET /api/me 401 in 1ms :: {"error":"Não autenticado"}
4:25:32 PM [express] GET /api/me 401 in 1ms :: {"error":"Não autenticado"}
4:25:48 PM [express] GET /api/me 401 in 1ms :: {"error":"Não autenticado"}
4:26:02 PM [express] GET /api/me 401 in 1ms :: {"error":"Não autenticado"}
4:26:18 PM [express] GET /api/me 401 in 0ms :: {"error":"Não autenticado"}
4:26:33 PM [express] GET /api/me 401 in 1ms :: {"error":"Não autenticado"}
4:26:49 PM [express] GET /api/me 401 in 0ms :: {"error":"Não autenticado"}
4:27:03 PM [express] GET /api/me 401 in 1ms :: {"error":"Não autenticado"}
4:27:19 PM [express] GET /api/me 401 in 0ms :: {"error":"Não autenticado"}
4:27:33 PM [express] GET /api/me 401 in 1ms :: {"error":"Não autenticado"}
4:27:49 PM [express] GET /api/me 401 in 0ms :: {"error":"Não autenticado"}
4:28:03 PM [express] GET /api/me 401 in 0ms :: {"error":"Não autenticado"}
4:28:19 PM [express] GET /api/me 401 in 1ms :: {"error":"Não autenticado"}
4:28:33 PM [express] GET /api/me 401 in 1ms :: {"error":"Não autenticado"}
4:28:50 PM [express] GET /api/me 401 in 0ms :: {"error":"Não autenticado"}
[2m4:28:59 PM[22m [36m[1m[vite][22m[39m [90m[2m(client)[22m[39m [32mhmr update [39m[2m/src/pages/bia-detalhe.tsx, /src/index.css[22m
4:29:03 PM [express] GET /api/me 401 in 1ms :: {"error":"Não autenticado"}
4:29:20 PM [express] GET /api/me 401 in 0ms :: {"error":"Não autenticado"}
[2m4:29:32 PM[22m [36m[1m[vite][22m[39m [90m[2m(client)[22m[39m [32mhmr update [39m[2m/src/pages/bia-detalhe.tsx, /src/index.css[22m
4:29:33 PM [express] GET /api/me 401 in 1ms :: {"error":"Não autenticado"}
4:29:50 PM [express] GET /api/me 401 in 0ms :: {"error":"Não autenticado"}
[2m4:29:52 PM[22m [36m[1m[vite][22m[39m [90m[2m(client)[22m[39m [32mhmr update [39m[2m/src/pages/bia-detalhe.tsx, /src/index.css[22m
4:30:03 PM [express] GET /api/me 401 in 2ms :: {"error":"Não autenticado"}
[2m4:30:03 PM[22m [36m[1m[vite][22m[39m [90m[2m(client)[22m[39m [32mhmr update [39m[2m/src/pages/bia-detalhe.tsx, /src/index.css[22m
4:30:20 PM [express] GET /api/me 401 in 0ms :: {"error":"Não autenticado"}
4:30:33 PM [express] GET /api/me 401 in 0ms :: {"error":"Não autenticado"}
[2m4:30:38 PM[22m [36m[1m[vite][22m[39m [90m[2m(client)[22m[39m [32mhmr update [39m[2m/src/index.css, /src/pages/bia-documentos.tsx[22m
[2m4:30:43 PM[22m [36m[1m[vite][22m[39m [90m[2m(client)[22m[39m [32mhmr update [39m[2m/src/index.css, /src/pages/bia-documentos.tsx[22m
4:30:50 PM [express] GET /api/me 401 in 1ms :: {"error":"Não autenticado"}
4:31:03 PM [express] GET /api/me 401 in 0ms :: {"error":"Não autenticado"}
4:31:20 PM [express] GET /api/me 401 in 0ms :: {"error":"Não autenticado"}
4:31:33 PM [express] GET /api/me 401 in 1ms :: {"error":"Não autenticado"}
[2m4:31:48 PM[22m [36m[1m[vite][22m[39m [90m[2m(client)[22m[39m [32mhmr update [39m[2m/src/index.css, /src/pages/nucleo-capital.tsx[22m
[2m4:31:48 PM[22m [36m[1m[vite][22m[39m [90m[2m(client)[22m[39m [33mhmr invalidate [39m[2m/src/pages/nucleo-capital.tsx[22m Could not Fast Refresh ("NUCLEO_CAPITAL_DOCS_CONFIG" export is incompatible). Learn more at https://github.com/vitejs/vite-plugin-react/tree/main/packages/plugin-react#consistent-components-exports
[2m4:31:48 PM[22m [36m[1m[vite][22m[39m [90m[2m(client)[22m[39m [32mhmr update [39m[2m/src/pages/bia-detalhe.tsx, /src/pages/bia-documentos.tsx[22m
4:31:50 PM [express] GET /api/me 401 in 1ms :: {"error":"Não autenticado"}
4:32:03 PM [express] GET /api/me 401 in 0ms :: {"error":"Não autenticado"}
4:32:20 PM [express] GET /api/me 401 in 0ms :: {"error":"Não autenticado"}
[2m4:32:32 PM[22m [36m[1m[vite][22m[39m [90m[2m(client)[22m[39m [32mhmr update [39m[2m/src/index.css, /src/pages/nucleo-capital.tsx[22m
[2m4:32:32 PM[22m [36m[1m[vite][22m[39m [90m[2m(client)[22m[39m [33mhmr invalidate [39m[2m/src/pages/nucleo-capital.tsx[22m Could not Fast Refresh ("NUCLEO_CAPITAL_DOCS_CONFIG" export is incompatible). Learn more at https://github.com/vitejs/vite-plugin-react/tree/main/packages/plugin-react#consistent-components-exports
[2m4:32:32 PM[22m [36m[1m[vite][22m[39m [90m[2m(client)[22m[39m [32mhmr update [39m[2m/src/pages/bia-detalhe.tsx, /src/pages/bia-documentos.tsx[22m
4:32:33 PM [express] GET /api/me 401 in 1ms :: {"error":"Não autenticado"}
4:32:50 PM [express] GET /api/me 401 in 0ms :: {"error":"Não autenticado"}
4:33:03 PM [express] GET /api/me 401 in 0ms :: {"error":"Não autenticado"}
4:33:21 PM [express] GET /api/me 401 in 1ms :: {"error":"Não autenticado"}
[2m4:33:32 PM[22m [36m[1m[vite][22m[39m [90m[2m(client)[22m[39m [32mhmr update [39m[2m/src/index.css, /src/pages/nucleo-capital.tsx[22m
[2m4:33:32 PM[22m [36m[1m[vite][22m[39m [90m[2m(client)[22m[39m [33mhmr invalidate [39m[2m/src/pages/nucleo-capital.tsx[22m Could not Fast Refresh ("NUCLEO_CAPITAL_DOCS_CONFIG" export is incompatible). Learn more at https://github.com/vitejs/vite-plugin-react/tree/main/packages/plugin-react#consistent-components-exports
[2m4:33:32 PM[22m [36m[1m[vite][22m[39m [90m[2m(client)[22m[39m [32mhmr update [39m[2m/src/pages/bia-detalhe.tsx, /src/pages/bia-documentos.tsx[22m
4:33:33 PM [express] GET /api/me 401 in 0ms :: {"error":"Não autenticado"}
[2m4:33:41 PM[22m [36m[1m[vite][22m[39m [90m[2m(client)[22m[39m [32mhmr update [39m[2m/src/index.css, /src/pages/resultados.tsx[22m
4:33:51 PM [express] GET /api/me 401 in 0ms :: {"error":"Não autenticado"}
[2m4:33:56 PM[22m [36m[1m[vite][22m[39m [90m[2m(client)[22m[39m [32mhmr update [39m[2m/src/index.css, /src/pages/bias-calculadora.tsx[22m
4:34:03 PM [express] GET /api/me 401 in 1ms :: {"error":"Não autenticado"}
4:34:21 PM [express] GET /api/me 401 in 1ms :: {"error":"Não autenticado"}
4:34:34 PM [express] GET /api/me 401 in 1ms :: {"error":"Não autenticado"}
[2m4:34:45 PM[22m [36m[1m[vite][22m[39m [90m[2m(client)[22m[39m [32mhmr update [39m[2m/src/index.css, /src/pages/fluxo-caixa.tsx[22m
4:34:51 PM [express] GET /api/me 401 in 1ms :: {"error":"Não autenticado"}
4:35:04 PM [express] GET /api/me 401 in 0ms :: {"error":"Não autenticado"}
4:35:21 PM [express] GET /api/me 401 in 0ms :: {"error":"Não autenticado"}
4:35:34 PM [express] GET /api/me 401 in 0ms :: {"error":"Não autenticado"}
4:35:51 PM [express] GET /api/me 401 in 0ms :: {"error":"Não autenticado"}
4:36:04 PM [express] GET /api/me 401 in 1ms :: {"error":"Não autenticado"}
4:36:22 PM [express] GET /api/me 401 in 1ms :: {"error":"Não autenticado"}
4:36:34 PM [express] GET /api/me 401 in 0ms :: {"error":"Não autenticado"}
4:36:52 PM [express] GET /api/me 401 in 1ms :: {"error":"Não autenticado"}
