[bia] schema snapshot failed: 500
[vitrine-fields] Field na_vitrine response: 400
[geo-bias] Field latitude response: 400
[comunidade] Scalar field 'nome': undefined
[comunidade] Scalar field 'sigla': undefined
[opa-media] Field imagem_directus_id response: 400
[geo-opa] Field latitude response: 400
[geo-bias] Field localizacao response: 400
[vitrine-fields] Field link_site response: 400
[vitrine-fields] Field longitude response: 400
[vitrine-fields] Field foto_posicao_x response: 400
[vitrine-fields] Field foto_posicao_y response: 400
[comunidade] Scalar field 'codigo_sequencial': undefined
[vitrine-fields] Field logo_empresa response: 400
[vitrine-fields] Field especialidade_livre response: 400
[vitrine-fields] Field ramo_atuacao response: 400
[vitrine-fields] Field segmento response: 400
[vitrine-fields] Field area_atuacao response: 400
[vitrine-fields] Field idiomas response: 400
[vitrine-fields] Field nucleos_alianca response: 400
[vitrine-fields] Field tipos_alianca response: 400
[vitrine-fields] Field codigo_etica_aceito_em response: 400
[vitrine-fields] Field codigo_etica_versao response: 400
[vitrine-fields] Field politicas_participacao_aceito_em response: 400
[vitrine-fields] Field politicas_participacao_versao response: 400
[vitrine-fields] Field vitrine_termo_aceito_em response: 400
[vitrine-fields] Field vitrine_termo_versao response: 400
[vitrine-fields] Field built_capital_termo_aceito_em response: 400
[vitrine-fields] Field built_capital_termo_versao response: 400
[vitrine-fields] Field area_aliancas_termo_aceito_em response: 400
[vitrine-fields] Field area_aliancas_termo_versao response: 400
[categorias] Field bia_id response: 400
Browserslist: browsers data (caniuse-lite) is 8 months old. Please run:
  npx update-browserslist-db@latest
  Why you should do it regularly: https://github.com/browserslist/update-db#readme

A PostCSS plugin did not pass the `from` option to `postcss.parse`. This may cause imported assets to be incorrectly transformed. If you've recently added a PostCSS plugin that raised this warning, please contact the package author to fix the issue.
[2026-06-08T22:55:51.194Z] [PID: 13584] [32m[NODE-CRON][32m [33m[WARN][0m missed execution at Tue Jun 09 2026 01:30:00 GMT+0900 (Japan Standard Time)! Possible blocking IO or high CPU user at the same process used by node-cron.
[2026-06-08T22:55:51.197Z] [PID: 13584] [32m[NODE-CRON][32m [33m[WARN][0m missed execution at Tue Jun 09 2026 02:00:00 GMT+0900 (Japan Standard Time)! Possible blocking IO or high CPU user at the same process used by node-cron.
[2026-06-08T22:55:51.200Z] [PID: 13584] [32m[NODE-CRON][32m [33m[WARN][0m missed execution at Tue Jun 09 2026 02:30:00 GMT+0900 (Japan Standard Time)! Possible blocking IO or high CPU user at the same process used by node-cron.
[2026-06-08T22:55:51.203Z] [PID: 13584] [32m[NODE-CRON][32m [33m[WARN][0m missed execution at Tue Jun 09 2026 03:00:00 GMT+0900 (Japan Standard Time)! Possible blocking IO or high CPU user at the same process used by node-cron.
[2026-06-08T22:55:51.205Z] [PID: 13584] [32m[NODE-CRON][32m [33m[WARN][0m missed execution at Tue Jun 09 2026 03:30:00 GMT+0900 (Japan Standard Time)! Possible blocking IO or high CPU user at the same process used by node-cron.
[2026-06-08T22:55:51.208Z] [PID: 13584] [32m[NODE-CRON][32m [33m[WARN][0m missed execution at Tue Jun 09 2026 04:00:00 GMT+0900 (Japan Standard Time)! Possible blocking IO or high CPU user at the same process used by node-cron.
[2026-06-08T22:55:51.210Z] [PID: 13584] [32m[NODE-CRON][32m [33m[WARN][0m missed execution at Tue Jun 09 2026 04:30:00 GMT+0900 (Japan Standard Time)! Possible blocking IO or high CPU user at the same process used by node-cron.
[2026-06-08T22:55:51.212Z] [PID: 13584] [32m[NODE-CRON][32m [33m[WARN][0m missed execution at Tue Jun 09 2026 05:00:00 GMT+0900 (Japan Standard Time)! Possible blocking IO or high CPU user at the same process used by node-cron.
[2026-06-08T22:55:51.214Z] [PID: 13584] [32m[NODE-CRON][32m [33m[WARN][0m missed execution at Tue Jun 09 2026 05:30:00 GMT+0900 (Japan Standard Time)! Possible blocking IO or high CPU user at the same process used by node-cron.
[2026-06-08T22:55:51.219Z] [PID: 13584] [32m[NODE-CRON][32m [33m[WARN][0m missed execution at Tue Jun 09 2026 06:00:00 GMT+0900 (Japan Standard Time)! Possible blocking IO or high CPU user at the same process used by node-cron.
[2026-06-08T22:55:51.221Z] [PID: 13584] [32m[NODE-CRON][32m [33m[WARN][0m missed execution at Tue Jun 09 2026 06:30:00 GMT+0900 (Japan Standard Time)! Possible blocking IO or high CPU user at the same process used by node-cron.
[2026-06-08T22:55:51.223Z] [PID: 13584] [32m[NODE-CRON][32m [33m[WARN][0m missed execution at Tue Jun 09 2026 07:00:00 GMT+0900 (Japan Standard Time)! Possible blocking IO or high CPU user at the same process used by node-cron.
[2026-06-08T22:55:51.225Z] [PID: 13584] [32m[NODE-CRON][32m [33m[WARN][0m missed execution at Tue Jun 09 2026 07:30:00 GMT+0900 (Japan Standard Time)! Possible blocking IO or high CPU user at the same process used by node-cron.
[cron] reminder job error: Error: connect ECONNREFUSED 127.0.0.1:5433
    at C:\Users\ESPC\Documents\New project 2\node_modules\pg-pool\index.js:45:11
    at process.processTicksAndRejections (node:internal/process/task_queues:95:5)
    at async <anonymous> (C:\Users\ESPC\Documents\New project 2\node_modules\src\node-postgres\session.ts:104:19)
    at async <anonymous> (C:\Users\ESPC\Documents\New project 2\server\index.ts:109:25)
    at async Timeout._onTimeout (C:\Users\ESPC\Documents\New project 2\node_modules\node-cron\src\scheduler\runner.ts:100:30) {
  errno: -4078,
  code: 'ECONNREFUSED',
  syscall: 'connect',
  address: '127.0.0.1',
  port: 5433
}
