[google-auth] Google OAuth enabled (callback: https://app.builtalliances.com/auth/google/callback)
[comunidade] Found collection as 'Comunidade'
[nucleo_tecnico] Directus collection exists (data stored in local PostgreSQL)
[estudos] Collection already exists
[bias-valid] No field validations to clear
[perms] No reference permissions found
[bia] nome_bia varchar length OK, skipping
[cadastro_geral] nome expanded to varchar(500)
[cadastro_geral] perfil_aliado already OK (text/null), skipping
[cadastro_geral] nucleo_alianca already OK (text/null), skipping
[perms] No reference permissions found
[cadastro_geral] empresa expanded to varchar(500)
[cadastro_geral] cargo expanded to varchar(500)
[comunidade] M2M 'membros': parent_id=integer, related_id=uuid
[comunidade] Junction 'comunidade_membros' already exists
10:16:29 PM [express] serving on port 3004
10:16:29 PM [express] GET /api/me 401 in 11ms :: {"error":"Não autenticado"}
[comunidade] M2M alias 'membros': INVALID_PAYLOAD
[comunidade] M2M rel1 'membros': INVALID_PAYLOAD
[comunidade] M2M rel2 'membros': INVALID_PAYLOAD
[comunidade] M2M 'bias': parent_id=integer, related_id=uuid
[comunidade] Junction 'comunidade_bias' already exists
[comunidade] M2M alias 'bias': INVALID_PAYLOAD
[comunidade] M2M rel1 'bias': INVALID_PAYLOAD
[comunidade] M2M rel2 'bias': INVALID_PAYLOAD
[comunidade] Fields ensured (M2O/M2M)
10:16:49 PM [express] GET /api/me 401 in 2ms :: {"error":"Não autenticado"}
10:17:00 PM [express] GET /api/me 401 in 3ms :: {"error":"Não autenticado"}
