Error: connect ECONNREFUSED 127.0.0.1:5433
    at C:\Users\ESPC\Documents\New project 2\node_modules\pg-pool\index.js:45:11
    at process.processTicksAndRejections (node:internal/process/task_queues:95:5)
    at async ensureOpaInteressesCrmFields (C:\Users\ESPC\Documents\New project 2\server\routes.ts:1164:3) {
  errno: -4078,
  code: 'ECONNREFUSED',
  syscall: 'connect',
  address: '127.0.0.1',
  port: 5433
}
[convites_link] Campo tipo nao sincronizado: connect ECONNREFUSED 127.0.0.1:5433
[agenda] Tabela nao sincronizada: connect ECONNREFUSED 127.0.0.1:5433
[anuncios_pagamento] Campos de pagamento nao sincronizados: connect ECONNREFUSED 127.0.0.1:5433
[fluxo_historico] Tabela de historico nao sincronizada: connect ECONNREFUSED 127.0.0.1:5433
[fluxo_pagamento] Field pagamento_provider not ensured: INTERNAL_SERVER_ERROR
[vitrine-fields] Field na_vitrine response: 400
[geo-opa] Field latitude response: 400
[geo-bias] Field latitude response: 400
[opa-media] Field imagem_directus_id response: 400
[geo-opa] Field longitude response: 400
[vitrine-fields] Field em_membros_built response: 400
[geo-bias] Field longitude response: 400
[geo-bias] Field localizacao response: 400
[vitrine-fields] Field em_built_capital response: 400
[geo-opa] Field localizacao response: 400
[vitrine-fields] Field link_site response: 400
[vitrine-fields] Field latitude response: 400
[vitrine-fields] Field longitude response: 400
[vitrine-fields] Field foto_posicao_x response: 400
[vitrine-fields] Field foto_posicao_y response: 400
[vitrine-fields] Field logo_empresa response: 400
[vitrine-fields] Field especialidade_livre response: 400
[vitrine-fields] Field ramo_atuacao response: 400
[vitrine-fields] Field segmento response: 400
[vitrine-fields] Field area_atuacao response: 400
[vitrine-fields] Field idiomas response: 400
[categorias] Field bia_id response: 400
[transferencias_cotas] Campo anexos nao sincronizado: connect ECONNREFUSED 127.0.0.1:5433
[vitrine-fields] Field nucleos_alianca response: 400
[vitrine-fields] Field tipos_alianca response: 400
[vitrine-fields] Field codigo_etica_aceito_em response: 400
[vitrine-fields] Field codigo_etica_versao response: 400
[vitrine-fields] Field politicas_participacao_aceito_em response: 400
[vitrine-fields] Field politicas_participacao_versao response: 400
[vitrine-fields] Field vitrine_termo_aceito_em response: 400
[vitrine-fields] Field vitrine_termo_versao response: 400
[vitrine-fields] Field built_capital_termo_aceito_em response: 400
[vitrine-fields] Field built_capital_termo_versao response: 400
[vitrine-fields] Field area_aliancas_termo_aceito_em response: 400
[vitrine-fields] Field area_aliancas_termo_versao response: 400
Internal Server Error: Error: connect ECONNREFUSED 127.0.0.1:5433
    at C:\Users\ESPC\Documents\New project 2\node_modules\pg-pool\index.js:45:11
    at process.processTicksAndRejections (node:internal/process/task_queues:95:5)
    at async PGStore._asyncQuery (C:\Users\ESPC\Documents\New project 2\node_modules\connect-pg-simple\index.js:322:21)
    at async PGStore._rawEnsureSessionStoreTable (C:\Users\ESPC\Documents\New project 2\node_modules\connect-pg-simple\index.js:177:19)
    at async PGStore._asyncQuery (C:\Users\ESPC\Documents\New project 2\node_modules\connect-pg-simple\index.js:315:7) {
  errno: -4078,
  code: 'ECONNREFUSED',
  syscall: 'connect',
  address: '127.0.0.1',
  port: 5433
}
Internal Server Error: Error: connect ECONNREFUSED 127.0.0.1:5433
    at C:\Users\ESPC\Documents\New project 2\node_modules\pg-pool\index.js:45:11
    at process.processTicksAndRejections (node:internal/process/task_queues:95:5)
    at async PGStore._asyncQuery (C:\Users\ESPC\Documents\New project 2\node_modules\connect-pg-simple\index.js:322:21)
    at async PGStore._rawEnsureSessionStoreTable (C:\Users\ESPC\Documents\New project 2\node_modules\connect-pg-simple\index.js:177:19)
    at async PGStore._asyncQuery (C:\Users\ESPC\Documents\New project 2\node_modules\connect-pg-simple\index.js:315:7) {
  errno: -4078,
  code: 'ECONNREFUSED',
  syscall: 'connect',
  address: '127.0.0.1',
  port: 5433
}
Browserslist: browsers data (caniuse-lite) is 8 months old. Please run:
  npx update-browserslist-db@latest
  Why you should do it regularly: https://github.com/browserslist/update-db#readme

A PostCSS plugin did not pass the `from` option to `postcss.parse`. This may cause imported assets to be incorrectly transformed. If you've recently added a PostCSS plugin that raised this warning, please contact the package author to fix the issue.
[cron] reminder job error: Error: connect ECONNREFUSED 127.0.0.1:5433
    at C:\Users\ESPC\Documents\New project 2\node_modules\pg-pool\index.js:45:11
    at process.processTicksAndRejections (node:internal/process/task_queues:95:5)
    at async <anonymous> (C:\Users\ESPC\Documents\New project 2\node_modules\src\node-postgres\session.ts:104:19)
    at async <anonymous> (C:\Users\ESPC\Documents\New project 2\server\index.ts:105:25)
    at async Timeout._onTimeout (C:\Users\ESPC\Documents\New project 2\node_modules\node-cron\src\scheduler\runner.ts:100:30) {
  errno: -4078,
  code: 'ECONNREFUSED',
  syscall: 'connect',
  address: '127.0.0.1',
  port: 5433
}
[login] local auth error: connect ECONNREFUSED 127.0.0.1:5433
[login] local user lookup error: connect ECONNREFUSED 127.0.0.1:5433
Internal Server Error: Error: connect ECONNREFUSED 127.0.0.1:5433
    at C:\Users\ESPC\Documents\New project 2\node_modules\pg-pool\index.js:45:11
    at process.processTicksAndRejections (node:internal/process/task_queues:95:5)
    at async PGStore._asyncQuery (C:\Users\ESPC\Documents\New project 2\node_modules\connect-pg-simple\index.js:322:21)
    at async PGStore._rawEnsureSessionStoreTable (C:\Users\ESPC\Documents\New project 2\node_modules\connect-pg-simple\index.js:177:19)
    at async PGStore._asyncQuery (C:\Users\ESPC\Documents\New project 2\node_modules\connect-pg-simple\index.js:315:7) {
  errno: -4078,
  code: 'ECONNREFUSED',
  syscall: 'connect',
  address: '127.0.0.1',
  port: 5433
}
Error: connect ECONNREFUSED 127.0.0.1:5433
    at C:\Users\ESPC\Documents\New project 2\node_modules\pg-pool\index.js:45:11
    at process.processTicksAndRejections (node:internal/process/task_queues:95:5)
    at async PGStore._asyncQuery (C:\Users\ESPC\Documents\New project 2\node_modules\connect-pg-simple\index.js:322:21)
    at async PGStore._rawEnsureSessionStoreTable (C:\Users\ESPC\Documents\New project 2\node_modules\connect-pg-simple\index.js:177:19)
    at async PGStore._asyncQuery (C:\Users\ESPC\Documents\New project 2\node_modules\connect-pg-simple\index.js:315:7)
Internal Server Error: Error: connect ECONNREFUSED 127.0.0.1:5433
    at C:\Users\ESPC\Documents\New project 2\node_modules\pg-pool\index.js:45:11
    at process.processTicksAndRejections (node:internal/process/task_queues:95:5)
    at async PGStore._asyncQuery (C:\Users\ESPC\Documents\New project 2\node_modules\connect-pg-simple\index.js:322:21)
    at async PGStore._rawEnsureSessionStoreTable (C:\Users\ESPC\Documents\New project 2\node_modules\connect-pg-simple\index.js:177:19)
    at async PGStore._asyncQuery (C:\Users\ESPC\Documents\New project 2\node_modules\connect-pg-simple\index.js:315:7) {
  errno: -4078,
  code: 'ECONNREFUSED',
  syscall: 'connect',
  address: '127.0.0.1',
  port: 5433
}
Internal Server Error: Error: connect ECONNREFUSED 127.0.0.1:5433
    at C:\Users\ESPC\Documents\New project 2\node_modules\pg-pool\index.js:45:11
    at process.processTicksAndRejections (node:internal/process/task_queues:95:5)
    at async PGStore._asyncQuery (C:\Users\ESPC\Documents\New project 2\node_modules\connect-pg-simple\index.js:322:21)
    at async PGStore._rawEnsureSessionStoreTable (C:\Users\ESPC\Documents\New project 2\node_modules\connect-pg-simple\index.js:177:19)
    at async PGStore._asyncQuery (C:\Users\ESPC\Documents\New project 2\node_modules\connect-pg-simple\index.js:315:7) {
  errno: -4078,
  code: 'ECONNREFUSED',
  syscall: 'connect',
  address: '127.0.0.1',
  port: 5433
}
Internal Server Error: Error: connect ECONNREFUSED 127.0.0.1:5433
    at C:\Users\ESPC\Documents\New project 2\node_modules\pg-pool\index.js:45:11
    at process.processTicksAndRejections (node:internal/process/task_queues:95:5)
    at async PGStore._asyncQuery (C:\Users\ESPC\Documents\New project 2\node_modules\connect-pg-simple\index.js:322:21)
    at async PGStore._rawEnsureSessionStoreTable (C:\Users\ESPC\Documents\New project 2\node_modules\connect-pg-simple\index.js:177:19)
    at async PGStore._asyncQuery (C:\Users\ESPC\Documents\New project 2\node_modules\connect-pg-simple\index.js:315:7) {
  errno: -4078,
  code: 'ECONNREFUSED',
  syscall: 'connect',
  address: '127.0.0.1',
  port: 5433
}
Internal Server Error: Error: connect ECONNREFUSED 127.0.0.1:5433
    at C:\Users\ESPC\Documents\New project 2\node_modules\pg-pool\index.js:45:11
    at process.processTicksAndRejections (node:internal/process/task_queues:95:5)
    at async PGStore._asyncQuery (C:\Users\ESPC\Documents\New project 2\node_modules\connect-pg-simple\index.js:322:21)
    at async PGStore._rawEnsureSessionStoreTable (C:\Users\ESPC\Documents\New project 2\node_modules\connect-pg-simple\index.js:177:19)
    at async PGStore._asyncQuery (C:\Users\ESPC\Documents\New project 2\node_modules\connect-pg-simple\index.js:315:7) {
  errno: -4078,
  code: 'ECONNREFUSED',
  syscall: 'connect',
  address: '127.0.0.1',
  port: 5433
}
Internal Server Error: Error: connect ECONNREFUSED 127.0.0.1:5433
    at C:\Users\ESPC\Documents\New project 2\node_modules\pg-pool\index.js:45:11
    at process.processTicksAndRejections (node:internal/process/task_queues:95:5)
    at async PGStore._asyncQuery (C:\Users\ESPC\Documents\New project 2\node_modules\connect-pg-simple\index.js:322:21)
    at async PGStore._rawEnsureSessionStoreTable (C:\Users\ESPC\Documents\New project 2\node_modules\connect-pg-simple\index.js:177:19)
    at async PGStore._asyncQuery (C:\Users\ESPC\Documents\New project 2\node_modules\connect-pg-simple\index.js:315:7) {
  errno: -4078,
  code: 'ECONNREFUSED',
  syscall: 'connect',
  address: '127.0.0.1',
  port: 5433
}
Internal Server Error: Error: connect ECONNREFUSED 127.0.0.1:5433
    at C:\Users\ESPC\Documents\New project 2\node_modules\pg-pool\index.js:45:11
    at process.processTicksAndRejections (node:internal/process/task_queues:95:5)
    at async PGStore._asyncQuery (C:\Users\ESPC\Documents\New project 2\node_modules\connect-pg-simple\index.js:322:21)
    at async PGStore._rawEnsureSessionStoreTable (C:\Users\ESPC\Documents\New project 2\node_modules\connect-pg-simple\index.js:177:19)
    at async PGStore._asyncQuery (C:\Users\ESPC\Documents\New project 2\node_modules\connect-pg-simple\index.js:315:7) {
  errno: -4078,
  code: 'ECONNREFUSED',
  syscall: 'connect',
  address: '127.0.0.1',
  port: 5433
}
Internal Server Error: Error: connect ECONNREFUSED 127.0.0.1:5433
    at C:\Users\ESPC\Documents\New project 2\node_modules\pg-pool\index.js:45:11
    at process.processTicksAndRejections (node:internal/process/task_queues:95:5)
    at async PGStore._asyncQuery (C:\Users\ESPC\Documents\New project 2\node_modules\connect-pg-simple\index.js:322:21)
    at async PGStore._rawEnsureSessionStoreTable (C:\Users\ESPC\Documents\New project 2\node_modules\connect-pg-simple\index.js:177:19)
    at async PGStore._asyncQuery (C:\Users\ESPC\Documents\New project 2\node_modules\connect-pg-simple\index.js:315:7) {
  errno: -4078,
  code: 'ECONNREFUSED',
  syscall: 'connect',
  address: '127.0.0.1',
  port: 5433
}
Failed to prune sessions: Error: connect ECONNREFUSED 127.0.0.1:5433
    at C:\Users\ESPC\Documents\New project 2\node_modules\pg-pool\index.js:45:11
    at process.processTicksAndRejections (node:internal/process/task_queues:95:5)
    at async PGStore._asyncQuery (C:\Users\ESPC\Documents\New project 2\node_modules\connect-pg-simple\index.js:322:21)
    at async PGStore._rawEnsureSessionStoreTable (C:\Users\ESPC\Documents\New project 2\node_modules\connect-pg-simple\index.js:177:19)
    at async PGStore._asyncQuery (C:\Users\ESPC\Documents\New project 2\node_modules\connect-pg-simple\index.js:315:7) {
  errno: -4078,
  code: 'ECONNREFUSED',
  syscall: 'connect',
  address: '127.0.0.1',
  port: 5433
}
Internal Server Error: Error: connect ECONNREFUSED 127.0.0.1:5433
    at C:\Users\ESPC\Documents\New project 2\node_modules\pg-pool\index.js:45:11
    at process.processTicksAndRejections (node:internal/process/task_queues:95:5)
    at async PGStore._asyncQuery (C:\Users\ESPC\Documents\New project 2\node_modules\connect-pg-simple\index.js:322:21)
    at async PGStore._rawEnsureSessionStoreTable (C:\Users\ESPC\Documents\New project 2\node_modules\connect-pg-simple\index.js:177:19)
    at async PGStore._asyncQuery (C:\Users\ESPC\Documents\New project 2\node_modules\connect-pg-simple\index.js:315:7) {
  errno: -4078,
  code: 'ECONNREFUSED',
  syscall: 'connect',
  address: '127.0.0.1',
  port: 5433
}
Internal Server Error: Error: connect ECONNREFUSED 127.0.0.1:5433
    at C:\Users\ESPC\Documents\New project 2\node_modules\pg-pool\index.js:45:11
    at process.processTicksAndRejections (node:internal/process/task_queues:95:5)
    at async PGStore._asyncQuery (C:\Users\ESPC\Documents\New project 2\node_modules\connect-pg-simple\index.js:322:21)
    at async PGStore._rawEnsureSessionStoreTable (C:\Users\ESPC\Documents\New project 2\node_modules\connect-pg-simple\index.js:177:19)
    at async PGStore._asyncQuery (C:\Users\ESPC\Documents\New project 2\node_modules\connect-pg-simple\index.js:315:7) {
  errno: -4078,
  code: 'ECONNREFUSED',
  syscall: 'connect',
  address: '127.0.0.1',
  port: 5433
}
Internal Server Error: Error: connect ECONNREFUSED 127.0.0.1:5433
    at C:\Users\ESPC\Documents\New project 2\node_modules\pg-pool\index.js:45:11
    at process.processTicksAndRejections (node:internal/process/task_queues:95:5)
    at async PGStore._asyncQuery (C:\Users\ESPC\Documents\New project 2\node_modules\connect-pg-simple\index.js:322:21)
    at async PGStore._rawEnsureSessionStoreTable (C:\Users\ESPC\Documents\New project 2\node_modules\connect-pg-simple\index.js:177:19)
    at async PGStore._asyncQuery (C:\Users\ESPC\Documents\New project 2\node_modules\connect-pg-simple\index.js:315:7) {
  errno: -4078,
  code: 'ECONNREFUSED',
  syscall: 'connect',
  address: '127.0.0.1',
  port: 5433
}
Internal Server Error: Error: connect ECONNREFUSED 127.0.0.1:5433
    at C:\Users\ESPC\Documents\New project 2\node_modules\pg-pool\index.js:45:11
    at process.processTicksAndRejections (node:internal/process/task_queues:95:5)
    at async PGStore._asyncQuery (C:\Users\ESPC\Documents\New project 2\node_modules\connect-pg-simple\index.js:322:21)
    at async PGStore._rawEnsureSessionStoreTable (C:\Users\ESPC\Documents\New project 2\node_modules\connect-pg-simple\index.js:177:19)
    at async PGStore._asyncQuery (C:\Users\ESPC\Documents\New project 2\node_modules\connect-pg-simple\index.js:315:7) {
  errno: -4078,
  code: 'ECONNREFUSED',
  syscall: 'connect',
  address: '127.0.0.1',
  port: 5433
}
Internal Server Error: Error: connect ECONNREFUSED 127.0.0.1:5433
    at C:\Users\ESPC\Documents\New project 2\node_modules\pg-pool\index.js:45:11
    at process.processTicksAndRejections (node:internal/process/task_queues:95:5)
    at async PGStore._asyncQuery (C:\Users\ESPC\Documents\New project 2\node_modules\connect-pg-simple\index.js:322:21)
    at async PGStore._rawEnsureSessionStoreTable (C:\Users\ESPC\Documents\New project 2\node_modules\connect-pg-simple\index.js:177:19)
    at async PGStore._asyncQuery (C:\Users\ESPC\Documents\New project 2\node_modules\connect-pg-simple\index.js:315:7) {
  errno: -4078,
  code: 'ECONNREFUSED',
  syscall: 'connect',
  address: '127.0.0.1',
  port: 5433
}
Internal Server Error: Error: connect ECONNREFUSED 127.0.0.1:5433
    at C:\Users\ESPC\Documents\New project 2\node_modules\pg-pool\index.js:45:11
    at process.processTicksAndRejections (node:internal/process/task_queues:95:5)
    at async PGStore._asyncQuery (C:\Users\ESPC\Documents\New project 2\node_modules\connect-pg-simple\index.js:322:21)
    at async PGStore._rawEnsureSessionStoreTable (C:\Users\ESPC\Documents\New project 2\node_modules\connect-pg-simple\index.js:177:19)
    at async PGStore._asyncQuery (C:\Users\ESPC\Documents\New project 2\node_modules\connect-pg-simple\index.js:315:7) {
  errno: -4078,
  code: 'ECONNREFUSED',
  syscall: 'connect',
  address: '127.0.0.1',
  port: 5433
}
Internal Server Error: Error: connect ECONNREFUSED 127.0.0.1:5433
    at C:\Users\ESPC\Documents\New project 2\node_modules\pg-pool\index.js:45:11
    at process.processTicksAndRejections (node:internal/process/task_queues:95:5)
    at async PGStore._asyncQuery (C:\Users\ESPC\Documents\New project 2\node_modules\connect-pg-simple\index.js:322:21)
    at async PGStore._rawEnsureSessionStoreTable (C:\Users\ESPC\Documents\New project 2\node_modules\connect-pg-simple\index.js:177:19)
    at async PGStore._asyncQuery (C:\Users\ESPC\Documents\New project 2\node_modules\connect-pg-simple\index.js:315:7) {
  errno: -4078,
  code: 'ECONNREFUSED',
  syscall: 'connect',
  address: '127.0.0.1',
  port: 5433
}
Internal Server Error: Error: connect ECONNREFUSED 127.0.0.1:5433
    at C:\Users\ESPC\Documents\New project 2\node_modules\pg-pool\index.js:45:11
    at process.processTicksAndRejections (node:internal/process/task_queues:95:5)
    at async PGStore._asyncQuery (C:\Users\ESPC\Documents\New project 2\node_modules\connect-pg-simple\index.js:322:21)
    at async PGStore._rawEnsureSessionStoreTable (C:\Users\ESPC\Documents\New project 2\node_modules\connect-pg-simple\index.js:177:19)
    at async PGStore._asyncQuery (C:\Users\ESPC\Documents\New project 2\node_modules\connect-pg-simple\index.js:315:7) {
  errno: -4078,
  code: 'ECONNREFUSED',
  syscall: 'connect',
  address: '127.0.0.1',
  port: 5433
}
Internal Server Error: Error: connect ECONNREFUSED 127.0.0.1:5433
    at C:\Users\ESPC\Documents\New project 2\node_modules\pg-pool\index.js:45:11
    at process.processTicksAndRejections (node:internal/process/task_queues:95:5)
    at async PGStore._asyncQuery (C:\Users\ESPC\Documents\New project 2\node_modules\connect-pg-simple\index.js:322:21)
    at async PGStore._rawEnsureSessionStoreTable (C:\Users\ESPC\Documents\New project 2\node_modules\connect-pg-simple\index.js:177:19)
    at async PGStore._asyncQuery (C:\Users\ESPC\Documents\New project 2\node_modules\connect-pg-simple\index.js:315:7) {
  errno: -4078,
  code: 'ECONNREFUSED',
  syscall: 'connect',
  address: '127.0.0.1',
  port: 5433
}
Internal Server Error: Error: connect ECONNREFUSED 127.0.0.1:5433
    at C:\Users\ESPC\Documents\New project 2\node_modules\pg-pool\index.js:45:11
    at process.processTicksAndRejections (node:internal/process/task_queues:95:5)
    at async PGStore._asyncQuery (C:\Users\ESPC\Documents\New project 2\node_modules\connect-pg-simple\index.js:322:21)
    at async PGStore._rawEnsureSessionStoreTable (C:\Users\ESPC\Documents\New project 2\node_modules\connect-pg-simple\index.js:177:19)
    at async PGStore._asyncQuery (C:\Users\ESPC\Documents\New project 2\node_modules\connect-pg-simple\index.js:315:7) {
  errno: -4078,
  code: 'ECONNREFUSED',
  syscall: 'connect',
  address: '127.0.0.1',
  port: 5433
}
Internal Server Error: Error: connect ECONNREFUSED 127.0.0.1:5433
    at C:\Users\ESPC\Documents\New project 2\node_modules\pg-pool\index.js:45:11
    at process.processTicksAndRejections (node:internal/process/task_queues:95:5)
    at async PGStore._asyncQuery (C:\Users\ESPC\Documents\New project 2\node_modules\connect-pg-simple\index.js:322:21)
    at async PGStore._rawEnsureSessionStoreTable (C:\Users\ESPC\Documents\New project 2\node_modules\connect-pg-simple\index.js:177:19)
    at async PGStore._asyncQuery (C:\Users\ESPC\Documents\New project 2\node_modules\connect-pg-simple\index.js:315:7) {
  errno: -4078,
  code: 'ECONNREFUSED',
  syscall: 'connect',
  address: '127.0.0.1',
  port: 5433
}
Internal Server Error: Error: connect ECONNREFUSED 127.0.0.1:5433
    at C:\Users\ESPC\Documents\New project 2\node_modules\pg-pool\index.js:45:11
    at process.processTicksAndRejections (node:internal/process/task_queues:95:5)
    at async PGStore._asyncQuery (C:\Users\ESPC\Documents\New project 2\node_modules\connect-pg-simple\index.js:322:21)
    at async PGStore._rawEnsureSessionStoreTable (C:\Users\ESPC\Documents\New project 2\node_modules\connect-pg-simple\index.js:177:19)
    at async PGStore._asyncQuery (C:\Users\ESPC\Documents\New project 2\node_modules\connect-pg-simple\index.js:315:7) {
  errno: -4078,
  code: 'ECONNREFUSED',
  syscall: 'connect',
  address: '127.0.0.1',
  port: 5433
}
